150036
11831
76 42 119 0
75 41 119 14
75 42 119 10
75 41 120 14
75 41 121 10
74 42 121 14
74 43 120 14
73 43 120 10
74 44 120 14
75 44 120 10
74 44 121 14
73 44 122 14
73 45 122 10
73 44 121 14
74 45 121 14
75 45 120 14
75 44 119 14
75 45 118 14
75 46 119 14
75 47 118 14
76 46 118 14
77 46 118 10
77 45 119 14
77 46 120 14
76 45 120 14
76 45 119 10
75 45 119 10
74 45 120 14
73 45 120 10
72 45 120 10
71 45 121 14
71 44 121 10
70 44 122 14
70 44 121 10
70 45 120 14
71 44 120 14
71 45 119 14
70 46 119 14
69 46 120 14
68 46 119 14
67 46 119 10
67 45 119 10
67 45 118 10
66 45 119 14
66 45 120 10
65 46 120 14
64 46 121 14
63 46 122 14
64 47 122 14
65 46 122 14
66 46 123 14
65 46 123 10
65 47 123 10
66 48 123 14
66 48 124 10
67 47 124 14
68 46 124 14
69 45 124 14
69 44 125 14
69 44 126 10
68 44 127 14
67 44 126 14
66 44 125 14
65 43 125 14
65 42 126 14
65 41 125 14
64 41 125 10
63 40 125 14
62 40 125 10
62 39 124 14
62 40 124 10
61 40 124 10
61 41 125 14
60 40 125 14
60 41 125 10
59 40 125 14
60 40 124 14
59 40 123 14
60 40 123 10
60 39 124 14
61 39 124 10
60 39 125 14
60 38 124 14
60 38 125 10
61 39 125 14
62 39 125 10
63 38 125 14
64 37 125 14
64 37 124 10
63 38 124 14
64 38 123 14
64 37 122 14
63 37 123 14
63 36 124 14
63 36 125 10
63 37 126 14
62 37 125 14
62 38 124 14
62 38 125 10
61 38 126 14
60 38 126 10
61 38 125 14
62 38 126 14
63 39 126 14
64 39 125 14
63 39 125 10
62 39 126 14
62 40 126 10
62 39 127 14
63 40 127 14
62 40 127 10
61 40 126 14
61 39 126 10
61 39 127 10
60 39 127 10
60 40 128 14
61 40 128 10
61 41 128 10
62 41 129 14
61 40 129 14
61 39 129 10
62 40 129 14
62 41 130 14
62 42 130 10
63 43 130 14
63 44 129 14
62 44 129 10
61 44 128 14
60 44 128 10
59 44 128 10
59 45 128 10
60 45 129 14
59 45 130 14
59 45 131 10
60 45 130 14
61 45 131 14
61 44 131 10
60 43 131 14
60 43 130 10
61 42 130 14
60 42 130 10
61 42 131 14
61 42 132 10
62 42 132 10
63 42 131 14
63 41 131 10
63 40 132 14
62 41 132 14
62 40 133 14
61 40 133 10
61 41 133 10
61 41 134 10
62 41 134 10
62 42 133 14
63 41 133 14
63 42 133 10
64 42 132 14
64 43 133 14
64 44 134 14
65 43 134 14
65 42 133 14
65 41 132 14
66 41 131 14
65 42 131 14
65 43 132 14
64 43 132 10
64 42 133 14
64 42 134 10
65 42 134 10
65 42 135 10
64 41 135 14
63 41 136 14
64 41 137 14
65 42 137 14
65 41 136 14
66 42 136 14
67 42 135 14
67 41 134 14
67 40 133 14
68 41 133 14
69 40 133 14
70 39 133 14
70 38 134 14
69 38 134 10
70 38 133 14
71 38 132 14
71 37 132 10
72 37 133 14
72 37 134 10
73 37 135 14
73 38 135 10
73 37 134 14
74 36 134 14
74 37 135 14
74 38 135 10
74 38 134 10
75 39 134 14
75 38 135 14
74 38 136 14
74 39 136 10
73 39 136 10
73 38 137 14
73 37 137 10
73 36 137 10
73 35 138 14
73 36 138 10
72 36 138 10
72 36 137 10
71 36 137 10
71 37 136 14
70 36 136 14
69 35 136 14
68 35 137 14
68 36 136 14
68 35 136 10
69 35 137 14
69 35 138 10
70 35 138 10
69 34 138 14
68 34 138 10
68 33 139 14
68 34 139 10
68 34 140 10
68 35 139 14
68 35 138 10
68 36 138 10
69 36 138 10
69 35 139 14
69 34 139 10
69 33 140 14
69 34 140 10
70 33 140 14
71 34 140 14
71 35 139 14
72 34 139 14
72 33 140 14
71 33 140 10
71 33 141 10
70 33 142 14
70 33 143 10
70 34 144 14
70 34 143 10
70 34 142 10
71 34 142 10
72 33 142 14
72 32 143 14
71 32 144 14
71 31 143 14
72 31 142 14
71 31 142 10
70 31 142 10
69 32 142 14
70 32 142 10
70 32 141 10
71 32 142 14
71 33 143 14
72 33 144 14
72 34 143 14
73 33 143 14
73 32 144 14
73 31 144 10
73 31 143 10
74 32 143 14
73 32 142 14
73 32 143 10
73 31 142 14
72 30 142 14
72 31 141 14
73 32 141 14
74 31 141 14
75 32 141 14
75 31 141 10
75 32 142 14
75 33 143 14
76 33 143 10
77 32 143 14
77 33 144 14
78 33 145 14
78 33 144 10
77 33 143 14
78 32 143 14
78 33 143 10
78 34 144 14
77 34 143 14
76 35 143 14
76 35 144 10
76 34 143 14
75 34 142 14
75 34 141 10
74 33 141 14
74 34 141 10
73 35 141 14
73 35 142 10
73 36 141 14
73 37 141 10
73 36 142 14
73 37 142 10
73 38 143 14
73 38 144 10
72 38 143 14
72 39 144 14
72 39 143 10
72 38 144 14
71 38 143 14
71 38 142 10
71 39 141 14
70 38 141 14
71 38 141 10
70 38 142 14
70 38 143 10
69 37 143 14
69 38 143 10
70 38 144 14
70 38 145 10
69 38 146 14
69 37 145 14
69 38 145 10
69 37 146 14
68 37 146 10
67 37 147 14
67 38 147 10
67 37 148 14
68 36 148 14
68 35 147 14
68 36 146 14
69 36 147 14
69 35 148 14
70 36 148 14
71 37 148 14
71 37 147 10
71 38 147 10
72 37 147 14
72 36 147 10
71 36 147 10
72 36 148 14
72 35 147 14
72 35 146 10
72 36 146 10
71 35 146 14
71 35 145 10
71 34 144 14
72 34 145 14
71 34 145 10
70 34 145 10
69 33 145 14
70 32 145 14
70 32 144 10
69 32 143 14
69 31 142 14
68 31 143 14
67 31 144 14
67 30 143 14
67 31 142 14
67 30 141 14
67 29 140 14
67 29 141 10
66 30 141 14
67 31 141 14
67 32 142 14
67 33 141 14
67 34 142 14
67 35 143 14
67 36 143 10
67 35 144 14
68 36 144 14
67 37 144 14
67 36 144 10
66 35 144 14
65 35 145 14
65 35 146 10
64 35 147 14
64 34 148 14
64 33 147 14
64 34 146 14
63 34 145 14
62 33 145 14
61 33 146 14
62 33 147 14
62 34 147 10
62 34 148 10
63 34 149 14
62 35 149 14
61 35 149 10
62 35 148 14
62 36 149 14
62 37 150 14
62 36 150 10
62 37 151 14
61 37 150 14
61 36 150 10
62 35 150 14
61 35 150 10
61 36 151 14
60 37 151 14
61 38 151 14
60 38 152 14
60 39 153 14
59 40 153 14
59 41 152 14
59 42 151 14
58 42 151 10
59 42 152 14
58 43 152 14
59 43 153 14
59 43 152 10
58 44 152 14
59 44 153 14
58 44 154 14
57 43 154 14
56 43 154 10
55 42 154 14
56 42 155 14
56 42 154 10
56 41 155 14
56 41 156 10
56 40 156 10
57 40 156 10
58 40 157 14
58 41 158 14
57 41 159 14
57 42 160 14
56 41 160 14
57 41 160 10
57 40 160 10
57 40 161 10
56 39 161 14
55 38 161 14
54 38 160 14
54 39 160 10
53 39 160 10
52 39 161 14
51 38 161 14
51 37 161 10
50 37 160 14
50 37 161 10
49 37 160 14
48 37 159 14
47 37 160 14
48 36 160 14
49 36 160 10
50 36 159 14
49 37 159 14
49 38 160 14
49 38 161 10
50 38 160 14
50 39 161 14
51 40 161 14
51 39 162 14
50 39 162 10
49 39 162 10
48 38 162 14
48 37 161 14
48 38 160 14
47 38 160 10
47 38 159 10
46 38 160 14
46 38 161 10
47 39 161 14
48 39 161 10
48 40 162 14
49 40 163 14
49 39 164 14
49 40 165 14
48 40 166 14
47 40 166 10
48 39 166 14
47 39 166 10
46 40 166 14
46 39 167 14
47 39 168 14
47 38 169 14
48 39 169 14
49 38 169 14
49 37 168 14
50 36 168 14
49 36 167 14
48 37 167 14
48 37 166 10
48 36 167 14
47 36 167 10
47 37 167 10
46 37 166 14
47 37 165 14
47 38 164 14
47 39 163 14
48 39 163 10
47 39 164 14
47 40 165 14
48 39 165 14
48 38 166 14
49 38 165 14
50 37 165 14
50 38 166 14
50 37 166 10
51 36 166 14
52 37 166 14
52 38 165 14
53 38 165 10
54 37 165 14
53 37 165 10
52 37 164 14
53 37 164 10
53 37 163 10
53 36 162 14
52 36 162 10
52 36 161 10
51 36 160 14
51 35 160 10
50 34 160 14
50 35 161 14
49 35 162 14
49 35 161 10
49 36 161 10
50 36 162 14
51 36 161 14
52 37 161 14
51 37 162 14
51 38 163 14
52 38 163 10
52 37 163 10
53 38 163 14
54 38 163 10
54 37 164 14
54 36 163 14
54 35 163 10
54 35 162 10
54 34 163 14
55 34 163 10
55 33 162 14
54 32 162 14
55 32 161 14
55 32 160 10
55 33 160 10
55 34 159 14
54 34 160 14
53 34 161 14
53 35 162 14
52 35 163 14
52 36 163 10
51 37 163 14
51 38 162 14
52 38 162 10
53 38 161 14
54 38 161 10
53 39 161 14
53 38 160 14
53 37 159 14
53 37 160 10
54 37 161 14
53 37 162 14
53 38 162 10
53 39 162 10
54 39 161 14
54 39 162 10
53 40 162 14
53 41 163 14
52 41 163 10
51 41 162 14
51 42 162 10
52 43 162 14
51 43 162 10
51 42 163 14
50 41 163 14
49 42 163 14
49 41 162 14
50 41 162 10
49 41 163 14
49 40 164 14
48 39 164 14
47 40 164 14
46 41 164 14
46 42 163 14
45 43 163 14
44 43 164 14
44 42 163 14
44 43 162 14
44 42 162 10
45 43 162 14
45 44 161 14
44 44 162 14
44 45 161 14
45 45 162 14
46 45 162 10
45 46 162 14
44 46 162 10
43 47 162 14
42 47 163 14
43 46 163 14
43 45 162 14
44 45 162 10
43 46 162 14
42 46 163 14
42 45 163 10
42 46 162 14
42 46 161 10
42 45 162 14
43 45 163 14
43 44 162 14
43 43 163 14
42 42 163 14
41 42 164 14
42 43 164 14
43 44 164 14
44 44 163 14
45 44 164 14
46 44 164 10
46 44 165 10
47 45 165 14
47 45 166 10
47 46 166 10
48 45 166 14
49 45 167 14
49 44 166 14
50 44 166 10
51 44 167 14
50 44 168 14
49 43 168 14
49 44 168 10
49 44 169 10
50 43 169 14
49 43 170 14
48 44 170 14
48 45 171 14
47 45 172 14
46 45 171 14
46 46 170 14
46 46 169 10
45 46 170 14
44 46 169 14
44 45 170 14
44 45 171 10
44 44 170 14
43 44 171 14
42 45 171 14
42 44 171 10
41 44 172 14
42 44 172 10
42 43 171 14
42 43 172 10
42 43 173 10
41 44 173 14
41 45 172 14
40 45 172 10
40 46 173 14
41 46 174 14
42 46 174 10
41 47 174 14
40 47 173 14
41 47 173 10
41 48 174 14
42 48 173 14
43 48 172 14
43 49 171 14
42 49 171 10
42 49 170 10
42 50 170 10
42 51 169 14
43 51 168 14
43 50 167 14
43 49 166 14
42 49 165 14
42 50 166 14
42 51 167 14
41 51 168 14
41 50 169 14
41 50 170 10
40 50 171 14
39 50 170 14
38 50 170 10
37 51 170 14
36 51 169 14
35 51 170 14
34 51 169 14
33 52 169 14
32 52 170 14
32 51 170 10
33 52 170 14
33 51 169 14
34 51 168 14
33 50 168 14
34 50 167 14
35 50 166 14
35 51 166 10
35 52 167 14
36 53 167 14
36 54 168 14
35 54 167 14
36 54 166 14
37 54 167 14
37 55 166 14
36 55 165 14
36 56 166 14
36 57 165 14
36 57 164 10
35 56 164 14
36 56 165 14
35 56 165 10
34 56 165 10
35 55 165 14
35 55 166 10
36 55 166 10
37 55 165 14
37 54 164 14
37 55 164 10
36 55 164 10
36 55 163 10
37 55 163 10
36 54 163 14
36 53 163 10
37 54 163 14
36 54 162 14
35 54 161 14
36 55 161 14
37 55 160 14
36 54 160 14
36 53 161 14
36 53 160 10
35 53 160 10
35 52 161 14
36 52 162 14
35 51 162 14
36 51 163 14
37 51 162 14
38 51 161 14
37 51 160 14
36 52 160 14
36 51 159 14
36 51 158 10
36 52 159 14
35 51 159 14
35 52 159 10
36 53 159 14
36 53 158 10
37 53 157 14
38 53 157 10
39 53 158 14
40 53 159 14
39 53 159 10
39 54 160 14
38 55 160 14
39 56 160 14
38 56 159 14
38 55 159 10
38 56 158 14
38 55 158 10
37 55 158 10
37 54 157 14
38 54 158 14
38 55 157 14
38 56 157 10
39 55 157 14
39 56 156 14
39 56 157 10
38 56 156 14
37 57 156 14
37 58 156 10
38 57 156 14
39 57 155 14
39 57 156 10
40 56 156 14
41 55 156 14
41 55 157 10
42 56 157 14
43 56 156 14
43 56 155 10
44 56 156 14
43 55 156 14
42 56 156 14
42 57 156 10
42 58 156 10
42 59 155 14
42 58 155 10
43 58 156 14
43 59 156 10
43 60 156 10
43 60 157 10
44 60 158 14
43 61 158 14
43 62 158 10
43 63 159 14
43 64 158 14
43 65 158 10
42 65 159 14
42 64 160 14
42 63 159 14
41 64 159 14
40 64 160 14
41 64 161 14
41 63 161 10
42 63 162 14
43 63 162 10
43 63 161 10
44 63 160 14
45 63 160 10
44 63 159 14
44 63 158 10
44 63 157 10
45 63 158 14
46 63 157 14
46 62 157 10
45 62 156 14
45 63 156 10
45 63 157 10
46 63 158 14
45 63 159 14
45 62 158 14
46 62 159 14
46 62 158 10
46 61 157 14
47 61 156 14
47 61 157 10
47 60 157 10
46 60 157 10
46 61 158 14
47 62 158 14
48 62 159 14
48 62 158 10
48 61 157 14
47 62 157 14
48 62 156 14
48 63 156 10
48 63 157 10
47 64 157 14
47 63 158 14
47 63 159 10
47 63 160 10
46 64 160 14
45 64 159 14
44 64 159 10
44 64 158 10
45 64 157 14
45 65 156 14
46 65 156 10
46 65 157 10
45 65 158 14
44 65 158 10
43 65 157 14
43 66 156 14
42 67 156 14
43 67 155 14
42 66 155 14
42 65 155 10
42 64 154 14
42 65 154 10
42 66 154 10
42 67 154 10
42 67 153 10
43 67 153 10
43 68 153 10
42 68 152 14
41 68 153 14
41 68 152 10
42 68 151 14
41 68 151 10
40 68 150 14
39 67 150 14
38 67 151 14
38 66 151 10
37 66 152 14
37 67 151 14
36 67 150 14
36 67 149 10
35 67 150 14
35 68 150 10
35 67 151 14
35 66 151 10
35 65 152 14
35 66 153 14
36 67 153 14
37 66 153 14
37 67 154 14
37 68 153 14
37 68 154 10
36 68 155 14
36 67 155 10
37 68 155 14
38 69 155 14
39 68 155 14
39 69 155 10
39 68 154 14
40 69 154 14
40 69 153 10
40 70 153 10
41 69 153 14
41 70 153 10
41 69 152 14
40 70 152 14
41 70 151 14
41 70 150 10
42 70 150 10
42 70 151 10
41 69 151 14
42 69 152 14
43 68 152 14
42 68 153 14
42 67 152 14
43 67 152 10
44 67 152 10
44 67 151 10
45 67 150 14
46 68 150 14
46 68 149 10
45 68 149 10
45 69 149 10
45 69 150 10
44 69 150 10
43 69 151 14
43 69 152 10
43 68 151 14
42 67 151 14
41 67 150 14
42 67 149 14
42 68 148 14
41 67 148 14
42 67 147 14
42 67 148 10
43 66 148 14
42 66 149 14
42 67 150 14
42 68 149 14
43 69 149 14
44 68 149 14
44 67 149 10
44 66 150 14
44 65 150 10
44 66 151 14
44 67 150 14
44 68 151 14
45 67 151 14
45 68 151 10
46 69 151 14
47 68 151 14
48 69 151 14
47 69 150 14
47 69 151 10
48 70 151 14
49 71 151 14
48 71 151 10
47 70 151 14
47 71 150 14
47 72 150 10
46 72 150 10
45 72 150 10
45 73 150 10
46 74 150 14
46 75 149 14
45 75 148 14
45 76 148 10
45 76 149 10
46 76 150 14
46 75 151 14
46 75 152 10
46 75 153 10
45 75 154 14
45 76 154 10
44 75 154 14
43 74 154 14
42 74 154 10
42 75 155 14
41 74 155 14
41 75 156 14
40 76 156 14
41 76 157 14
42 77 157 14
43 77 156 14
43 76 157 14
43 76 156 10
43 77 155 14
43 76 155 10
44 75 155 14
43 74 155 14
43 74 156 10
43 75 157 14
44 75 158 14
45 74 158 14
46 74 157 14
46 74 158 10
45 74 159 14
45 73 158 14
46 72 158 14
46 72 157 10
45 72 156 14
44 73 156 14
44 74 156 10
45 74 155 14
46 73 155 14
47 73 156 14
48 74 156 14
49 73 156 14
50 72 156 14
51 72 155 14
51 72 154 10
51 72 153 10
51 71 154 14
50 71 155 14
50 70 155 10
50 69 156 14
51 68 156 14
52 68 156 10
51 69 156 14
51 69 155 10
50 69 154 14
50 68 154 10
50 69 155 14
49 70 155 14
48 70 156 14
48 71 157 14
49 71 157 10
50 71 157 10
50 72 158 14
50 71 158 10
51 71 158 10
52 70 158 14
51 69 158 14
50 69 159 14
50 68 159 10
50 67 159 10
49 66 159 14
49 67 160 14
48 67 161 14
48 66 162 14
47 66 162 10
47 65 162 10
46 65 162 10
46 66 162 10
46 66 161 10
45 66 160 14
44 66 159 14
45 66 159 10
46 67 159 14
46 66 158 14
45 66 157 14
45 67 157 10
45 68 158 14
44 69 158 14
44 68 158 10
44 68 159 10
43 67 159 14
42 68 159 14
43 68 160 14
43 68 161 10
42 68 161 10
43 67 161 14
44 67 160 14
44 66 161 14
44 66 160 10
45 65 160 14
44 65 160 10
43 65 161 14
43 65 160 10
43 66 160 10
43 66 159 10
43 66 158 10
42 65 158 14
43 65 159 14
43 64 160 14
42 64 161 14
42 65 161 10
41 65 161 10
42 65 162 14
43 66 162 14
42 67 162 14
41 67 161 14
40 67 161 10
40 68 162 14
39 68 163 14
39 67 162 14
38 67 161 14
37 67 162 14
38 68 162 14
38 69 161 14
39 70 161 14
40 70 162 14
41 70 163 14
41 71 162 14
41 70 161 14
41 70 160 10
41 70 159 10
40 69 159 14
40 70 159 10
39 69 159 14
39 69 158 10
40 69 157 14
41 70 157 14
41 71 156 14
42 70 156 14
43 70 155 14
43 69 154 14
42 69 154 10
43 69 153 14
44 68 153 14
44 68 154 10
45 68 153 14
45 69 154 14
46 68 154 14
45 67 154 14
46 66 154 14
47 65 154 14
46 64 154 14
46 63 154 10
45 62 154 14
45 61 153 14
44 61 153 10
44 62 154 14
43 61 154 14
43 61 155 10
44 62 155 14
44 63 155 10
45 63 154 14
45 63 153 10
44 63 153 10
44 62 152 14
45 62 151 14
45 61 151 10
46 62 151 14
47 62 152 14
47 61 151 14
47 60 150 14
47 59 151 14
46 59 151 10
46 59 150 10
47 58 150 14
47 59 149 14
47 58 149 10
48 58 150 14
48 59 149 14
47 60 149 14
47 59 150 14
47 60 151 14
47 60 152 10
47 59 152 10
48 59 152 10
48 60 153 14
49 60 152 14
50 61 152 14
51 61 152 10
51 62 151 14
52 62 150 14
53 62 151 14
52 63 151 14
52 64 151 10
51 64 152 14
50 64 152 10
49 64 153 14
49 65 154 14
49 65 155 10
50 66 155 14
50 67 155 10
50 68 155 10
49 67 155 14
49 67 154 10
49 66 155 14
49 66 154 10
50 65 154 14
51 66 154 14
51 67 154 10
51 66 155 14
50 66 156 14
50 65 156 10
50 64 157 14
51 65 157 14
51 65 158 10
51 66 157 14
51 67 158 14
52 68 158 14
52 68 157 10
51 69 157 14
50 69 157 10
49 70 157 14
48 70 158 14
49 71 158 14
49 72 157 14
50 73 157 14
50 74 158 14
50 74 157 10
50 73 158 14
49 72 158 14
48 72 158 10
48 73 159 14
47 73 160 14
46 73 160 10
46 72 161 14
46 71 162 14
47 71 163 14
47 72 162 14
47 73 163 14
46 74 163 14
46 75 164 14
45 76 164 14
46 76 164 10
45 75 164 14
45 75 163 10
46 75 162 14
45 76 162 14
45 77 162 10
46 77 162 10
46 77 163 10
47 77 164 14
47 78 163 14
48 78 162 14
48 79 163 14
47 79 163 10
47 80 164 14
46 79 164 14
45 78 164 14
45 78 163 10
45 79 164 14
44 79 165 14
44 78 165 10
45 78 166 14
44 77 166 14
43 77 166 10
43 77 167 10
44 78 167 14
44 79 168 14
45 79 169 14
46 78 169 14
47 78 170 14
47 78 169 10
48 78 170 14
48 79 170 10
47 79 169 14
48 80 169 14
47 80 168 14
47 79 167 14
47 78 166 14
48 78 167 14
48 79 166 14
48 79 165 10
49 78 165 14
48 78 166 14
48 78 165 10
47 78 165 10
47 79 164 14
47 80 165 14
48 80 164 14
47 80 163 14
47 81 164 14
48 81 165 14
49 81 165 10
49 80 166 14
50 80 167 14
50 81 168 14
50 82 167 14
50 81 167 10
51 81 168 14
52 81 169 14
52 80 168 14
53 81 168 14
54 81 169 14
55 81 170 14
55 82 170 10
54 83 170 14
54 84 169 14
55 84 170 14
55 83 169 14
55 84 168 14
55 84 169 10
54 83 169 14
55 83 168 14
55 84 167 14
55 85 166 14
55 84 165 14
56 84 166 14
57 85 166 14
56 85 166 10
56 84 167 14
55 83 167 14
56 83 166 14
56 83 165 10
57 82 165 14
56 82 165 10
57 81 165 14
57 82 166 14
58 81 166 14
58 82 167 14
58 83 166 14
58 84 167 14
58 83 168 14
59 82 168 14
60 81 168 14
61 81 167 14
62 81 168 14
62 81 169 10
62 80 168 14
61 80 168 10
61 81 169 14
62 82 169 14
62 83 170 14
63 83 169 14
63 82 168 14
63 83 168 10
64 84 168 14
65 83 168 14
66 82 168 14
65 82 169 14
66 82 170 14
65 82 171 14
65 83 171 10
65 82 172 14
64 81 172 14
63 81 173 14
64 82 173 14
65 82 174 14
65 82 173 10
64 83 173 14
64 82 172 14
63 82 172 10
63 82 173 10
63 83 174 14
63 84 174 10
64 83 174 14
63 83 173 14
62 83 172 14
62 84 171 14
62 84 170 10
62 83 169 14
61 83 168 14
61 82 167 14
60 82 168 14
59 83 168 14
59 84 169 14
60 84 170 14
60 83 170 10
60 82 170 10
60 81 171 14
61 81 170 14
62 81 170 10
63 82 170 14
63 83 171 14
62 82 171 14
61 82 172 14
62 81 172 14
61 81 172 10
61 80 171 14
61 79 170 14
62 79 171 14
63 79 172 14
63 79 173 10
62 79 174 14
61 80 174 14
62 80 175 14
62 80 174 10
63 80 174 10
64 80 174 10
65 80 175 14
65 81 176 14
65 82 175 14
66 82 175 10
66 81 175 10
66 81 176 10
67 80 176 14
67 81 176 10
67 80 175 14
67 79 175 10
66 79 175 10
65 79 174 14
64 79 174 10
64 78 175 14
65 79 175 14
66 78 175 14
66 77 176 14
66 77 175 10
67 77 174 14
68 78 174 14
69 78 175 14
68 79 175 14
69 79 174 14
70 79 173 14
71 79 174 14
71 80 173 14
70 80 174 14
69 80 175 14
69 81 174 14
69 82 175 14
70 82 174 14
69 83 174 14
69 82 173 14
69 81 173 10
70 81 173 10
70 80 172 14
69 81 172 14
68 81 171 14
68 80 171 10
67 79 171 14
66 80 171 14
67 80 170 14
67 79 170 10
68 79 171 14
68 78 170 14
67 78 171 14
67 77 172 14
67 78 173 14
67 79 173 10
66 80 173 14
67 81 173 14
68 81 174 14
67 80 174 14
66 81 174 14
65 81 173 14
66 81 172 14
65 81 171 14
64 81 170 14
64 82 169 14
63 81 169 14
63 81 170 10
64 82 170 14
64 81 171 14
63 81 171 10
62 80 171 14
61 80 170 14
60 80 171 14
60 79 172 14
60 80 172 10
59 81 172 14
59 82 172 10
60 81 172 14
60 80 173 14
60 80 174 10
61 80 173 14
61 79 172 14
61 78 171 14
60 77 171 14
60 78 172 14
60 77 172 10
59 77 173 14
58 76 173 14
59 75 173 14
60 75 174 14
61 75 173 14
62 75 174 14
63 75 174 10
64 75 174 10
64 75 175 10
64 74 175 10
64 73 175 10
63 73 176 14
63 72 175 14
64 72 175 10
63 72 174 14
62 72 175 14
62 73 176 14
61 72 176 14
60 72 175 14
59 72 175 10
58 73 175 14
57 73 176 14
56 72 176 14
55 73 176 14
56 73 177 14
56 74 177 10
55 74 178 14
55 73 178 10
54 73 178 10
54 72 177 14
54 73 176 14
55 74 176 14
55 75 176 10
54 75 175 14
55 76 175 14
55 75 174 14
55 75 175 10
56 76 175 14
57 76 174 14
56 75 174 14
57 74 174 14
57 73 174 10
56 72 174 14
57 72 175 14
58 72 174 14
58 71 174 10
59 71 175 14
59 72 174 14
59 73 173 14
59 74 172 14
60 74 172 10
60 75 171 14
60 76 170 14
60 77 169 14
61 77 168 14
60 78 168 14
59 77 168 14
59 76 167 14
59 76 166 10
59 75 167 14
58 75 168 14
58 76 167 14
58 77 166 14
59 77 165 14
60 77 166 14
60 77 165 10
60 78 165 10
61 77 165 14
62 76 165 14
62 75 165 10
62 75 164 10
62 76 163 14
63 76 162 14
64 76 161 14
64 76 160 10
65 76 161 14
66 75 161 14
67 75 161 10
66 75 162 14
65 74 162 14
65 75 163 14
64 74 163 14
64 73 164 14
65 73 164 10
66 74 164 14
67 74 164 10
67 75 163 14
68 76 163 14
69 75 163 14
69 76 163 10
68 76 164 14
67 77 164 14
66 77 164 10
67 78 164 14
66 79 164 14
67 79 163 14
68 80 163 14
68 79 162 14
69 78 162 14
70 79 162 14
69 79 162 10
68 79 163 14
67 79 164 14
67 80 165 14
68 80 166 14
69 80 167 14
69 80 166 10
70 80 166 10
70 81 167 14
69 81 166 14
68 82 166 14
68 83 167 14
67 83 166 14
68 84 166 14
67 84 165 14
66 84 166 14
66 84 167 10
66 85 168 14
66 86 168 10
66 86 169 10
67 86 168 14
67 85 168 10
67 84 167 14
66 83 167 14
67 83 168 14
67 82 168 10
67 82 169 10
66 82 169 10
65 82 170 14
66 82 171 14
66 83 172 14
67 83 173 14
68 84 173 14
68 85 173 10
68 86 174 14
69 85 174 14
68 85 174 10
68 84 175 14
68 83 176 14
69 83 177 14
70 82 177 14
71 83 177 14
70 83 177 10
70 84 176 14
69 84 176 10
69 83 176 10
70 83 175 14
71 83 175 10
71 83 176 10
71 84 177 14
70 84 178 14
70 84 177 10
70 83 176 14
69 82 176 14
69 81 176 10
69 81 175 10
69 80 174 14
68 80 175 14
69 79 175 14
70 79 176 14
71 79 177 14
70 79 178 14
69 79 178 10
68 80 178 14
68 79 178 10
67 78 178 14
67 79 178 10
68 78 178 14
67 78 179 14
66 78 178 14
66 79 179 14
66 79 180 10
65 78 180 14
64 78 179 14
63 77 179 14
64 77 179 10
63 78 179 14
63 79 180 14
64 79 179 14
65 79 178 14
65 78 179 14
66 77 179 14
65 77 180 14
64 77 181 14
63 77 182 14
63 78 182 10
64 78 183 14
64 78 184 10
65 79 184 14
66 79 184 10
67 80 184 14
67 80 185 10
67 79 184 14
66 80 184 14
66 79 185 14
66 78 185 10
65 78 186 14
64 77 186 14
63 77 187 14
62 77 186 14
63 77 186 10
62 76 186 14
62 75 185 14
62 74 186 14
63 75 186 14
64 75 187 14
64 75 186 10
65 74 186 14
64 73 186 14
64 74 185 14
65 74 185 10
64 74 186 14
63 73 186 14
64 72 186 14
65 73 186 14
66 73 185 14
66 73 186 10
67 74 186 14
66 75 186 14
66 76 185 14
66 77 186 14
67 78 186 14
68 78 187 14
69 78 188 14
70 78 188 10
70 77 187 14
69 76 187 14
70 76 187 10
69 76 186 14
69 76 185 10
69 75 185 10
70 75 185 10
70 74 184 14
69 74 183 14
68 73 183 14
69 73 183 10
70 74 183 14
69 74 182 14
68 74 183 14
67 74 184 14
67 73 185 14
67 73 186 10
67 74 185 14
68 73 185 14
69 74 185 14
70 74 185 10
69 74 186 14
69 73 186 10
68 74 186 14
68 73 187 14
68 72 187 10
68 72 186 10
68 71 186 10
69 71 187 14
70 71 186 14
70 72 185 14
70 73 185 10
70 73 186 10
69 72 186 14
69 71 185 14
69 71 186 10
69 72 185 14
70 71 185 14
71 72 185 14
71 71 184 14
71 70 185 14
71 71 185 10
72 72 185 14
72 72 184 10
72 71 183 14
72 72 183 10
72 71 184 14
73 71 184 10
73 70 185 14
73 69 185 10
73 69 186 10
73 69 187 10
73 68 188 14
73 68 187 10
73 67 186 14
73 66 186 10
74 67 186 14
75 67 187 14
76 68 187 14
77 69 187 14
77 70 188 14
76 71 188 14
76 71 189 10
75 70 189 14
75 70 190 10
74 70 191 14
74 71 191 10
74 70 192 14
73 70 192 10
73 70 193 10
74 70 194 14
74 71 193 14
75 71 192 14
76 71 193 14
76 70 193 10
77 70 193 10
78 69 193 14
77 69 193 10
77 68 194 14
77 68 193 10
77 67 193 10
76 66 193 14
76 66 192 10
76 65 192 10
75 65 191 14
76 65 190 14
77 65 189 14
78 65 189 10
78 65 188 10
79 64 188 14
78 64 188 10
78 63 187 14
77 63 186 14
78 62 186 14
78 62 187 10
79 62 188 14
80 62 188 10
79 62 189 14
78 62 188 14
77 61 188 14
76 61 188 10
76 60 188 10
76 61 189 14
77 60 189 14
77 59 190 14
78 60 190 14
77 60 190 10
76 61 190 14
76 61 191 10
76 62 190 14
75 62 190 10
76 62 191 14
76 63 192 14
76 64 191 14
76 63 190 14
76 64 189 14
75 64 190 14
75 65 190 10
76 66 190 14
77 65 190 14
77 66 190 10
77 67 190 10
77 68 190 10
77 69 191 14
76 68 191 14
75 68 191 10
76 67 191 14
76 66 191 10
77 66 192 14
76 67 192 14
75 66 192 14
74 67 192 14
75 67 193 14
74 66 193 14
74 67 193 10
74 68 193 10
75 68 194 14
74 67 194 14
73 67 194 10
73 66 194 10
73 65 195 14
72 65 195 10
73 64 195 14
72 64 194 14
71 64 195 14
70 63 195 14
70 62 195 10
70 61 195 10
71 61 194 14
70 62 194 14
69 62 195 14
69 62 196 10
70 61 196 14
69 60 196 14
69 61 197 14
70 60 197 14
69 60 198 14
69 61 199 14
69 62 198 14
70 63 198 14
71 64 198 14
71 64 197 10
71 65 196 14
71 66 195 14
71 67 196 14
70 67 197 14
70 68 196 14
69 68 196 10
70 67 196 14
70 66 196 10
70 67 195 14
70 66 194 14
70 65 195 14
69 64 195 14
68 64 196 14
69 64 196 10
68 64 197 14
69 64 198 14
68 64 199 14
68 64 198 10
67 64 198 10
67 63 197 14
66 62 197 14
65 62 196 14
65 63 196 10
66 64 196 14
66 65 195 14
65 66 195 14
65 67 194 14
64 68 194 14
65 68 195 14
65 67 196 14
65 67 197 10
64 67 197 10
65 67 198 14
66 67 199 14
66 67 198 10
67 66 198 14
68 65 198 14
68 66 198 10
68 67 199 14
67 67 199 10
67 67 198 10
67 68 197 14
68 68 197 10
68 68 198 10
68 68 199 10
69 67 199 14
69 66 198 14
68 66 199 14
69 65 199 14
70 66 199 14
70 66 198 10
70 65 198 10
71 65 197 14
71 66 197 10
71 66 198 10
72 66 198 10
72 67 198 10
72 67 197 10
71 67 198 14
70 68 198 14
69 68 199 14
69 69 200 14
69 70 200 10
70 70 201 14
71 70 201 10
71 69 202 14
71 70 203 14
71 69 204 14
70 70 204 14
71 71 204 14
70 71 204 10
71 71 205 14
70 71 206 14
71 71 206 10
71 72 207 14
71 71 208 14
70 72 208 14
70 71 208 10
69 72 208 14
68 72 209 14
69 72 209 10
69 71 209 10
69 70 209 10
68 70 208 14
67 70 207 14
66 70 207 10
66 69 206 14
65 69 207 14
64 70 207 14
64 71 208 14
65 71 208 10
66 71 208 10
66 72 209 14
66 71 210 14
66 70 210 10
65 70 210 10
65 71 211 14
64 72 211 14
64 72 212 10
64 72 213 10
63 72 213 10
63 72 214 10
62 72 214 10
62 72 213 10
61 73 213 14
62 74 213 14
62 75 213 10
61 75 214 14
61 74 214 10
60 74 215 14
59 74 216 14
60 75 216 14
61 75 216 10
61 75 217 10
60 75 218 14
59 75 218 10
58 75 217 14
57 74 217 14
56 73 217 14
55 72 217 14
55 71 216 14
56 70 216 14
55 70 217 14
54 70 216 14
53 70 216 10
52 71 216 14
53 72 216 14
53 72 215 10
52 72 215 10
52 73 214 14
51 74 214 14
50 74 214 10
50 75 213 14
50 75 212 10
51 75 213 14
51 75 214 10
52 75 214 10
51 76 214 14
50 76 214 10
50 76 215 10
49 76 215 10
49 77 214 14
49 77 213 10
48 77 212 14
48 76 212 10
48 75 212 10
47 76 212 14
46 76 212 10
45 76 213 14
44 77 213 14
44 76 213 10
43 77 213 14
43 76 212 14
43 76 213 10
43 75 214 14
43 75 215 10
42 76 215 14
42 76 216 10
42 76 217 10
42 77 218 14
42 76 219 14
42 75 220 14
43 75 220 10
43 74 221 14
42 74 221 10
41 74 221 10
41 73 222 14
41 74 223 14
41 75 224 14
41 74 224 10
41 73 223 14
41 74 222 14
41 75 223 14
41 76 222 14
41 77 223 14
41 76 223 10
42 76 223 10
42 77 223 10
43 77 223 10
42 77 224 14
43 76 224 14
43 75 223 14
44 76 223 14
44 76 224 10
45 76 223 14
45 75 223 10
45 76 222 14
46 76 223 14
46 77 223 10
45 77 224 14
44 77 224 10
44 78 223 14
44 78 224 10
43 78 223 14
43 79 223 10
44 80 223 14
44 79 222 14
44 80 221 14
43 79 221 14
44 78 221 14
44 79 220 14
44 80 220 10
44 81 221 14
44 81 220 10
43 82 220 14
42 82 220 10
42 81 219 14
43 81 219 10
44 81 219 10
44 82 218 14
44 83 219 14
44 84 218 14
44 84 219 10
45 85 219 14
46 86 219 14
46 87 220 14
45 87 220 10
44 87 219 14
44 86 220 14
44 85 221 14
44 85 222 10
45 84 222 14
46 83 222 14
46 84 223 14
45 83 223 14
44 84 223 14
43 84 224 14
44 83 224 14
43 83 223 14
42 83 223 10
43 82 223 14
43 82 222 10
43 81 222 10
42 82 222 14
41 82 222 10
40 82 222 10
41 82 221 14
41 83 222 14
41 84 222 10
42 84 221 14
42 85 221 10
42 86 222 14
42 87 222 10
41 87 223 14
41 88 224 14
42 88 223 14
42 89 224 14
43 89 223 14
43 88 222 14
44 88 222 10
45 88 223 14
44 88 224 14
43 87 224 14
43 88 224 10
43 88 223 10
44 88 223 10
45 88 224 14
46 88 223 14
46 89 222 14
47 89 222 10
48 89 221 14
47 89 220 14
46 89 220 10
46 89 221 10
45 90 221 14
46 91 221 14
47 91 222 14
48 91 222 10
48 92 222 10
48 93 222 10
49 93 222 10
48 93 223 14
49 93 223 10
50 92 223 14
51 93 223 14
52 93 224 14
53 94 224 14
54 94 223 14
53 94 223 10
52 94 223 10
52 94 222 10
53 94 222 10
53 93 222 10
53 92 221 14
53 92 220 10
54 91 220 14
54 92 221 14
53 93 221 14
53 94 220 14
53 94 221 10
54 94 220 14
53 94 219 14
52 94 219 10
52 94 218 10
51 94 219 14
52 94 220 14
52 93 219 14
51 93 218 14
52 93 217 14
53 93 216 14
53 92 215 14
53 92 216 10
54 92 215 14
54 91 214 14
54 92 214 10
53 91 214 14
52 91 215 14
52 90 215 10
51 89 215 14
52 88 215 14
52 87 214 14
52 88 214 10
52 89 214 10
53 89 214 10
53 88 215 14
54 89 215 14
54 88 215 10
53 88 214 14
54 89 214 14
55 89 214 10
56 90 214 14
57 89 214 14
56 89 213 14
56 88 212 14
57 88 213 14
57 88 212 10
57 87 213 14
58 87 213 10
59 87 212 14
60 87 212 10
60 88 213 14
60 88 212 10
60 87 213 14
61 88 213 14
61 87 213 10
61 87 212 10
61 86 213 14
62 86 213 10
63 86 213 10
63 87 214 14
64 87 213 14
64 88 213 10
65 87 213 14
66 87 212 14
67 87 211 14
67 86 212 14
66 86 212 10
67 87 212 14
68 88 212 14
67 88 211 14
67 88 212 10
68 88 213 14
68 87 214 14
68 87 215 10
68 86 215 10
68 86 214 10
67 85 214 14
68 85 213 14
69 85 213 10
68 84 213 14
68 85 214 14
67 85 215 14
68 85 215 10
69 85 216 14
69 84 216 10
69 83 215 14
70 84 215 14
70 83 215 10
70 82 215 10
71 82 214 14
72 82 214 10
71 82 213 14
70 82 212 14
69 82 213 14
70 81 213 14
70 82 214 14
70 83 213 14
71 83 212 14
71 83 211 10
70 83 212 14
71 83 213 14
70 82 213 14
69 82 212 14
69 83 211 14
69 82 210 14
69 83 209 14
68 83 210 14
68 82 211 14
68 81 211 10
68 80 211 10
68 80 210 10
69 79 210 14
69 80 209 14
70 79 209 14
71 80 209 14
72 80 209 10
71 80 210 14
70 79 210 14
71 78 210 14
72 79 210 14
72 78 209 14
73 78 210 14
73 77 210 10
72 76 210 14
73 76 210 10
72 76 209 14
72 77 210 14
71 77 211 14
72 77 211 10
72 76 212 14
72 75 213 14
72 74 213 10
73 74 212 14
73 74 211 10
73 73 212 14
73 72 211 14
74 73 211 14
74 72 210 14
73 72 210 10
74 71 210 14
73 70 210 14
73 71 211 14
74 71 211 10
75 71 212 14
76 71 213 14
76 72 213 10
75 73 213 14
75 72 213 10
76 73 213 14
77 73 214 14
76 74 214 14
77 74 215 14
77 75 216 14
76 75 216 10
77 75 215 14
76 74 215 14
76 75 215 10
76 74 216 14
76 74 217 10
76 73 218 14
77 73 219 14
78 73 218 14
78 72 219 14
79 72 219 10
78 72 218 14
79 71 218 14
79 70 219 14
80 70 218 14
81 69 218 14
81 68 218 10
80 68 217 14
79 68 217 10
79 69 218 14
80 69 217 14
81 69 217 10
82 69 216 14
82 68 215 14
82 67 216 14
82 68 216 10
81 69 216 14
81 70 217 14
80 70 217 10
79 70 218 14
79 71 219 14
79 72 218 14
80 73 218 14
80 72 218 10
81 72 219 14
81 73 219 10
80 74 219 14
79 75 219 14
79 75 220 10
79 76 220 10
78 75 220 14
77 75 219 14
77 74 219 10
76 74 218 14
76 75 218 10
75 75 218 10
74 75 217 14
74 74 217 10
75 75 217 14
75 75 216 10
75 74 215 14
74 73 215 14
73 72 215 14
73 72 214 10
73 71 213 14
73 72 213 10
72 73 213 14
72 72 212 14
72 72 213 10
71 72 213 10
70 72 213 10
69 72 213 10
68 73 213 14
68 72 214 14
67 73 214 14
68 73 215 14
69 73 216 14
69 72 216 10
68 73 216 14
67 73 216 10
67 74 216 10
66 74 216 10
66 73 216 10
67 73 215 14
68 74 215 14
67 74 214 14
66 74 213 14
65 75 213 14
65 75 214 10
65 76 213 14
65 77 212 14
66 77 213 14
66 77 214 10
67 77 215 14
67 76 215 10
67 75 215 10
66 76 215 14
66 77 216 14
66 76 217 14
65 76 216 14
65 75 217 14
65 75 216 10
66 75 216 10
66 75 217 10
67 75 216 14
68 75 217 14
69 75 216 14
69 74 216 10
69 74 217 10
69 74 218 10
69 75 217 14
69 75 218 10
69 76 219 14
68 76 219 10
68 77 220 14
68 78 221 14
69 77 221 14
69 77 220 10
68 76 220 14
69 75 220 14
69 74 219 14
69 73 218 14
68 74 218 14
68 75 218 10
69 76 218 14
69 77 219 14
69 78 220 14
69 78 219 10
69 79 220 14
69 78 221 14
70 78 222 14
71 79 222 14
71 78 221 14
71 77 221 10
70 77 222 14
70 77 221 10
70 77 220 10
71 76 220 14
71 75 221 14
72 75 221 10
73 76 221 14
73 75 221 10
74 75 220 14
75 74 220 14
75 73 221 14
75 72 221 10
75 73 220 14
75 74 221 14
76 73 221 14
75 73 222 14
76 73 223 14
75 73 224 14
74 73 223 14
75 72 223 14
74 72 224 14
75 72 224 10
74 72 223 14
73 72 223 10
72 72 224 14
71 73 224 14
70 73 223 14
69 73 222 14
70 72 222 14
69 72 221 14
69 71 221 10
68 71 222 14
69 71 223 14
69 72 224 14
68 73 224 14
68 74 223 14
68 75 223 10
67 75 222 14
67 76 223 14
67 75 224 14
66 76 224 14
66 75 223 14
65 75 224 14
64 75 223 14
64 76 224 14
63 76 223 14
63 75 224 14
62 76 224 14
62 76 223 10
63 75 223 14
64 75 222 14
65 75 223 14
64 74 223 14
63 74 222 14
62 74 221 14
62 73 220 14
62 74 220 10
62 75 219 14
62 74 218 14
61 73 218 14
60 73 217 14
59 72 217 14
58 73 217 14
57 73 216 14
58 74 216 14
59 74 215 14
59 73 214 14
58 73 215 14
57 72 215 14
56 72 216 14
55 73 216 14
55 72 215 14
54 72 214 14
53 73 214 14
53 74 213 14
53 74 214 10
53 74 215 10
52 74 214 14
51 74 213 14
52 74 213 10
53 73 213 14
52 72 213 14
51 72 213 10
50 72 213 10
50 73 213 10
49 72 213 14
49 72 212 10
49 73 211 14
49 72 211 10
48 73 211 14
48 74 212 14
47 74 213 14
48 74 214 14
49 74 215 14
49 73 216 14
49 73 215 10
48 72 215 14
49 72 214 14
48 72 214 10
49 73 214 14
48 73 214 10
47 73 215 14
47 74 216 14
47 75 215 14
47 76 215 10
47 77 215 10
47 77 216 10
48 77 215 14
48 78 214 14
48 78 215 10
47 78 216 14
47 79 216 10
48 79 217 14
48 79 216 10
47 79 217 14
46 79 218 14
46 80 219 14
47 80 219 10
46 80 218 14
46 81 217 14
47 80 217 14
48 80 218 14
47 80 218 10
46 81 218 14
47 81 219 14
48 82 219 14
47 82 219 10
47 81 218 14
47 82 217 14
48 81 217 14
47 81 217 10
47 82 218 14
46 82 218 10
46 83 217 14
46 83 218 10
45 83 219 14
44 83 220 14
45 84 220 14
45 84 221 10
46 84 221 10
46 85 221 10
47 85 221 10
48 86 221 14
48 87 221 10
49 87 222 14
50 87 222 10
50 88 222 10
49 89 222 14
48 90 222 14
49 90 222 10
49 91 222 10
49 90 223 14
49 90 224 10
48 90 224 10
48 89 224 10
47 90 224 14
48 91 224 14
47 91 223 14
48 90 223 14
48 89 222 14
47 89 223 14
48 88 223 14
49 89 223 14
49 88 223 10
50 88 224 14
51 88 223 14
51 87 224 14
52 88 224 14
53 89 224 14
52 89 224 10
51 89 224 10
51 88 224 10
50 88 223 14
49 88 222 14
49 87 223 14
48 86 223 14
49 86 224 14
49 86 223 10
48 85 223 14
48 85 224 10
47 85 224 10
46 84 224 14
46 85 223 14
46 86 222 14
45 85 222 14
44 86 222 14
45 86 221 14
46 86 220 14
46 87 221 14
46 88 221 10
45 88 221 10
46 88 222 14
47 88 221 14
47 88 222 10
47 89 221 14
47 88 220 14
47 89 219 14
47 88 218 14
46 88 218 10
47 89 218 14
47 88 217 14
46 89 217 14
46 90 218 14
47 91 218 14
46 91 217 14
46 92 216 14
45 91 216 14
46 91 215 14
45 90 215 14
44 90 215 10
45 91 215 14
45 90 216 14
45 90 217 10
45 89 216 14
44 90 216 14
44 89 216 10
45 89 215 14
44 89 214 14
43 88 214 14
43 89 213 14
43 89 214 10
43 89 215 10
42 90 215 14
41 90 214 14
40 89 214 14
39 89 214 10
38 88 214 14
38 87 214 10
37 87 214 10
36 88 214 14
36 87 213 14
36 88 212 14
36 88 211 10
36 87 210 14
35 87 211 14
34 87 210 14
33 86 210 14
33 86 209 10
33 87 208 14
34 87 209 14
33 87 209 10
32 87 210 14
32 88 211 14
33 88 212 14
34 87 212 14
33 87 212 10
33 86 213 14
33 86 212 10
32 86 211 14
31 86 210 14
31 86 211 10
31 85 210 14
32 85 209 14
33 85 208 14
33 84 207 14
34 84 206 14
34 85 207 14
33 85 206 14
34 85 205 14
33 85 205 10
32 85 205 10
32 85 206 10
32 85 207 10
33 85 207 10
32 85 208 14
33 86 208 14
34 86 207 14
33 86 206 14
33 87 207 14
33 88 208 14
33 89 207 14
34 88 207 14
34 87 208 14
35 87 207 14
36 87 206 14
36 87 207 10
35 87 208 14
36 87 209 14
36 87 208 10
36 86 209 14
37 86 209 10
37 86 210 10
36 85 210 14
35 85 209 14
34 85 210 14
33 84 210 14
34 84 210 10
34 83 211 14
34 82 212 14
35 83 212 14
35 84 212 10
36 85 212 14
37 85 213 14
37 85 212 10
38 85 211 14
39 85 211 10
40 85 210 14
40 84 209 14
40 83 210 14
39 83 210 10
40 83 209 14
41 82 209 14
40 82 210 14
40 82 209 10
40 82 208 10
40 82 207 10
40 83 206 14
41 83 207 14
41 84 208 14
42 83 208 14
43 82 208 14
43 82 207 10
42 82 207 10
42 81 206 14
43 81 205 14
42 82 205 14
42 81 205 10
43 81 204 14
44 81 205 14
43 81 206 14
43 80 207 14
44 79 207 14
44 80 206 14
44 80 207 10
43 80 208 14
42 79 208 14
42 79 209 10
41 80 209 14
40 81 209 14
40 81 208 10
39 81 207 14
39 80 206 14
39 79 206 10
38 79 205 14
39 78 205 14
40 77 205 14
40 76 206 14
40 75 206 10
41 75 205 14
40 75 204 14
40 74 203 14
40 73 202 14
41 72 202 14
41 72 203 10
42 72 203 10
42 71 204 14
41 70 204 14
40 70 203 14
39 70 203 10
38 71 203 14
38 70 204 14
38 71 205 14
38 70 206 14
38 71 206 10
38 72 207 14
39 72 208 14
38 71 208 14
37 71 207 14
37 72 206 14
36 73 206 14
37 74 206 14
37 73 207 14
37 74 208 14
36 74 209 14
36 75 210 14
35 76 210 14
36 76 210 10
36 77 209 14
36 78 210 14
36 79 211 14
36 80 212 14
36 79 212 10
36 78 212 10
36 77 212 10
36 77 213 10
37 76 213 14
37 75 213 10
37 75 212 10
38 75 211 14
39 75 211 10
39 76 210 14
38 75 210 14
37 74 210 14
36 74 210 10
36 75 209 14
35 76 209 14
34 77 209 14
33 77 208 14
32 76 208 14
32 77 209 14
33 77 210 14
32 78 210 14
32 77 211 14
31 77 211 10
31 76 211 10
31 75 212 14
31 74 212 10
30 74 211 14
31 75 211 14
32 75 212 14
33 74 212 14
33 74 213 10
32 75 213 14
33 76 213 14
33 77 213 10
32 78 213 14
33 78 212 14
33 79 212 10
32 79 213 14
32 80 213 10
33 80 213 10
32 80 214 14
32 80 215 10
31 80 214 14
32 79 214 14
31 79 214 10
31 79 213 10
30 79 213 10
30 79 214 10
29 78 214 14
29 77 213 14
28 77 212 14
28 76 213 14
28 76 212 10
27 76 212 10
27 76 211 10
27 77 210 14
28 76 210 14
28 75 211 14
29 75 212 14
28 75 213 14
29 74 213 14
29 75 214 14
30 74 214 14
30 73 215 14
31 73 215 10
32 74 215 14
32 73 215 10
32 72 214 14
32 72 215 10
33 72 215 10
33 71 214 14
33 71 215 10
33 72 214 14
34 72 213 14
34 73 214 14
34 74 213 14
34 75 213 10
35 75 212 14
35 74 211 14
34 74 211 10
35 74 212 14
35 75 213 14
35 74 213 10
36 73 213 14
36 73 214 10
36 72 215 14
36 73 215 10
35 73 214 14
35 74 215 14
34 73 215 14
34 74 214 14
34 74 215 10
34 73 216 14
34 72 215 14
34 72 216 10
33 71 216 14
33 70 216 10
33 70 215 10
32 70 215 10
32 71 216 14
31 70 216 14
32 70 217 14
32 70 218 10
31 71 218 14
31 72 217 14
31 71 217 10
31 70 217 10
32 69 217 14
31 69 218 14
31 68 218 10
32 68 218 10
32 67 219 14
33 67 218 14
33 68 217 14
32 68 217 10
31 68 217 10
32 68 216 14
33 67 216 14
34 67 216 10
35 66 216 14
35 66 217 10
34 66 216 14
35 66 215 14
36 66 215 10
36 67 215 10
36 67 216 10
37 68 216 14
37 67 217 14
37 66 217 10
36 65 217 14
36 64 216 14
36 64 217 10
36 63 218 14
36 64 218 10
37 64 217 14
38 63 217 14
38 62 217 10
39 63 217 14
39 63 218 10
40 63 218 10
40 62 219 14
39 63 219 14
39 64 220 14
39 65 219 14
40 65 218 14
39 64 218 14
39 64 219 10
39 65 218 14
40 65 219 14
41 65 220 14
41 65 221 10
40 65 221 10
39 65 220 14
38 65 221 14
39 65 221 10
39 66 222 14
39 66 221 10
40 66 221 10
40 65 220 14
39 66 220 14
39 66 219 10
38 66 220 14
37 66 220 10
36 65 220 14
36 66 221 14
35 66 220 14
36 67 220 14
36 66 220 10
37 67 220 14
37 67 221 10
37 66 222 14
38 66 223 14
38 65 224 14
38 66 224 10
37 66 224 10
36 67 224 14
35 67 223 14
36 66 223 14
36 65 223 10
37 64 223 14
37 65 222 14
36 66 222 14
35 66 221 14
35 67 220 14
35 67 219 10
35 66 219 10
34 66 218 14
35 67 218 14
36 66 218 14
35 65 218 14
35 65 219 10
35 64 220 14
36 64 221 14
36 63 220 14
37 62 220 14
37 62 221 10
38 61 221 14
37 61 222 14
37 62 223 14
36 62 223 10
36 62 224 10
36 63 223 14
36 64 222 14
35 64 222 10
35 65 222 10
35 66 223 14
34 67 223 14
34 68 223 10
34 68 224 10
34 69 224 10
34 70 223 14
34 70 224 10
33 71 224 14
34 72 224 14
33 72 223 14
32 72 223 10
32 71 224 14
33 70 224 14
32 70 223 14
33 70 223 10
34 71 223 14
34 72 223 10
33 72 224 14
32 73 224 14
32 72 224 10
32 73 223 14
31 72 223 14
31 71 224 14
30 72 224 14
29 72 224 10
29 72 223 10
30 73 223 14
29 73 223 10
30 72 223 14
31 72 222 14
30 72 221 14
31 72 221 10
31 71 221 10
30 71 222 14
30 70 223 14
30 71 223 10
31 71 223 10
31 71 222 10
32 71 221 14
32 70 222 14
32 69 221 14
32 70 220 14
32 69 220 10
31 68 220 14
30 67 220 14
31 66 220 14
30 66 221 14
31 65 221 14
30 65 222 14
30 64 221 14
31 63 221 14
31 62 220 14
30 62 220 10
31 62 219 14
31 63 219 10
30 62 219 14
29 61 219 14
30 61 219 10
29 61 220 14
29 62 221 14
29 63 221 10
28 64 221 14
27 64 220 14
26 64 220 10
26 64 219 10
26 63 219 10
25 62 219 14
25 61 218 14
26 61 219 14
25 61 219 10
24 61 219 10
24 60 218 14
23 60 219 14
22 60 220 14
22 60 221 10
21 61 221 14
20 60 221 14
19 60 220 14
19 60 221 10
19 59 222 14
18 60 222 14
17 59 222 14
17 58 221 14
17 57 221 10
18 57 222 14
19 57 221 14
19 56 220 14
20 57 220 14
20 58 220 10
20 57 221 14
21 57 220 14
21 56 221 14
21 57 222 14
21 58 221 14
21 58 220 10
22 58 219 14
22 57 220 14
21 57 221 14
21 56 222 14
20 57 222 14
20 57 223 10
19 58 223 14
20 58 222 14
21 59 222 14
21 60 222 10
22 60 222 10
22 61 223 14
21 60 223 14
20 60 223 10
19 61 223 14
18 62 223 14
19 62 223 10
20 62 224 14
21 62 224 10
21 63 224 10
20 63 223 14
21 63 223 10
21 64 222 14
20 65 222 14
19 65 221 14
19 66 222 14
18 66 223 14
18 67 222 14
19 67 222 10
19 66 223 14
19 67 224 14
20 68 224 14
19 69 224 14
19 70 224 10
19 71 223 14
19 72 224 14
18 71 224 14
17 71 224 10
17 71 223 10
17 70 223 10
16 71 223 14
15 72 223 14
16 72 223 10
17 72 222 14
17 72 223 10
16 73 223 14
16 74 223 10
16 73 222 14
15 73 222 10
14 73 223 14
14 74 223 10
14 74 222 10
14 75 222 10
14 76 221 14
14 76 222 10
15 76 221 14
15 77 221 10
14 77 221 10
14 78 221 10
14 79 221 10
14 80 221 10
14 81 220 14
14 82 219 14
15 81 219 14
14 81 218 14
14 80 217 14
13 79 217 14
12 79 217 10
12 79 218 10
11 79 219 14
10 79 219 10
10 78 220 14
10 79 221 14
10 79 222 10
10 80 221 14
11 80 222 14
11 80 221 10
12 80 220 14
13 80 219 14
13 80 220 10
13 79 219 14
13 80 218 14
13 80 217 10
12 80 218 14
12 81 218 10
12 80 217 14
13 81 217 14
14 81 216 14
14 80 216 10
14 81 215 14
13 81 215 10
13 80 215 10
12 79 215 14
12 79 214 10
11 79 215 14
10 80 215 14
11 80 215 10
12 81 215 14
11 81 215 10
11 80 216 14
12 80 215 14
12 81 214 14
12 81 213 10
13 80 213 14
13 80 212 10
12 79 212 14
12 80 211 14
12 79 210 14
12 79 211 10
13 80 211 14
13 79 211 10
13 78 212 14
14 79 212 14
14 79 211 10
15 79 211 10
15 80 210 14
14 80 211 14
13 81 211 14
14 81 212 14
15 81 212 10
15 80 212 10
15 79 213 14
15 78 213 10
15 78 214 10
15 77 215 14
14 77 214 14
15 77 213 14
14 78 213 14
15 78 212 14
14 78 211 14
15 77 211 14
15 76 211 10
14 76 212 14
14 77 213 14
13 77 212 14
13 76 213 14
13 76 214 10
13 76 215 10
14 77 215 14
13 78 215 14
12 77 215 14
12 76 214 14
11 76 213 14
11 77 214 14
11 77 215 10
10 77 215 10
9 77 215 10
9 76 216 14
8 76 217 14
8 75 218 14
8 76 218 10
9 76 217 14
9 75 218 14
8 75 219 14
7 74 219 14
8 74 219 10
7 73 219 14
8 72 219 14
8 71 218 14
7 70 218 14
7 70 217 10
6 71 217 14
5 71 217 10
6 70 217 14
5 69 217 14
6 69 216 14
6 68 216 10
5 67 216 14
4 67 217 14
4 67 218 10
4 68 217 14
4 69 218 14
5 69 218 10
4 69 217 14
3 69 216 14
3 68 216 10
3 68 217 10
4 68 216 14
5 68 215 14
5 67 215 10
4 67 216 14
4 66 215 14
5 66 214 14
6 66 215 14
6 67 214 14
6 66 213 14
7 67 213 14
7 68 212 14
8 69 212 14
7 70 212 14
7 70 211 10
7 71 210 14
7 72 211 14
8 72 210 14
7 72 210 10
8 71 210 14
8 71 211 10
9 71 211 10
8 72 211 14
9 72 210 14
8 72 209 14
8 73 208 14
9 72 208 14
9 72 207 10
9 71 206 14
9 70 205 14
9 69 205 10
8 70 205 14
7 70 206 14
7 71 207 14
8 70 207 14
8 71 208 14
8 70 208 10
8 69 209 14
8 68 209 10
8 69 210 14
8 68 211 14
9 68 210 14
9 67 209 14
8 67 208 14
7 67 209 14
7 68 210 14
7 68 209 10
6 67 209 14
6 67 210 10
7 67 210 10
7 66 210 10
7 67 211 14
7 67 212 10
7 66 212 10
8 66 213 14
8 66 212 10
7 66 213 14
6 67 213 14
7 68 213 14
8 68 213 10
9 69 213 14
9 68 213 10
8 69 213 14
9 70 213 14
8 70 214 14
8 69 214 10
8 70 215 14
7 69 215 14
7 70 216 14
7 69 217 14
7 69 216 10
8 69 216 10
8 69 217 10
8 70 218 14
8 70 219 10
9 71 219 14
9 70 220 14
8 70 220 10
9 69 220 14
9 70 219 14
9 70 218 10
9 71 218 10
9 70 217 14
8 71 217 14
8 70 216 14
9 70 215 14
10 71 215 14
10 70 216 14
10 69 216 10
9 69 217 14
8 68 217 14
8 68 218 10
7 68 219 14
6 67 219 14
6 66 219 10
5 66 220 14
6 65 220 14
5 65 221 14
4 65 222 14
5 65 222 10
6 65 222 10
5 65 223 14
4 65 224 14
4 66 224 10
5 67 224 14
6 68 224 14
6 67 224 10
7 68 224 14
7 69 224 10
6 69 223 14
5 70 223 14
4 70 222 14
4 69 222 10
4 68 221 14
3 68 222 14
3 68 221 10
4 68 220 14
5 69 220 14
4 70 220 14
4 71 221 14
3 71 220 14
4 71 220 10
5 70 220 14
6 70 221 14
6 69 221 10
7 69 222 14
8 69 221 14
9 69 221 10
10 69 221 10
10 70 222 14
11 71 222 14
11 70 222 10
11 70 223 10
11 69 223 10
12 70 223 14
11 71 223 14
12 71 224 14
12 72 224 10
13 73 224 14
14 74 224 14
15 74 224 10
15 73 223 14
15 73 224 10
15 74 223 14
15 75 224 14
16 74 224 14
17 75 224 14
18 76 224 14
19 75 224 14
20 75 224 10
21 74 224 14
21 75 224 10
21 74 223 14
20 75 223 14
19 75 222 14
20 75 221 14
21 75 221 10
22 76 221 14
23 76 221 10
24 76 222 14
25 76 222 10
26 76 223 14
27 75 223 14
28 75 223 10
28 75 224 10
27 75 224 10
26 75 223 14
26 74 224 14
25 73 224 14
24 74 224 14
23 74 224 10
24 75 224 14
25 75 223 14
24 76 223 14
23 76 224 14
23 77 224 10
22 77 224 10
23 78 224 14
23 79 224 10
23 80 223 14
24 80 222 14
25 80 222 10
26 80 221 14
27 79 221 14
26 79 222 14
25 79 222 10
25 79 223 10
25 78 224 14
24 78 223 14
23 78 222 14
23 79 223 14
22 79 224 14
22 78 223 14
21 78 223 10
21 78 222 10
21 79 223 14
20 78 223 14
20 77 224 14
20 77 223 10
20 78 222 14
19 78 223 14
19 79 222 14
19 80 222 10
19 81 222 10
20 81 223 14
20 81 222 10
20 82 221 14
21 83 221 14
20 83 222 14
19 83 222 10
18 83 221 14
18 84 220 14
18 83 220 10
19 83 221 14
18 83 222 14
18 83 223 10
19 84 223 14
19 83 223 10
18 82 223 14
18 81 223 10
18 81 222 10
18 80 222 10
19 80 223 14
18 80 224 14
19 80 224 10
20 80 223 14
19 79 223 14
18 80 223 14
19 81 223 14
19 81 224 10
18 81 224 10
17 81 224 10
16 81 224 10
15 82 224 14
14 83 224 14
13 83 223 14
13 84 223 10
13 83 222 14
13 82 223 14
14 82 222 14
14 81 221 14
15 82 221 14
15 82 222 10
15 82 223 10
16 82 224 14
17 82 223 14
17 82 224 10
17 83 224 10
17 83 223 10
16 83 223 10
16 83 224 10
17 84 224 14
18 84 224 10
19 83 224 14
18 82 224 14
19 82 224 10
20 82 223 14
20 82 222 10
21 83 222 14
20 83 221 14
21 84 221 14
21 85 220 14
21 86 220 10
20 86 220 10
19 85 220 14
19 84 219 14
20 85 219 14
21 86 219 14
20 87 219 14
19 87 220 14
18 87 220 10
18 87 219 10
19 88 219 14
20 88 219 10
20 89 218 14
19 90 218 14
20 90 218 10
19 90 217 14
19 89 217 10
18 90 217 14
17 91 217 14
17 92 216 14
17 91 216 10
18 91 217 14
18 90 218 14
17 91 218 14
17 90 218 10
18 91 218 14
17 91 219 14
17 90 220 14
18 91 220 14
19 91 221 14
18 90 221 14
18 91 221 10
17 91 222 14
16 91 223 14
16 92 223 10
15 92 224 14
16 91 224 14
15 91 223 14
15 90 224 14
15 90 223 10
14 90 224 14
15 91 224 14
14 91 223 14
14 92 223 10
14 93 223 10
13 92 223 14
14 92 224 14
15 92 223 14
14 92 222 14
13 92 222 10
14 91 222 14
13 91 223 14
12 91 224 14
12 90 224 10
12 91 223 14
12 90 223 10
11 90 223 10
11 90 224 10
11 89 224 10
10 90 224 14
10 90 223 10
9 89 223 14
8 89 222 14
8 89 221 10
9 88 221 14
9 89 221 10
9 88 220 14
10 88 220 10
11 87 220 14
11 86 221 14
12 86 221 10
12 85 222 14
11 85 221 14
11 86 222 14
10 86 221 14
10 85 221 10
9 86 221 14
8 87 221 14
8 86 221 10
8 86 220 10
8 85 220 10
8 84 220 10
7 84 220 10
6 84 220 10
7 84 221 14
7 83 222 14
7 82 222 10
8 82 221 14
9 82 221 10
9 81 222 14
9 80 223 14
9 80 224 10
9 79 223 14
8 78 223 14
7 78 223 10
7 78 224 10
8 79 224 14
8 80 223 14
7 79 223 14
7 78 222 14
6 79 222 14
5 79 221 14
5 78 220 14
5 79 220 10
4 78 220 14
4 77 220 10
5 76 220 14
4 75 220 14
4 74 221 14
5 75 221 14
6 75 222 14
6 75 221 10
5 75 220 14
4 75 221 14
3 75 222 14
3 74 221 14
2 74 221 10
3 75 221 14
3 76 222 14
4 76 221 14
5 76 222 14
6 77 222 14
6 76 222 10
7 77 222 14
8 76 222 14
7 76 221 14
6 76 221 10
5 76 221 10
5 75 222 14
5 74 221 14
5 74 222 10
5 73 221 14
4 72 221 14
5 71 221 14
5 72 220 14
6 73 220 14
7 73 220 10
7 74 220 10
6 74 219 14
7 74 218 14
7 75 217 14
6 74 217 14
7 74 217 10
8 74 218 14
8 73 219 14
8 73 218 10
9 73 218 10
9 73 217 10
10 73 217 10
10 73 216 10
11 73 217 14
12 73 216 14
13 72 216 14
13 71 216 10
13 70 216 10
12 70 217 14
11 70 218 14
11 71 218 10
11 71 217 10
10 72 217 14
9 72 216 14
10 72 215 14
10 71 216 14
9 70 216 14
9 71 215 14
10 70 215 14
10 71 214 14
11 71 214 10
11 71 213 10
12 70 213 14
12 69 214 14
11 69 215 14
11 70 215 10
12 70 215 10
12 69 215 10
12 70 214 14
11 69 214 14
12 69 213 14
13 70 213 14
13 69 214 14
14 70 214 14
14 71 215 14
14 71 214 10
14 70 213 14
13 69 213 14
14 68 213 14
14 67 213 10
13 67 212 14
13 66 211 14
13 67 210 14
13 66 210 10
13 67 209 14
12 67 209 10
12 68 210 14
11 68 210 10
12 68 211 14
11 67 211 14
12 67 212 14
12 66 212 10
13 66 212 10
13 65 211 14
14 65 210 14
14 64 210 10
14 63 209 14
15 63 209 10
16 62 209 14
15 62 210 14
15 62 209 10
16 62 210 14
17 62 209 14
16 63 209 14
17 63 209 10
18 62 209 14
17 62 208 14
17 61 208 10
18 61 209 14
18 60 209 10
17 61 209 14
17 62 210 14
18 62 211 14
17 61 211 14
17 60 212 14
17 59 212 10
17 60 213 14
17 59 214 14
16 59 215 14
15 59 215 10
15 60 214 14
14 60 214 10
14 59 213 14
15 59 212 14
14 58 212 14
13 58 212 10
13 57 213 14
13 57 212 10
12 57 211 14
11 57 212 14
11 58 213 14
11 58 212 10
11 57 211 14
11 56 211 10
10 56 212 14
10 57 212 10
10 58 213 14
11 59 213 14
11 58 214 14
12 59 214 14
13 59 214 10
13 58 214 10
13 59 215 14
13 58 215 10
14 58 215 10
14 59 214 14
15 59 214 10
15 58 214 10
15 58 215 10
14 58 216 14
14 57 217 14
14 57 218 10
15 58 218 14
15 57 218 10
14 58 218 14
15 58 217 14
15 59 217 10
16 59 216 14
16 59 217 10
15 60 217 14
16 60 216 14
16 60 217 10
16 59 218 14
17 58 218 14
17 59 219 14
17 58 220 14
17 59 220 10
18 59 219 14
17 59 218 14
18 59 217 14
18 58 217 10
18 59 218 14
19 59 219 14
19 58 219 10
20 58 218 14
21 58 219 14
22 58 218 14
23 57 218 14
23 57 217 10
22 56 217 14
22 57 216 14
23 58 216 14
23 59 215 14
22 59 214 14
22 58 213 14
23 57 213 14
24 56 213 14
24 55 213 10
24 55 214 10
23 55 215 14
23 56 214 14
23 56 213 10
23 55 214 14
24 55 215 14
24 56 214 14
25 56 213 14
25 57 214 14
26 57 214 10
26 58 215 14
25 57 215 14
25 56 214 14
25 57 213 14
26 58 213 14
26 59 213 10
27 60 213 14
26 61 213 14
27 61 213 10
28 61 214 14
27 62 214 14
28 62 214 10
28 62 213 10
28 63 214 14
27 63 214 10
27 63 215 10
27 63 216 10
28 63 216 10
27 64 216 14
26 64 215 14
26 65 216 14
27 65 216 10
28 65 215 14
28 65 214 10
28 65 213 10
28 64 214 14
28 63 215 14
29 63 216 14
30 63 215 14
30 64 214 14
30 65 213 14
30 65 212 10
29 65 212 10
29 64 211 14
28 64 210 14
28 65 210 10
27 66 210 14
27 65 210 10
27 64 209 14
26 64 208 14
26 64 207 10
27 65 207 14
27 64 208 14
26 64 209 14
25 64 210 14
24 64 210 10
24 65 209 14
23 65 210 14
23 64 209 14
23 65 209 10
24 65 210 14
23 66 210 14
22 65 210 14
21 66 210 14
21 65 211 14
22 65 212 14
21 65 212 10
21 64 212 10
20 64 212 10
19 64 211 14
18 64 212 14
18 64 213 10
17 63 213 14
18 63 212 14
17 63 212 10
17 64 211 14
18 64 210 14
19 64 209 14
19 63 208 14
19 63 207 10
20 64 207 14
21 64 208 14
22 65 208 14
21 65 209 14
22 64 209 14
22 65 209 10
23 65 208 14
22 66 208 14
23 66 208 10
24 65 208 14
25 66 208 14
24 67 208 14
24 67 209 10
24 66 208 14
25 65 208 14
24 65 207 14
24 64 207 10
23 65 207 14
22 66 207 14
21 65 207 14
21 64 206 14
21 65 206 10
22 65 207 14
21 64 207 14
21 63 206 14
22 63 207 14
22 62 206 14
21 61 206 14
20 61 206 10
19 61 206 10
20 60 206 14
21 60 206 10
20 60 207 14
21 61 207 14
22 61 208 14
21 60 208 14
20 61 208 14
19 60 208 14
18 60 208 10
18 59 208 10
19 59 207 14
18 58 207 14
19 57 207 14
18 57 206 14
19 57 205 14
19 56 206 14
19 55 205 14
20 56 205 14
19 56 204 14
18 56 205 14
18 56 204 10
19 56 205 14
20 57 205 14
20 58 204 14
20 58 203 10
21 59 203 14
21 60 203 10
22 60 202 14
22 59 203 14
21 59 202 14
21 60 201 14
20 60 201 10
20 61 200 14
19 61 199 14
19 60 199 10
18 60 198 14
19 60 198 10
19 61 197 14
19 60 197 10
20 60 197 10
19 59 197 14
18 60 197 14
18 61 197 10
18 62 198 14
18 61 198 10
17 61 198 10
16 62 198 14
15 62 199 14
16 61 199 14
15 61 198 14
16 60 198 14
15 60 197 14
15 59 196 14
14 59 197 14
15 59 198 14
15 59 199 10
16 59 199 10
17 60 199 14
17 60 198 10
16 60 199 14
15 60 198 14
15 61 199 14
14 61 199 10
15 60 199 14
14 60 198 14
13 61 198 14
13 62 198 10
13 63 199 14
14 63 200 14
13 63 200 10
14 63 201 14
14 64 201 10
14 64 202 10
13 64 201 14
13 64 200 10
13 65 201 14
13 66 202 14
13 65 202 10
13 64 202 10
12 64 203 14
12 65 204 14
11 66 204 14
12 66 205 14
13 66 204 14
12 67 204 14
12 66 203 14
11 66 202 14
12 65 202 14
12 65 201 10
11 64 201 14
10 64 202 14
9 64 201 14
9 63 202 14
10 62 202 14
10 61 201 14
11 62 201 14
11 61 200 14
12 60 200 14
12 60 199 10
13 61 199 14
14 62 199 14
14 62 200 10
13 62 201 14
13 61 201 10
12 61 202 14
11 62 202 14
10 62 203 14
10 61 204 14
11 61 203 14
11 61 202 10
11 62 203 14
12 62 204 14
13 62 205 14
12 63 205 14
12 62 206 14
12 63 207 14
11 63 206 14
12 63 206 10
13 62 206 14
12 61 206 14
12 61 205 10
13 61 205 10
14 62 205 14
14 62 204 10
13 63 204 14
13 64 205 14
12 64 204 14
13 64 204 10
14 63 204 14
15 63 205 14
14 64 205 14
14 65 204 14
15 65 204 10
15 66 205 14
16 66 204 14
16 67 203 14
16 67 204 10
15 67 203 14
14 67 203 10
13 68 203 14
13 68 204 10
13 67 204 10
14 66 204 14
15 67 204 14
15 68 204 10
16 68 205 14
16 68 206 10
17 67 206 14
16 67 205 14
16 66 205 10
16 65 206 14
16 65 207 10
15 66 207 14
15 67 206 14
14 68 206 14
14 69 206 10
14 70 207 14
15 71 207 14
14 72 207 14
15 72 207 10
16 72 207 10
15 72 206 14
14 73 206 14
15 73 207 14
16 73 206 14
16 72 206 10
15 72 205 14
15 71 205 10
14 71 204 14
14 71 205 10
13 70 205 14
13 71 204 14
12 71 205 14
11 71 204 14
11 70 204 10
10 71 204 14
11 72 204 14
12 72 205 14
12 73 206 14
11 74 206 14
12 74 205 14
12 74 206 10
13 74 205 14
12 74 204 14
12 73 205 14
13 72 205 14
13 71 205 10
14 70 205 14
13 69 205 14
12 69 205 10
12 68 205 10
13 68 205 10
14 68 205 10
13 68 206 14
12 69 206 14
12 68 207 14
11 67 207 14
11 68 206 14
12 67 206 14
12 66 207 14
13 66 208 14
13 66 207 10
12 66 208 14
13 67 208 14
13 66 209 14
14 66 209 10
15 65 209 14
14 65 209 10
15 65 210 14
16 65 209 14
17 65 208 14
17 64 208 10
18 64 209 14
19 63 209 14
20 63 209 10
19 63 210 14
18 62 210 14
18 63 211 14
17 63 210 14
18 63 210 10
18 63 209 10
19 62 209 14
19 62 210 10
19 61 211 14
19 60 211 10
19 59 212 14
19 58 211 14
20 59 211 14
21 60 211 14
20 60 212 14
19 60 213 14
18 60 214 14
18 61 213 14
18 60 212 14
18 60 213 10
19 60 212 14
18 61 212 14
17 61 213 14
16 62 213 14
16 61 213 10
15 61 212 14
15 62 212 10
15 61 213 14
14 61 214 14
15 61 215 14
14 61 216 14
14 60 217 14
13 60 218 14
13 61 219 14
13 62 218 14
12 62 218 10
12 63 218 10
12 63 219 10
11 63 220 14
10 63 221 14
11 62 221 14
11 63 221 10
11 62 222 14
12 62 222 10
12 61 221 14
12 60 222 14
12 59 222 10
12 58 222 10
13 58 222 10
13 58 223 10
13 57 223 10
13 56 222 14
14 57 222 14
15 57 221 14
14 58 221 14
14 58 220 10
14 59 219 14
14 60 219 10
15 60 219 10
14 60 220 14
14 61 221 14
13 61 222 14
14 61 223 14
13 60 223 14
12 61 223 14
13 62 223 14
13 62 222 10
12 61 222 14
13 61 221 14
13 60 222 14
13 60 221 10
13 59 221 10
14 59 220 14
13 60 220 14
13 59 219 14
14 58 219 14
14 57 219 10
13 56 219 14
13 55 219 10
13 54 219 10
12 54 220 14
11 54 221 14
11 55 221 10
12 54 221 14
12 54 222 10
11 54 223 14
10 54 222 14
10 55 222 10
10 55 221 10
10 54 220 14
11 54 219 14
12 53 219 14
12 54 218 14
13 54 217 14
13 53 218 14
13 53 219 10
14 53 219 10
15 52 219 14
16 53 219 14
16 53 218 10
15 52 218 14
15 52 217 10
16 52 217 10
16 52 216 10
16 53 216 10
16 54 215 14
16 54 214 10
15 55 214 14
15 54 215 14
15 54 214 10
15 54 213 10
14 53 213 14
13 52 213 14
13 51 212 14
14 51 213 14
14 50 214 14
13 49 214 14
13 50 214 10
14 49 214 14
15 50 214 14
15 49 213 14
14 49 213 10
15 48 213 14
15 48 212 10
16 48 211 14
15 48 210 14
14 48 210 10
14 48 211 10
13 48 210 14
13 48 209 10
14 48 209 10
13 47 209 14
13 47 210 10
13 47 211 10
12 47 212 14
11 48 212 14
12 49 212 14
13 49 212 10
13 50 213 14
14 50 212 14
15 50 213 14
14 50 213 10
13 49 213 14
12 50 213 14
11 50 212 14
11 49 213 14
10 49 213 10
10 50 213 10
10 50 212 10
9 50 212 10
9 51 213 14
10 51 214 14
11 51 215 14
12 51 216 14
11 51 216 10
12 50 216 14
13 50 217 14
13 50 218 10
13 49 218 10
12 49 217 14
12 48 216 14
13 47 216 14
13 48 216 10
13 47 215 14
13 48 215 10
12 48 215 10
11 48 216 14
12 48 217 14
12 47 217 10
11 46 217 14
10 47 217 14
11 47 216 14
12 46 216 14
11 46 215 14
11 47 214 14
10 48 214 14
9 48 214 10
10 49 214 14
9 50 214 14
8 49 214 14
8 48 214 10
7 48 215 14
7 49 214 14
6 49 214 10
7 50 214 14
6 50 213 14
5 49 213 14
6 49 213 10
7 49 212 14
7 48 211 14
6 48 212 14
6 48 211 10
7 48 212 14
6 48 213 14
7 48 214 14
7 47 214 10
7 46 214 10
7 47 213 14
6 47 214 14
5 47 213 14
5 48 213 10
4 48 212 14
3 49 212 14
4 50 212 14
4 51 211 14
3 51 211 10
2 50 211 14
2 50 212 10
3 50 213 14
4 50 214 14
4 50 213 10
5 51 213 14
4 51 212 14
3 51 213 14
3 52 213 10
2 53 213 14
1 53 212 14
0 53 212 10
0 54 212 10
0 55 211 14
0 56 211 10
1 57 211 14
0 57 211 10
1 57 210 14
1 58 209 14
0 58 210 14
0 57 210 10
1 56 210 14
2 57 210 14
2 58 210 10
3 58 210 10
4 58 210 10
5 58 211 14
5 59 212 14
5 59 213 10
5 60 212 14
4 61 212 14
3 61 213 14
3 62 213 10
3 61 214 14
2 60 214 14
2 61 214 10
2 62 213 14
1 61 213 14
1 62 212 14
2 63 212 14
3 62 212 14
4 63 212 14
4 62 212 10
4 63 213 14
5 62 213 14
6 62 212 14
5 62 212 10
6 63 212 14
5 63 213 14
5 64 212 14
4 65 212 14
4 65 213 10
4 64 214 14
4 63 214 10
4 62 213 14
4 62 214 10
3 63 214 14
2 63 215 14
2 64 214 14
2 65 215 14
2 65 214 10
3 66 214 14
3 67 215 14
3 67 214 10
4 66 214 14
4 67 214 10
5 67 214 10
5 68 214 10
5 69 215 14
6 68 215 14
6 69 215 10
5 69 216 14
4 70 216 14
4 71 217 14
5 71 218 14
5 72 218 10
6 72 219 14
7 71 219 14
8 71 220 14
8 71 219 10
7 70 219 14
7 70 220 10
6 70 219 14
6 70 218 10
5 70 218 10
4 71 218 14
4 71 219 10
5 72 219 14
5 71 220 14
5 71 219 10
4 70 219 14
3 71 219 14
3 72 220 14
3 71 221 14
3 70 221 10
2 71 221 14
2 71 220 10
2 72 219 14
2 71 219 10
2 70 220 14
2 69 221 14
2 68 222 14
1 68 222 10
1 68 221 10
1 67 221 10
0 68 221 14
0 67 222 14
0 66 222 10
0 65 221 14
0 64 220 14
0 65 220 10
0 64 221 14
1 65 221 14
2 65 221 10
2 65 222 10
2 65 223 10
2 65 224 10
2 66 223 14
3 65 223 14
3 65 222 10
3 64 221 14
2 64 222 14
2 63 222 10
1 64 222 14
2 64 223 14
2 63 223 10
1 63 222 14
1 62 223 14
1 61 223 10
1 60 223 10
2 61 223 14
3 61 224 14
4 60 224 14
4 60 223 10
4 61 223 10
4 61 222 10
5 61 221 14
4 62 221 14
5 62 221 10
6 63 221 14
7 62 221 14
8 63 221 14
8 64 220 14
7 64 221 14
7 63 222 14
7 64 222 10
7 63 223 14
6 63 224 14
7 64 224 14
8 64 224 10
8 64 223 10
9 64 222 14
8 65 222 14
7 66 222 14
8 66 223 14
8 65 223 10
8 64 222 14
9 65 222 14
9 66 222 10
10 65 222 14
11 65 223 14
12 64 223 14
12 63 223 10
12 63 222 10
13 63 222 10
14 62 222 14
15 61 222 14
14 60 222 14
14 59 222 10
14 58 222 10
15 57 222 14
14 56 222 14
13 56 223 14
13 55 224 14
13 54 223 14
12 55 223 14
11 55 223 10
11 56 224 14
11 55 224 10
12 56 224 14
12 56 223 10
12 57 223 10
12 58 223 10
13 59 223 14
14 59 224 14
15 60 224 14
14 60 223 14
13 60 224 14
12 60 223 14
11 59 223 14
11 60 224 14
11 61 224 10
12 62 224 14
11 62 224 10
12 63 224 14
11 63 223 14
10 63 223 10
9 62 223 14
8 63 223 14
8 62 224 14
7 62 223 14
6 62 224 14
6 61 224 10
7 61 223 14
7 60 223 10
6 60 223 10
6 60 222 10
6 61 223 14
7 61 222 14
8 61 222 10
8 60 222 10
8 61 223 14
8 60 224 14
7 60 224 10
8 61 224 14
9 61 223 14
10 61 223 10
10 60 224 14
10 59 223 14
9 59 223 10
8 60 223 14
9 60 222 14
10 60 223 14
10 59 222 14
10 60 221 14
9 60 221 10
8 60 221 10
8 61 221 10
7 60 221 14
6 60 220 14
7 60 219 14
8 60 220 14
7 60 220 10
8 60 219 14
7 59 219 14
8 59 219 10
9 59 219 10
8 59 220 14
8 58 221 14
9 58 222 14
9 59 221 14
10 58 221 14
10 58 220 10
11 59 220 14
10 59 221 14
11 58 221 14
11 59 221 10
11 58 220 14
12 57 220 14
11 56 220 14
11 55 219 14
12 55 220 14
13 56 220 14
12 56 220 10
12 55 219 14
13 55 218 14
14 55 219 14
14 54 220 14
15 54 221 14
15 54 222 10
16 53 222 14
15 52 222 14
15 51 222 10
16 50 222 14
17 49 222 14
17 48 222 10
17 48 221 10
18 49 221 14
17 49 220 14
17 50 219 14
18 50 220 14
18 49 219 14
18 49 218 10
18 49 217 10
18 48 218 14
18 47 219 14
18 48 220 14
19 49 220 14
19 49 219 10
18 48 219 14
18 47 218 14
19 46 218 14
19 45 218 10
20 44 218 14
21 43 218 14
20 43 218 10
19 43 219 14
19 42 218 14
19 41 217 14
19 42 216 14
18 43 216 14
18 44 215 14
18 44 214 10
18 43 215 14
18 44 216 14
19 44 217 14
18 43 217 14
18 44 218 14
18 44 219 10
18 43 219 10
18 44 220 14
17 44 221 14
17 45 222 14
16 45 222 10
15 44 222 14
16 44 221 14
16 43 221 10
16 44 220 14
16 45 220 10
15 44 220 14
14 44 221 14
14 44 220 10
14 43 219 14
15 42 219 14
15 41 219 10
14 41 218 14
14 42 217 14
15 43 217 14
16 43 217 10
16 42 218 14
16 42 217 10
16 43 218 14
16 44 219 14
17 43 219 14
17 43 218 10
17 42 217 14
17 41 217 10
17 40 216 14
17 39 215 14
18 38 215 14
18 37 215 10
19 38 215 14
19 38 216 10
19 39 216 10
19 40 216 10
19 40 215 10
19 40 214 10
20 39 214 14
19 38 214 14
19 37 214 10
19 36 214 10
19 35 214 10
18 35 213 14
18 35 212 10
19 35 211 14
19 36 210 14
20 35 210 14
20 35 211 10
20 36 212 14
21 36 212 10
22 37 212 14
22 37 213 10
21 37 212 14
21 37 211 10
21 38 212 14
20 38 212 10
21 39 212 14
21 40 211 14
21 39 211 10
20 39 210 14
20 39 211 10
20 40 211 10
21 40 210 14
22 39 210 14
22 40 211 14
22 39 211 10
23 39 211 10
23 40 210 14
24 41 210 14
25 42 210 14
25 42 209 10
26 43 209 14
25 43 210 14
24 43 209 14
23 43 210 14
23 43 209 10
24 44 209 14
24 44 210 10
25 45 210 14
26 45 209 14
27 44 209 14
28 45 209 14
28 46 209 10
27 45 209 14
28 44 209 14
28 43 208 14
29 43 209 14
30 43 208 14
30 42 208 10
31 42 209 14
30 43 209 14
30 43 210 10
30 44 210 10
30 43 211 14
29 42 211 14
30 42 210 14
29 42 210 10
28 41 210 14
28 42 211 14
28 42 210 10
28 41 209 14
28 42 209 10
29 41 209 14
29 42 208 14
28 42 208 10
29 41 208 14
29 40 208 10
29 39 207 14
30 40 207 14
29 40 206 14
29 39 206 10
30 39 205 14
30 39 206 10
30 38 206 10
29 38 205 14
29 37 204 14
28 37 203 14
27 36 203 14
28 36 203 10
29 36 204 14
30 35 204 14
29 34 204 14
29 33 204 10
28 32 204 14
28 32 203 10
29 32 202 14
28 32 202 10
27 33 202 14
28 33 203 14
28 33 204 10
27 32 204 14
26 32 203 14
26 33 203 10
27 33 204 14
26 32 204 14
25 31 204 14
26 31 205 14
25 30 205 14
26 29 205 14
27 29 206 14
27 30 205 14
27 29 205 10
27 28 206 14
27 29 207 14
28 30 207 14
28 31 207 10
27 31 208 14
28 30 208 14
28 31 209 14
29 30 209 14
28 29 209 14
28 28 209 10
29 29 209 14
30 29 209 10
30 30 210 14
30 31 210 10
29 32 210 14
29 33 209 14
29 33 210 10
28 33 209 14
28 32 210 14
27 33 210 14
28 34 210 14
27 34 210 10
27 35 211 14
26 34 211 14
26 35 212 14
26 35 213 10
27 35 214 14
28 35 213 14
27 35 213 10
26 36 213 14
27 36 212 14
27 35 212 10
28 36 212 14
28 37 213 14
27 38 213 14
26 39 213 14
25 39 212 14
25 38 212 10
26 38 211 14
25 37 211 14
25 36 212 14
25 35 211 14
24 35 211 10
24 36 211 10
24 36 210 10
24 37 210 10
23 37 211 14
23 36 211 10
24 37 211 14
25 36 211 14
26 37 211 14
27 36 211 14
26 35 211 14
25 34 211 14
24 34 212 14
24 33 213 14
24 32 214 14
23 32 214 10
22 32 215 14
21 32 214 14
21 32 213 10
21 33 213 10
21 34 213 10
21 34 212 10
20 33 212 14
19 33 213 14
18 33 213 10
19 33 212 14
20 32 212 14
19 32 211 14
18 33 211 14
17 33 211 10
16 32 211 14
16 31 212 14
15 31 212 10
15 32 213 14
16 31 213 14
15 31 213 10
14 32 213 14
14 33 212 14
15 32 212 14
15 32 211 10
15 33 211 10
16 34 211 14
16 34 212 10
16 34 213 10
16 35 214 14
16 35 215 10
17 35 216 14
17 34 216 10
17 35 217 14
16 34 217 14
15 35 217 14
15 35 216 10
14 35 216 10
13 35 215 14
13 35 214 10
14 34 214 14
13 33 214 14
13 32 215 14
12 33 215 14
12 33 214 10
13 33 215 14
14 33 216 14
14 34 217 14
14 34 218 10
13 34 217 14
13 34 218 10
14 35 218 14
14 36 217 14
15 36 218 14
15 37 218 10
14 38 218 14
14 39 219 14
14 40 219 10
15 40 220 14
14 41 220 14
15 41 221 14
16 41 222 14
16 40 222 10
17 40 222 10
17 41 223 14
18 41 224 14
18 40 224 10
18 40 223 10
17 39 223 14
16 40 223 14
15 40 224 14
15 40 223 10
16 40 224 14
16 41 223 14
17 41 222 14
18 41 222 10
18 42 221 14
18 42 220 10
17 42 221 14
17 43 220 14
18 43 221 14
18 44 221 10
18 44 222 10
18 45 222 10
18 45 223 10
19 45 224 14
18 46 224 14
18 47 223 14
17 47 224 14
18 47 224 10
18 48 223 14
19 48 223 10
19 47 224 14
19 47 223 10
19 46 222 14
18 46 223 14
17 45 223 14
16 46 223 14
15 46 223 10
14 45 223 14
15 45 224 14
15 44 223 14
14 44 222 14
13 43 222 14
14 42 222 14
13 41 222 14
12 41 223 14
12 41 222 10
13 42 222 14
12 42 222 10
12 42 221 10
11 42 220 14
12 42 220 10
13 43 220 14
13 42 219 14
13 43 218 14
14 42 218 14
14 43 218 10
13 42 218 14
13 41 219 14
13 42 220 14
14 42 219 14
14 41 219 10
15 41 220 14
15 42 221 14
14 42 220 14
13 42 221 14
14 42 221 10
15 42 222 14
14 41 222 14
15 41 223 14
14 41 224 14
13 42 224 14
12 42 224 10
12 41 224 10
11 40 224 14
12 39 224 14
11 39 224 10
10 39 224 10
10 38 224 10
9 39 224 14
8 39 224 10
9 38 224 14
10 37 224 14
9 36 224 14
8 36 224 10
7 37 224 14
8 38 224 14
8 38 223 10
7 37 223 14
7 36 223 10
7 35 223 10
8 36 223 14
9 35 223 14
10 35 222 14
10 34 222 10
9 34 223 14
8 35 223 14
8 35 222 10
8 34 221 14
8 33 220 14
9 33 220 10
9 32 221 14
8 32 221 10
7 31 221 14
6 30 221 14
5 30 222 14
4 30 222 10
4 30 223 10
4 29 224 14
4 30 224 10
4 31 224 10
3 32 224 14
2 31 224 14
1 32 224 14
1 31 223 14
2 32 223 14
2 33 222 14
2 34 221 14
3 35 221 14
3 34 222 14
3 33 221 14
3 32 220 14
4 32 220 10
4 32 219 10
4 31 220 14
3 30 220 14
4 30 221 14
3 30 221 10
3 29 222 14
3 28 221 14
4 27 221 14
3 27 222 14
3 27 221 10
4 27 220 14
3 27 219 14
3 28 219 10
3 29 218 14
4 29 219 14
3 29 220 14
3 29 221 10
4 29 221 10
5 29 220 14
5 30 220 10
5 31 219 14
6 31 218 14
7 30 218 14
8 30 217 14
8 29 218 14
9 29 218 10
9 28 218 10
10 27 218 14
11 27 217 14
11 28 217 10
10 28 216 14
10 27 217 14
9 27 218 14
8 28 218 14
8 29 219 14
7 28 219 14
7 27 219 10
8 27 220 14
8 28 220 10
7 27 220 14
7 27 221 10
7 28 222 14
7 27 223 14
8 26 223 14
8 25 224 14
8 26 224 10
7 26 224 10
7 25 223 14
7 24 223 10
6 23 223 14
7 23 224 14
8 23 224 10
8 22 224 10
8 21 223 14
8 21 224 10
9 21 224 10
8 20 224 14
7 20 223 14
7 21 223 10
8 21 222 14
8 20 222 10
9 20 221 14
10 20 222 14
10 20 221 10
10 21 221 10
11 21 220 14
12 22 220 14
12 21 221 14
12 22 221 10
12 23 220 14
12 23 221 10
12 24 222 14
11 24 222 10
11 25 222 10
12 25 223 14
12 26 223 10
13 26 224 14
14 26 224 10
13 27 224 14
13 27 223 10
13 28 223 10
13 29 224 14
12 29 224 10
11 29 223 14
10 29 223 10
11 29 222 14
12 29 222 10
11 29 221 14
12 30 221 14
13 30 222 14
14 31 222 14
14 32 222 10
13 31 222 14
13 31 223 10
12 31 224 14
13 32 224 14
13 31 224 10
13 32 223 14
13 32 222 10
14 32 223 14
14 33 222 14
13 33 221 14
12 33 221 10
12 34 221 10
13 34 220 14
13 35 221 14
12 36 221 14
13 36 220 14
13 37 219 14
12 37 218 14
11 36 218 14
11 37 218 10
12 36 218 14
13 35 218 14
13 35 219 10
13 34 219 10
13 35 220 14
12 35 221 14
13 34 221 14
14 35 221 14
14 34 220 14
15 35 220 14
15 34 220 10
15 35 221 14
14 36 221 14
15 36 222 14
14 37 222 14
13 38 222 14
12 38 222 10
11 38 223 14
11 37 222 14
11 36 222 10
11 35 223 14
11 35 224 10
10 34 224 14
9 33 224 14
9 32 224 10
10 31 224 14
10 30 224 10
10 31 223 14
9 31 223 10
8 31 224 14
9 30 224 14
9 31 224 10
9 32 223 14
10 33 223 14
10 32 224 14
10 32 223 10
9 32 222 14
8 31 222 14
8 32 222 10
7 32 223 14
8 32 224 14
8 32 223 10
9 33 223 14
10 33 224 14
11 33 223 14
12 33 222 14
12 32 222 10
11 31 222 14
11 31 221 10
11 30 221 10
10 30 221 10
10 29 221 10
11 29 220 14
11 28 220 10
11 28 219 10
10 28 219 10
9 29 219 14
8 28 219 14
7 29 219 14
6 29 218 14
6 30 218 10
7 31 218 14
7 32 218 10
8 33 218 14
9 33 218 10
9 34 218 10
8 34 217 14
7 35 217 14
6 34 217 14
5 34 216 14
6 35 216 14
6 36 215 14
6 36 216 10
5 36 217 14
5 36 216 10
5 37 217 14
4 37 218 14
5 37 219 14
5 38 219 10
4 39 219 14
4 39 220 10
3 39 220 10
4 38 220 14
4 39 221 14
5 39 222 14
4 39 223 14
4 39 224 10
4 38 224 10
4 38 223 10
4 37 224 14
5 37 224 10
6 37 224 10
7 38 224 14
7 38 223 10
8 39 223 14
9 39 223 10
9 38 223 10
8 38 222 14
8 37 221 14
8 36 221 10
9 36 220 14
9 35 221 14
8 35 220 14
7 35 219 14
6 35 218 14
6 36 219 14
6 36 220 10
7 35 220 14
7 36 220 10
7 37 220 10
8 37 220 10
8 38 221 14
7 38 221 10
6 38 222 14
7 39 222 14
8 40 222 14
8 41 223 14
7 40 223 14
7 40 222 10
8 40 223 14
8 40 224 10
9 41 224 14
10 41 224 10
11 42 224 14
10 42 223 14
9 43 223 14
9 42 222 14
9 41 223 14
10 41 223 10
9 41 222 14
10 41 222 10
10 40 222 10
10 39 221 14
11 39 220 14
11 39 221 10
10 40 221 14
11 40 220 14
11 41 219 14
12 41 220 14
12 41 219 10
12 40 218 14
11 39 218 14
10 39 219 14
9 38 219 14
9 39 220 14
10 39 220 10
10 38 219 14
11 37 219 14
12 37 219 10
13 37 218 14
13 38 218 10
13 38 217 10
13 39 217 10
14 40 217 14
15 40 218 14
15 39 217 14
15 38 218 14
14 38 217 14
15 38 217 10
16 38 217 10
17 39 217 14
18 39 217 10
18 38 217 10
17 38 218 14
18 39 218 14
18 38 218 10
18 38 219 10
18 37 218 14
18 37 219 10
17 37 219 10
18 36 219 14
17 36 220 14
17 35 221 14
18 36 221 14
18 35 222 14
19 36 222 14
19 35 222 10
18 36 222 14
18 35 223 14
18 36 223 10
17 36 222 14
17 36 221 10
16 36 220 14
16 36 219 10
15 36 220 14
15 37 219 14
14 37 219 10
13 37 220 14
13 38 220 10
12 38 221 14
11 38 220 14
12 38 220 10
12 38 219 10
12 37 220 14
11 37 220 10
11 38 219 14
10 37 219 14
10 37 218 10
11 37 217 14
10 36 217 14
10 35 218 14
9 35 219 14
9 35 218 10
8 36 218 14
8 35 219 14
8 36 220 14
9 36 221 14
9 37 222 14
10 38 222 14
9 38 222 10
9 37 223 14
10 36 223 14
11 36 224 14
12 37 224 14
12 38 224 10
13 37 224 14
13 36 224 10
14 37 224 14
15 37 223 14
15 37 224 10
15 38 224 10
16 38 224 10
16 37 224 10
17 37 224 10
18 37 223 14
19 38 223 14
20 38 224 14
21 38 223 14
20 37 223 14
21 37 224 14
22 37 224 10
22 38 223 14
22 37 222 14
22 36 223 14
22 37 223 10
22 38 222 14
22 38 221 10
21 39 221 14
21 39 220 10
20 40 220 14
20 41 221 14
20 42 220 14
20 41 219 14
20 42 218 14
19 42 217 14
19 43 216 14
20 43 217 14
20 42 217 10
21 43 217 14
20 43 216 14
21 43 216 10
21 42 217 14
22 42 216 14
23 43 216 14
23 43 215 10
24 42 215 14
24 42 216 10
24 43 217 14
25 44 217 14
25 43 217 10
25 44 216 14
24 44 217 14
24 45 216 14
23 45 216 10
22 45 216 10
23 45 217 14
22 45 218 14
22 44 219 14
23 44 218 14
22 44 218 10
21 45 218 14
22 46 218 14
23 46 218 10
24 47 218 14
24 47 217 10
24 46 216 14
25 46 216 10
24 46 217 14
24 45 217 10
23 44 217 14
23 43 218 14
23 42 218 10
22 41 218 14
23 41 218 10
23 42 217 14
23 41 217 10
23 40 216 14
22 40 217 14
23 40 217 10
24 39 217 14
24 38 218 14
23 38 217 14
22 38 218 14
21 39 218 14
21 38 218 10
20 38 219 14
20 37 218 14
21 37 217 14
22 37 217 10
21 36 217 14
22 36 218 14
22 35 218 10
21 35 218 10
21 35 217 10
21 36 218 14
22 37 218 14
23 37 219 14
24 38 219 14
23 38 219 10
22 39 219 14
22 39 218 10
21 39 217 14
20 39 216 14
21 38 216 14
22 38 217 14
23 38 216 14
23 39 217 14
24 39 218 14
23 38 218 14
23 37 218 10
24 37 218 10
25 38 218 14
26 39 218 14
26 40 218 10
26 40 217 10
26 41 216 14
26 42 216 10
27 43 216 14
27 43 217 10
27 42 216 14
26 43 216 14
25 43 216 10
26 44 216 14
26 43 217 14
26 44 218 14
27 44 218 10
28 43 218 14
29 42 218 14
28 42 219 14
29 42 220 14
29 43 221 14
28 43 220 14
29 44 220 14
29 43 219 14
30 44 219 14
31 44 219 10
32 44 218 14
31 45 218 14
30 45 217 14
29 45 216 14
28 46 216 14
27 45 216 14
26 45 216 10
26 45 217 10
27 44 217 14
27 45 217 10
27 44 216 14
28 45 216 14
29 44 216 14
30 44 215 14
30 44 216 10
30 44 217 10
30 45 218 14
30 46 218 10
30 47 218 10
31 48 218 14
30 49 218 14
30 48 217 14
31 48 217 10
30 48 216 14
29 49 216 14
30 49 216 10
31 49 216 10
32 50 216 14
32 51 217 14
32 50 218 14
32 51 218 10
31 51 217 14
31 51 218 10
30 52 218 14
29 53 218 14
29 52 217 14
29 51 216 14
29 50 216 10
29 49 217 14
29 49 218 10
29 48 218 10
28 48 218 10
28 48 217 10
28 49 216 14
29 48 216 14
29 47 216 10
30 46 216 14
30 46 215 10
30 45 215 10
29 46 215 14
29 46 216 10
29 45 217 14
28 44 217 14
29 44 217 10
30 44 218 14
31 44 217 14
31 43 217 10
31 44 216 14
31 44 215 10
31 43 215 10
32 42 215 14
32 42 214 10
33 41 214 14
32 41 213 14
31 41 213 10
30 42 213 14
31 43 213 14
31 44 212 14
30 44 212 10
31 44 211 14
31 45 210 14
31 44 209 14
31 44 208 10
32 44 207 14
33 43 207 14
32 43 207 10
32 43 208 10
32 42 209 14
32 42 208 10
32 41 208 10
32 40 207 14
31 40 208 14
32 40 209 14
31 40 210 14
31 40 211 10
32 40 211 10
32 40 212 10
31 40 213 14
31 41 214 14
31 40 214 10
32 40 215 14
33 41 215 14
33 40 215 10
33 40 214 10
33 41 213 14
33 40 213 10
32 40 213 10
33 39 213 14
33 38 212 14
33 37 212 10
33 36 213 14
32 37 213 14
33 37 214 14
34 37 213 14
35 37 212 14
35 36 213 14
36 35 213 14
37 35 213 10
37 35 212 10
36 34 212 14
36 34 211 10
36 35 211 10
36 36 211 10
37 35 211 14
37 34 212 14
36 35 212 14
35 36 212 14
36 36 213 14
37 37 213 14
37 38 214 14
38 37 214 14
39 37 214 10
38 37 215 14
37 37 214 14
36 38 214 14
37 39 214 14
36 39 214 10
36 39 215 10
36 40 215 10
37 40 216 14
37 41 215 14
37 42 216 14
36 41 216 14
36 42 217 14
36 43 217 10
36 42 216 14
36 43 216 10
37 43 215 14
37 44 214 14
38 43 214 14
37 43 214 10
36 43 214 10
36 42 213 14
35 43 213 14
34 42 213 14
35 42 213 10
35 43 214 14
35 43 215 10
34 43 216 14
34 43 217 10
33 43 216 14
32 43 217 14
33 44 217 14
33 44 218 10
34 43 218 14
34 42 219 14
33 42 220 14
33 41 220 10
33 40 221 14
32 39 221 14
33 39 221 10
32 39 222 14
31 40 222 14
32 40 221 14
32 41 221 10
33 42 221 14
33 43 222 14
33 44 221 14
33 45 222 14
34 45 223 14
35 45 224 14
34 44 224 14
35 44 224 10
34 45 224 14
33 45 223 14
32 44 223 14
32 43 223 10
33 44 223 14
32 45 223 14
31 46 223 14
32 46 224 14
32 45 224 10
31 44 224 14
31 45 223 14
30 45 223 10
29 44 223 14
30 44 223 10
30 44 222 10
31 44 223 14
31 43 223 10
32 42 223 14
31 42 223 10
30 42 223 10
30 41 222 14
30 40 221 14
30 39 221 10
31 39 222 14
32 40 222 14
32 41 223 14
33 41 224 14
33 42 223 14
34 41 223 14
35 41 223 10
36 41 224 14
36 40 224 10
35 40 224 10
34 39 224 14
34 39 223 10
34 38 222 14
35 38 223 14
36 38 223 10
35 37 223 14
35 38 222 14
35 38 221 10
35 37 222 14
35 36 222 10
36 35 222 14
35 35 223 14
36 36 223 14
37 36 222 14
37 35 223 14
37 34 222 14
37 34 221 10
38 35 221 14
37 35 222 14
36 35 223 14
37 36 223 14
38 37 223 14
38 36 224 14
37 36 224 10
37 35 224 10
36 35 224 10
35 36 224 14
35 35 224 10
34 36 224 14
34 35 224 10
33 34 224 14
33 35 224 10
33 34 223 14
33 34 222 10
32 33 222 14
32 33 221 10
33 33 221 10
32 34 221 14
31 34 221 10
31 34 222 10
31 35 221 14
30 35 222 14
29 35 223 14
30 35 223 10
29 34 223 14
30 34 223 10
30 33 222 14
30 33 223 10
31 33 222 14
32 33 223 14
31 33 223 10
31 32 222 14
32 32 223 14
33 32 222 14
34 32 223 14
35 31 223 14
35 30 224 14
34 30 224 10
33 30 223 14
33 31 223 10
34 31 224 14
33 30 224 14
32 30 223 14
31 31 223 14
30 31 224 14
29 32 224 14
29 32 223 10
28 32 223 10
29 33 223 14
29 34 222 14
29 33 222 10
28 34 222 14
28 34 223 10
29 34 224 14
29 33 224 10
28 33 223 14
28 34 224 14
28 35 224 10
27 35 224 10
27 36 224 10
26 36 223 14
26 35 223 10
27 34 223 14
26 34 223 10
25 34 222 14
25 34 221 10
24 34 221 10
23 34 222 14
22 34 221 14
21 35 221 14
21 36 222 14
22 36 221 14
23 37 221 14
24 37 220 14
23 36 220 14
22 35 220 14
22 36 220 10
21 36 221 14
22 35 221 14
23 35 221 10
24 35 220 14
25 35 221 14
26 34 221 14
27 33 221 14
28 33 222 14
27 34 222 14
27 35 222 10
26 34 222 14
25 33 222 14
26 32 222 14
26 32 223 10
25 32 223 10
25 31 222 14
25 32 222 10
26 33 222 14
25 33 223 14
26 33 224 14
27 32 224 14
27 31 224 10
27 31 223 10
26 30 223 14
26 30 224 10
27 30 224 10
28 30 224 10
27 29 224 14
28 28 224 14
28 28 223 10
28 29 223 10
29 28 223 14
29 29 224 14
28 29 224 10
27 28 224 14
26 27 224 14
25 28 224 14
26 28 224 10
26 27 223 14
27 27 224 14
27 27 223 10
28 27 222 14
29 27 221 14
29 28 220 14
30 28 219 14
30 27 220 14
31 28 220 14
32 28 220 10
31 27 220 14
31 26 221 14
32 25 221 14
33 25 220 14
34 25 220 10
33 25 219 14
33 26 219 10
33 27 218 14
32 27 219 14
32 27 220 10
31 26 220 14
31 27 219 14
32 28 219 14
32 28 218 10
32 27 217 14
31 27 218 14
30 27 219 14
29 28 219 14
29 28 218 10
29 29 219 14
30 30 219 14
31 30 219 10
31 30 218 10
32 31 218 14
32 30 217 14
32 29 217 10
32 29 218 10
31 29 217 14
30 29 218 14
29 29 217 14
29 28 217 10
30 28 218 14
31 29 218 14
31 29 219 10
31 30 220 14
31 31 219 14
31 32 220 14
32 32 220 10
32 31 220 10
32 31 219 10
33 31 219 10
34 32 219 14
33 32 219 10
34 33 219 14
35 34 219 14
35 34 218 10
35 35 217 14
35 35 218 10
36 35 218 10
36 36 217 14
36 35 216 14
36 34 217 14
36 34 216 10
37 34 217 14
38 34 218 14
39 34 218 10
40 33 218 14
40 33 217 10
41 33 216 14
40 33 215 14
39 33 214 14
40 34 214 14
40 35 213 14
41 35 214 14
41 35 215 10
41 34 216 14
42 34 217 14
42 33 218 14
42 34 218 10
43 34 219 14
43 34 218 10
43 35 217 14
44 35 217 10
44 34 217 10
44 34 216 10
44 33 216 10
44 34 215 14
44 35 216 14
45 36 216 14
45 37 217 14
45 36 217 10
44 37 217 14
43 38 217 14
43 39 218 14
44 38 218 14
44 39 217 14
43 39 217 10
44 38 217 14
45 39 217 14
46 39 217 10
46 39 216 10
46 38 215 14
45 38 215 10
46 38 216 14
46 38 217 10
47 39 217 14
47 40 217 10
46 40 216 14
46 39 215 14
45 39 215 10
45 39 216 10
45 40 216 10
46 40 215 14
45 41 215 14
45 41 214 10
45 40 214 10
44 41 214 14
44 42 213 14
45 42 213 10
44 41 213 14
43 41 212 14
42 41 211 14
42 41 210 10
43 40 210 14
42 40 211 14
42 39 211 10
41 38 211 14
41 39 210 14
41 40 210 10
40 41 210 14
40 40 211 14
41 40 211 10
41 39 211 10
41 38 210 14
42 38 210 10
42 37 209 14
43 36 209 14
42 36 210 14
41 37 210 14
41 38 209 14
40 38 210 14
39 39 210 14
40 39 210 10
39 39 211 14
39 40 212 14
40 40 213 14
41 40 213 10
40 39 213 14
41 38 213 14
40 38 214 14
40 37 214 10
40 36 215 14
39 36 214 14
39 36 215 10
39 35 215 10
38 36 215 14
37 37 215 14
37 36 215 10
37 35 216 14
38 36 216 14
37 37 216 14
37 37 217 10
37 38 218 14
37 38 219 10
36 38 220 14
35 37 220 14
36 37 220 10
35 36 220 14
35 36 221 10
34 36 221 10
34 37 222 14
34 36 222 10
33 36 221 14
33 35 222 14
34 35 223 14
34 34 223 10
35 34 224 14
35 33 224 10
34 32 224 14
35 32 223 14
36 31 223 14
37 31 223 10
38 31 223 10
38 32 224 14
38 32 223 10
37 32 224 14
37 33 224 10
37 34 223 14
37 33 223 10
36 32 223 14
35 32 224 14
36 31 224 14
36 30 224 10
35 29 224 14
34 29 223 14
33 28 223 14
33 27 222 14
32 27 223 14
32 27 224 10
33 26 224 14
34 26 223 14
35 26 224 14
36 25 224 14
36 26 223 14
36 26 224 10
36 27 223 14
37 26 223 14
37 27 224 14
36 28 224 14
35 28 223 14
35 27 224 14
34 28 224 14
33 27 224 14
33 28 224 10
33 27 223 14
33 26 222 14
34 25 222 14
33 24 222 14
34 24 221 14
34 24 220 10
33 24 221 14
33 24 220 10
33 24 219 10
32 24 219 10
31 23 219 14
31 24 220 14
31 24 219 10
30 23 219 14
30 24 218 14
29 24 217 14
29 25 218 14
29 25 219 10
29 24 220 14
30 23 220 14
30 22 219 14
31 22 220 14
30 22 221 14
31 21 221 14
30 21 221 10
29 21 221 10
29 21 220 10
30 21 219 14
29 21 219 10
30 21 218 14
30 20 218 10
30 19 218 10
29 19 218 10
28 19 219 14
27 18 219 14
27 18 218 10
27 19 217 14
27 20 217 10
27 21 216 14
27 22 215 14
28 22 215 10
28 22 214 10
29 22 213 14
29 22 212 10
28 22 212 10
27 22 211 14
26 23 211 14
26 24 212 14
25 24 213 14
25 23 212 14
24 23 212 10
24 22 211 14
23 22 212 14
23 21 211 14
23 22 210 14
22 23 210 14
21 23 209 14
21 23 208 10
20 23 209 14
20 24 208 14
19 23 208 14
20 23 207 14
21 23 206 14
20 23 205 14
20 23 204 10
20 24 204 10
19 23 204 14
19 22 205 14
19 23 206 14
19 23 207 10
19 24 206 14
19 23 205 14
18 23 206 14
17 23 207 14
16 23 206 14
15 24 206 14
15 24 205 10
15 25 206 14
14 25 207 14
14 24 207 10
15 24 207 10
14 23 207 14
13 24 207 14
12 25 207 14
13 25 208 14
12 24 208 14
11 24 207 14
11 23 208 14
11 24 208 10
10 24 207 14
9 24 206 14
8 24 206 10
9 23 206 14
8 22 206 14
9 21 206 14
9 20 207 14
9 20 206 10
9 21 207 14
10 21 206 14
10 22 205 14
10 23 205 10
11 23 206 14
11 23 207 10
12 23 206 14
11 22 206 14
11 21 207 14
10 21 208 14
10 20 209 14
11 19 209 14
12 19 210 14
13 19 210 10
13 20 210 10
12 20 211 14
11 21 211 14
11 20 211 10
11 19 210 14
11 18 210 10
10 18 209 14
9 17 209 14
10 17 210 14
9 17 210 10
9 18 209 14
10 17 209 14
9 16 209 14
8 17 209 14
7 17 208 14
7 16 208 10
8 16 209 14
7 16 210 14
7 15 210 10
6 14 210 14
5 14 210 10
6 14 209 14
6 15 209 10
7 15 209 10
6 16 209 14
6 17 208 14
7 17 207 14
7 16 207 10
8 16 207 10
8 15 208 14
8 15 209 10
9 15 209 10
10 15 210 14
10 14 210 10
9 14 210 10
8 14 211 14
8 15 210 14
9 15 211 14
9 15 210 10
9 16 211 14
10 16 212 14
9 16 212 10
10 17 212 14
9 18 212 14
9 18 213 10
10 18 214 14
10 17 215 14
9 18 215 14
8 19 215 14
8 18 215 10
8 17 216 14
7 16 216 14
7 17 217 14
8 18 217 14
8 17 218 14
9 17 217 14
9 18 216 14
10 19 216 14
11 19 216 10
10 19 215 14
10 20 215 10
10 19 214 14
11 18 214 14
12 17 214 14
12 16 214 10
12 16 213 10
13 17 213 14
14 17 213 10
13 16 213 14
13 16 212 10
12 16 211 14
12 16 212 10
11 16 211 14
10 16 210 14
10 15 211 14
11 14 211 14
12 14 211 10
13 13 211 14
14 13 212 14
13 14 212 14
12 15 212 14
11 15 211 14
12 15 211 10
12 14 212 14
11 14 212 10
10 14 212 10
11 14 213 14
11 15 212 14
10 15 213 14
10 15 212 10
9 14 212 14
10 14 213 14
10 13 214 14
10 12 214 10
11 12 215 14
11 11 215 10
11 12 216 14
12 11 216 14
12 10 215 14
11 10 215 10
12 11 215 14
13 11 215 10
13 11 216 10
12 11 217 14
11 12 217 14
10 12 216 14
9 12 216 10
9 11 217 14
9 10 216 14
10 10 216 10
9 10 217 14
10 9 217 14
11 9 218 14
12 9 217 14
11 9 217 10
11 10 218 14
12 10 219 14
13 10 219 10
12 9 219 14
13 8 219 14
14 8 218 14
15 8 218 10
15 7 218 10
15 8 219 14
16 8 218 14
16 9 218 10
17 8 218 14
17 8 217 10
16 8 217 10
17 7 217 14
17 6 216 14
17 7 216 10
16 8 216 14
16 7 216 10
15 7 217 14
15 6 218 14
15 6 219 10
14 5 219 14
13 5 220 14
13 6 221 14
13 5 221 10
13 4 222 14
13 3 221 14
12 3 221 10
12 2 220 14
13 1 220 14
12 1 219 14
11 2 219 14
11 2 218 10
11 2 217 10
12 2 216 14
13 2 217 14
13 3 218 14
12 3 219 14
11 3 219 10
12 2 219 14
12 3 220 14
11 3 220 10
11 3 221 10
10 3 220 14
10 4 220 10
10 4 219 10
9 3 219 14
9 2 220 14
9 2 221 10
8 3 221 14
9 3 222 14
8 4 222 14
8 5 221 14
7 5 220 14
7 6 219 14
8 6 218 14
7 5 218 14
7 4 219 14
6 3 219 14
6 4 219 10
5 4 218 14
6 4 217 14
7 4 217 10
7 4 216 10
8 5 216 14
7 5 215 14
7 6 215 10
7 5 216 14
6 5 216 10
6 5 215 10
6 6 214 14
6 5 214 10
6 4 213 14
7 4 213 10
7 3 214 14
8 2 214 14
9 2 214 10
8 2 213 14
9 1 213 14
9 0 214 14
8 0 215 14
8 1 216 14
9 0 216 14
10 0 216 10
10 0 217 10
10 0 218 10
9 0 217 14
9 1 216 14
8 0 216 14
8 1 215 14
8 2 216 14
9 3 216 14
10 3 217 14
10 2 218 14
10 1 217 14
10 1 218 10
10 2 219 14
10 1 220 14
10 0 221 14
10 0 222 10
10 1 222 10
10 1 221 10
9 1 220 14
8 1 219 14
8 1 218 10
8 2 218 10
8 3 219 14
7 3 220 14
7 4 220 10
8 3 220 14
8 4 221 14
7 4 222 14
7 4 221 10
6 5 221 14
6 4 220 14
6 5 220 10
6 4 221 14
6 3 220 14
5 4 220 14
5 5 219 14
5 6 219 10
6 5 219 14
6 6 218 14
5 6 218 10
5 5 218 10
5 4 217 14
6 3 217 14
7 3 218 14
7 3 217 10
8 4 217 14
8 5 218 14
8 4 218 10
9 4 218 10
10 3 218 14
10 2 217 14
11 3 217 14
12 3 218 14
13 3 219 14
13 4 219 10
13 4 218 10
14 4 219 14
14 3 220 14
15 3 221 14
16 4 221 14
17 4 222 14
18 5 222 14
17 5 223 14
16 5 223 10
16 6 222 14
17 6 223 14
17 6 222 10
16 7 222 14
17 7 223 14
18 7 222 14
19 7 221 14
20 7 222 14
19 8 222 14
19 9 223 14
18 9 224 14
18 8 223 14
18 8 222 10
19 7 222 14
20 7 221 14
21 6 221 14
21 6 220 10
22 6 221 14
23 6 220 14
22 6 219 14
21 5 219 14
20 5 219 10
20 6 220 14
20 5 220 10
19 5 220 10
18 5 219 14
19 6 219 14
19 7 219 10
19 7 220 10
19 8 219 14
18 8 219 10
19 9 219 14
18 9 220 14
18 9 221 10
18 9 222 10
17 9 222 10
18 9 223 14
18 10 223 10
19 10 224 14
18 10 224 10
17 10 224 10
16 11 224 14
15 11 224 10
15 11 223 10
16 10 223 14
16 9 223 10
17 9 223 10
16 9 224 14
15 10 224 14
15 9 224 10
15 8 223 14
14 9 223 14
13 9 224 14
12 8 224 14
12 9 224 10
11 9 223 14
11 10 222 14
10 10 221 14
10 10 222 10
10 11 221 14
10 12 222 14
10 11 222 10
9 12 222 14
10 12 223 14
10 13 223 10
10 12 224 14
9 11 224 14
8 10 224 14
7 9 224 14
7 10 223 14
6 11 223 14
6 12 223 10
6 13 222 14
6 14 222 10
5 14 223 14
6 14 224 14
6 13 223 14
7 13 223 10
8 13 223 10
8 13 222 10
8 14 222 10
8 14 223 10
9 14 223 10
9 13 223 10
8 12 223 14
8 11 223 10
7 11 222 14
8 10 222 14
8 9 222 10
8 8 223 14
8 8 224 10
8 9 224 10
7 9 223 14
6 8 223 14
7 8 223 10
6 7 223 14
6 6 223 10
7 6 222 14
8 5 222 14
9 5 223 14
9 6 223 10
9 6 224 10
8 6 224 10
8 7 223 14
8 6 223 10
8 5 223 10
7 5 223 10
7 5 222 10
7 5 221 10
7 6 220 14
7 5 219 14
8 5 219 10
8 4 220 14
8 5 220 10
8 6 219 14
8 7 219 10
7 7 220 14
6 8 220 14
6 9 219 14
7 8 219 14
6 7 219 14
6 6 220 14
5 7 220 14
6 7 220 10
7 7 219 14
8 8 219 14
9 8 220 14
8 8 221 14
8 7 221 10
9 7 222 14
9 8 221 14
8 8 222 14
9 9 222 14
9 10 222 10
8 10 223 14
8 9 223 10
9 8 223 14
9 9 224 14
9 10 223 14
10 11 223 14
11 11 222 14
12 11 221 14
12 12 221 10
13 12 221 10
13 13 222 14
14 12 222 14
14 13 221 14
15 13 220 14
16 13 219 14
15 14 219 14
16 14 218 14
16 15 218 10
16 14 217 14
17 13 217 14
18 13 216 14
19 13 216 10
18 13 215 14
18 12 216 14
18 11 216 10
17 11 215 14
18 11 215 10
17 12 215 14
17 11 214 14
17 11 213 10
16 11 213 10
16 10 213 10
15 10 214 14
16 10 215 14
17 10 216 14
18 10 217 14
17 10 218 14
16 10 218 10
17 10 219 14
17 11 218 14
18 11 219 14
18 12 220 14
18 13 219 14
18 13 220 10
18 13 221 10
18 12 221 10
18 12 222 10
18 13 223 14
18 12 224 14
19 12 224 10
19 13 224 10
20 14 224 14
20 15 224 10
21 16 224 14
20 16 223 14
21 16 223 10
20 16 222 14
20 17 221 14
20 16 220 14
21 16 221 14
21 17 222 14
21 16 222 10
22 17 222 14
22 17 221 10
23 16 221 14
22 16 222 14
23 16 222 10
23 16 223 10
24 16 222 14
25 17 222 14
25 17 221 10
25 18 222 14
24 19 222 14
25 19 221 14
26 19 220 14
26 18 219 14
26 18 218 10
26 17 219 14
26 17 220 10
27 16 220 14
28 15 220 14
29 15 220 10
30 14 220 14
30 15 220 10
31 15 221 14
31 14 222 14
30 15 222 14
29 15 221 14
28 16 221 14
28 16 222 10
29 17 222 14
29 16 221 14
30 16 220 14
31 17 220 14
32 18 220 14
33 19 220 14
33 20 220 10
33 21 219 14
33 22 220 14
34 21 220 14
33 21 220 10
32 20 220 14
32 19 220 10
31 19 219 14
31 20 218 14
31 21 219 14
32 20 219 14
32 21 219 10
31 21 218 14
32 21 218 10
31 22 218 14
30 22 217 14
29 22 216 14
29 22 215 10
29 23 216 14
30 23 216 10
30 23 215 10
30 24 216 14
30 25 216 10
30 26 215 14
30 27 214 14
29 28 214 14
29 28 215 10
28 29 215 14
29 29 215 10
28 28 215 14
28 27 215 10
28 26 214 14
27 26 213 14
27 26 212 10
28 26 212 10
28 25 213 14
28 24 212 14
28 25 212 10
29 25 211 14
29 26 212 14
30 25 212 14
31 26 212 14
31 25 213 14
31 25 212 10
30 25 213 14
30 24 214 14
31 23 214 14
31 22 215 14
31 21 214 14
31 20 213 14
31 19 214 14
31 19 215 10
31 18 216 14
32 18 215 14
33 18 214 14
32 17 214 14
32 18 213 14
33 19 213 14
33 18 212 14
32 17 212 14
31 17 213 14
31 17 214 10
31 18 214 10
32 18 214 10
32 17 215 14
31 18 215 14
32 19 215 14
32 20 215 10
32 21 216 14
32 20 216 10
33 20 216 10
34 21 216 14
33 21 215 14
32 22 215 14
31 22 216 14
31 23 215 14
30 23 214 14
30 22 214 10
31 22 213 14
32 21 213 14
32 20 214 14
33 19 214 14
33 20 214 10
34 20 214 10
34 20 215 10
34 19 215 10
35 18 215 14
36 18 216 14
35 18 217 14
34 17 217 14
34 18 218 14
35 19 218 14
35 18 219 14
35 19 219 10
34 19 219 10
35 19 220 14
36 19 219 14
36 18 218 14
36 19 217 14
37 18 217 14
38 17 217 14
39 17 218 14
39 16 217 14
39 17 217 10
38 17 216 14
37 17 217 14
36 17 216 14
36 17 217 10
37 17 218 14
36 17 218 10
37 16 218 14
37 16 217 10
37 17 216 14
37 18 215 14
36 19 215 14
35 19 216 14
35 20 216 10
36 21 216 14
36 21 215 10
36 22 214 14
36 21 213 14
37 21 214 14
37 22 213 14
37 22 214 10
37 21 215 14
37 20 216 14
38 20 215 14
39 21 215 14
40 21 216 14
39 20 216 14
40 20 217 14
41 20 216 14
40 19 216 14
41 19 217 14
41 20 218 14
41 21 218 10
40 21 218 10
40 20 218 10
41 20 219 14
41 21 219 10
40 21 219 10
41 22 219 14
41 23 219 10
41 22 220 14
42 23 220 14
42 23 221 10
43 23 222 14
44 24 222 14
44 24 221 10
45 23 221 14
44 23 222 14
45 23 222 10
45 22 223 14
44 23 223 14
44 24 224 14
45 25 224 14
45 26 224 10
44 26 223 14
43 26 224 14
42 25 224 14
43 25 224 10
42 24 224 14
41 24 224 10
41 25 223 14
42 25 223 10
43 25 223 10
42 24 223 14
42 25 222 14
43 25 221 14
43 24 220 14
42 24 221 14
42 25 220 14
43 25 220 10
43 24 219 14
44 24 220 14
44 23 221 14
43 22 221 14
43 21 222 14
42 21 223 14
41 21 223 10
40 21 222 14
41 21 221 14
41 22 222 14
42 23 222 14
42 24 222 10
43 25 222 14
43 24 223 14
44 25 223 14
43 26 223 14
43 26 222 10
44 25 222 14
45 25 222 10
46 25 222 10
46 26 221 14
47 27 221 14
48 27 220 14
48 28 219 14
49 29 219 14
48 30 219 14
49 30 218 14
50 31 218 14
50 30 217 14
49 30 217 10
50 30 216 14
51 31 216 14
50 31 215 14
49 30 215 14
48 29 215 14
48 28 214 14
49 28 213 14
49 29 213 10
50 29 214 14
51 29 214 10
51 29 213 10
51 30 213 10
51 29 212 14
50 29 211 14
51 30 211 14
52 30 210 14
52 30 209 10
53 30 208 14
53 30 207 10
53 31 208 14
54 31 209 14
53 31 209 10
53 30 209 10
53 29 209 10
54 30 209 14
55 30 210 14
54 31 210 14
54 31 211 10
54 32 211 10
54 32 210 10
55 32 210 10
56 32 210 10
57 33 210 14
57 34 210 10
56 35 210 14
57 36 210 14
58 36 210 10
58 37 209 14
59 37 209 10
59 38 209 10
59 38 208 10
60 37 208 14
60 36 207 14
61 35 207 14
61 36 208 14
61 37 208 10
61 36 207 14
61 37 207 10
62 38 207 14
63 39 207 14
63 40 208 14
62 40 207 14
61 39 207 14
62 39 206 14
61 40 206 14
62 41 206 14
62 41 207 10
62 42 207 10
62 43 208 14
63 43 207 14
63 42 206 14
63 42 207 10
63 41 206 14
64 40 206 14
63 40 206 10
63 41 205 14
64 41 205 10
63 42 205 14
62 42 205 10
62 42 204 10
62 41 205 14
62 40 204 14
62 39 205 14
61 38 205 14
60 37 205 14
61 36 205 14
60 36 205 10
60 36 204 10
61 37 204 14
62 37 205 14
63 38 205 14
62 38 206 14
61 38 206 10
61 38 207 10
61 39 208 14
62 39 207 14
62 39 208 10
62 38 208 10
62 39 209 14
62 38 210 14
61 38 211 14
60 38 211 10
60 39 211 10
59 39 210 14
59 40 210 10
60 40 209 14
59 40 209 10
58 39 209 14
57 39 210 14
56 39 211 14
55 40 211 14
55 40 210 10
56 40 211 14
55 39 211 14
54 39 212 14
54 38 213 14
55 38 212 14
55 39 212 10
55 39 213 10
54 39 213 10
55 39 214 14
55 40 213 14
56 41 213 14
56 40 213 10
56 39 213 10
56 38 212 14
57 38 213 14
57 38 214 10
56 38 213 14
56 39 212 14
57 39 212 10
56 40 212 14
56 41 211 14
57 40 211 14
58 41 211 14
58 40 210 14
58 39 210 10
57 40 210 14
56 41 210 14
56 42 210 10
57 42 211 14
57 42 212 10
57 43 212 10
58 42 212 14
58 42 211 10
59 42 212 14
58 42 213 14
57 41 213 14
57 40 214 14
57 39 214 10
56 39 214 10
55 40 214 14
55 41 214 10
56 42 214 14
57 42 214 10
57 42 215 10
58 42 216 14
58 43 215 14
58 43 214 10
59 43 214 10
59 42 213 14
59 41 212 14
59 40 211 14
59 40 212 10
60 40 211 14
60 40 210 10
60 39 209 14
60 39 208 10
59 39 207 14
60 39 206 14
60 38 206 10
60 37 207 14
59 37 207 10
59 38 206 14
60 38 205 14
61 38 204 14
60 38 204 10
60 37 203 14
60 37 204 10
59 38 204 14
59 38 203 10
60 38 203 10
60 39 204 14
60 39 203 10
60 39 202 10
60 38 201 14
59 37 201 14
59 38 201 10
59 38 202 10
60 37 202 14
60 36 201 14
59 35 201 14
60 35 202 14
59 35 203 14
58 35 204 14
59 35 205 14
59 34 206 14
58 34 206 10
59 33 206 14
59 33 207 10
59 32 206 14
60 32 205 14
61 33 205 14
61 32 206 14
61 33 207 14
61 33 206 10
60 33 206 10
60 34 206 10
61 34 207 14
62 33 207 14
63 33 208 14
64 33 208 10
65 33 209 14
65 33 208 10
66 32 208 14
65 32 207 14
64 33 207 14
65 33 207 10
65 34 208 14
66 35 208 14
67 35 207 14
68 35 208 14
69 34 208 14
69 35 208 10
69 35 209 10
69 36 210 14
68 36 210 10
68 36 209 10
67 36 210 14
67 37 211 14
68 36 211 14
68 36 212 10
69 37 212 14
68 37 213 14
67 37 213 10
67 38 213 10
66 38 212 14
65 38 211 14
64 39 211 14
64 40 211 10
64 41 211 10
65 41 210 14
65 42 211 14
66 42 212 14
65 41 212 14
65 40 211 14
65 40 210 10
66 39 210 14
65 38 210 14
66 38 209 14
66 39 208 14
65 39 208 10
65 40 208 10
64 40 207 14
64 41 208 14
63 41 207 14
62 41 208 14
61 42 208 14
61 43 209 14
61 44 209 10
61 43 208 14
60 43 209 14
60 44 208 14
61 44 208 10
61 45 208 10
61 46 207 14
61 45 207 10
62 46 207 14
62 46 208 10
62 45 208 10
62 44 208 10
63 44 209 14
63 43 209 10
62 42 209 14
61 41 209 14
62 41 209 10
61 40 209 14
61 39 209 10
60 38 209 14
60 38 210 10
60 39 210 10
61 39 210 10
62 40 210 14
62 41 211 14
63 40 211 14
62 39 211 14
61 40 211 14
61 40 210 10
62 41 210 14
62 40 209 14
62 39 210 14
62 38 209 14
63 38 210 14
64 39 210 14
64 39 209 10
64 38 210 14
64 37 209 14
64 36 210 14
65 36 210 10
66 36 209 14
65 36 208 14
65 36 207 10
64 35 207 14
64 36 206 14
64 35 206 10
65 34 206 14
64 33 206 14
63 33 206 10
63 32 207 14
64 31 207 14
63 31 206 14
63 32 206 10
62 31 206 14
63 31 207 14
64 31 208 14
63 31 208 10
62 31 208 10
61 30 208 14
62 30 209 14
62 31 209 10
61 31 208 14
61 31 209 10
61 32 209 10
62 32 208 14
62 32 209 10
61 32 208 14
62 32 207 14
63 32 208 14
63 31 209 14
62 31 210 14
62 30 211 14
62 29 211 10
61 29 211 10
61 29 210 10
60 30 210 14
60 30 211 10
59 30 212 14
59 31 211 14
59 31 210 10
60 31 210 10
61 30 210 14
61 30 209 10
62 30 208 14
61 30 207 14
61 29 208 14
61 29 209 10
62 29 210 14
62 28 210 10
61 28 210 10
60 28 210 10
60 28 209 10
59 27 209 14
59 28 208 14
60 29 208 14
59 29 207 14
60 29 206 14
61 28 206 14
61 28 207 10
62 28 207 10
63 28 208 14
63 27 209 14
63 28 210 14
64 29 210 14
64 30 209 14
64 30 210 10
65 30 210 10
65 31 210 10
66 31 210 10
66 31 209 10
66 30 209 10
66 29 209 10
67 30 209 14
68 29 209 14
68 30 209 10
69 29 209 14
69 28 208 14
69 28 209 10
70 28 209 10
71 29 209 14
71 29 208 10
71 28 208 10
70 28 207 14
69 29 207 14
69 30 207 10
69 30 208 10
69 29 208 10
69 30 209 14
69 29 210 14
69 28 211 14
70 29 211 14
71 30 211 14
72 30 211 10
72 31 212 14
73 32 212 14
74 32 212 10
74 33 213 14
75 33 212 14
76 32 212 14
76 32 211 10
75 32 211 10
76 33 211 14
77 32 211 14
77 31 210 14
77 31 211 10
76 31 210 14
76 30 209 14
77 31 209 14
78 32 209 14
77 32 210 14
76 33 210 14
77 33 209 14
76 33 209 10
75 33 208 14
75 34 207 14
75 35 207 10
76 35 208 14
75 34 208 14
76 33 208 14
75 33 209 14
75 32 210 14
74 32 211 14
74 31 212 14
75 31 212 10
75 31 213 10
74 32 213 14
74 31 214 14
73 32 214 14
73 32 213 10
72 32 212 14
73 33 212 14
73 33 213 10
74 33 214 14
75 33 213 14
74 33 212 14
74 33 211 10
73 32 211 14
73 31 212 14
74 31 213 14
73 31 213 10
74 30 213 14
74 30 212 10
74 31 211 14
75 31 211 10
76 31 212 14
76 30 211 14
75 30 210 14
75 30 209 10
74 29 209 14
74 28 209 10
73 28 209 10
74 27 209 14
73 27 210 14
74 27 211 14
74 26 210 14
74 25 211 14
73 24 211 14
73 23 210 14
74 23 210 10
74 24 211 14
74 25 212 14
73 25 211 14
73 26 212 14
73 26 211 10
72 26 210 14
72 25 211 14
71 25 210 14
70 26 210 14
71 26 210 10
71 26 209 10
72 26 208 14
71 26 208 10
71 27 207 14
72 27 207 10
72 28 207 10
73 28 206 14
74 29 206 14
73 29 207 14
74 30 207 14
74 29 207 10
74 29 208 10
73 29 208 10
74 28 208 14
74 27 208 10
74 26 209 14
74 26 208 10
74 25 209 14
75 26 209 14
76 26 208 14
76 25 208 10
75 25 209 14
76 25 210 14
77 25 210 10
76 24 210 14
77 24 210 10
77 24 211 10
77 23 212 14
78 23 211 14
79 22 211 14
80 23 211 14
80 22 211 10
81 22 211 10
81 23 210 14
80 24 210 14
81 25 210 14
81 25 209 10
81 26 210 14
82 26 209 14
82 25 209 10
81 26 209 14
81 25 208 14
80 26 208 14
80 26 207 10
80 27 207 10
81 27 206 14
80 26 206 14
79 27 206 14
79 27 207 10
79 26 208 14
79 26 209 10
78 26 209 10
78 26 208 10
77 27 208 14
77 28 209 14
78 29 209 14
77 29 208 14
78 28 208 14
77 28 208 10
77 27 207 14
78 28 207 14
78 27 207 10
78 26 207 10
77 26 208 14
77 25 207 14
77 26 207 10
77 25 206 14
76 25 205 14
76 25 206 10
76 25 207 10
75 24 207 14
75 23 208 14
74 23 209 14
75 23 210 14
75 24 211 14
75 25 210 14
76 26 210 14
76 27 211 14
76 26 211 10
76 27 210 14
76 27 209 10
76 28 209 10
76 29 210 14
77 30 210 14
77 30 209 10
76 30 208 14
76 29 209 14
75 29 208 14
75 29 207 10
75 30 207 10
75 29 206 14
75 28 205 14
75 27 204 14
74 27 203 14
73 26 203 14
73 25 204 14
73 26 204 10
73 25 203 14
74 26 203 14
74 25 204 14
73 25 205 14
72 26 205 14
72 27 205 10
71 26 205 14
70 26 204 14
69 25 204 14
68 26 204 14
68 26 203 10
69 27 203 14
69 28 204 14
69 28 203 10
69 27 202 14
70 26 202 14
70 27 202 10
70 27 201 10
70 28 202 14
69 29 202 14
69 30 202 10
70 30 201 14
71 29 201 14
71 28 200 14
71 28 199 10
71 29 198 14
72 29 197 14
72 30 198 14
71 30 197 14
70 29 197 14
70 30 197 10
69 31 197 14
68 31 198 14
67 31 198 10
68 32 198 14
69 31 198 14
68 30 198 14
68 31 197 14
68 30 197 10
69 30 198 14
70 30 199 14
71 30 200 14
71 30 201 10
71 31 202 14
71 32 203 14
72 32 202 14
72 31 202 10
71 32 202 14
72 32 201 14
72 33 202 14
71 33 201 14
71 34 201 10
71 34 200 10
72 35 200 14
73 36 200 14
74 35 200 14
74 35 199 10
74 34 199 10
75 34 200 14
74 34 200 10
74 33 199 14
74 32 198 14
75 32 199 14
76 32 199 10
75 32 198 14
74 32 197 14
74 31 196 14
74 30 197 14
73 29 197 14
72 30 197 14
73 30 196 14
73 31 197 14
72 31 198 14
71 32 198 14
71 31 199 14
72 31 200 14
73 31 201 14
73 31 202 10
73 32 203 14
74 32 203 10
73 31 203 14
74 31 204 14
75 31 205 14
75 30 206 14
76 29 206 14
76 29 207 10
77 29 207 10
77 28 206 14
77 27 205 14
78 28 205 14
78 27 205 10
78 28 204 14
78 28 203 10
78 27 202 14
78 27 203 10
78 26 204 14
77 27 204 14
77 27 203 10
76 27 202 14
76 26 201 14
76 27 201 10
76 27 200 10
76 26 200 10
76 26 199 10
76 25 198 14
77 25 198 10
76 25 199 14
77 26 199 14
77 26 198 10
76 26 197 14
77 25 197 14
78 25 197 10
79 26 197 14
79 26 196 10
79 25 196 10
79 25 195 10
80 24 195 14
79 24 196 14
78 25 196 14
78 24 196 10
78 24 195 10
77 25 195 14
76 25 196 14
77 25 196 10
77 26 197 14
77 27 196 14
78 26 196 14
78 26 195 10
77 26 195 10
77 26 194 10
76 25 194 14
75 24 194 14
75 23 195 14
75 22 194 14
74 22 195 14
74 21 196 14
74 22 196 10
74 21 195 14
73 21 194 14
74 21 193 14
74 20 192 14
74 20 191 10
75 20 191 10
75 19 192 14
75 18 193 14
76 17 193 14
75 16 193 14
74 16 194 14
73 16 193 14
73 17 192 14
73 16 192 10
73 16 191 10
73 15 191 10
73 14 192 14
74 13 192 14
74 12 193 14
75 12 193 10
75 13 192 14
75 12 191 14
75 11 190 14
74 11 190 10
74 12 189 14
74 11 188 14
75 10 188 14
74 9 188 14
74 9 187 10
74 8 186 14
74 7 186 10
75 7 187 14
75 6 186 14
75 5 186 10
75 4 185 14
74 3 185 14
74 4 184 14
75 4 184 10
74 4 185 14
75 3 185 14
75 2 185 10
75 2 186 10
74 3 186 14
74 2 186 10
74 1 185 14
73 1 185 10
73 0 185 10
72 0 184 14
73 0 183 14
73 0 182 10
72 1 182 14
72 2 181 14
72 3 180 14
73 2 180 14
74 2 179 14
74 1 178 14
74 1 177 10
73 0 177 14
73 0 176 10
74 0 176 10
75 0 175 14
75 1 174 14
75 0 173 14
76 0 173 10
77 0 172 14
78 0 173 14
79 0 172 14
78 0 172 10
79 0 171 14
79 1 171 10
79 2 170 14
79 3 169 14
78 3 168 14
78 4 167 14
77 5 167 14
76 6 167 14
77 6 168 14
77 6 167 10
78 6 166 14
78 5 166 10
79 5 165 14
79 6 165 10
79 7 166 14
79 8 166 10
80 9 166 14
81 9 165 14
82 10 165 14
82 11 165 10
83 11 164 14
82 12 164 14
83 12 165 14
84 12 165 10
84 12 166 10
84 13 165 14
84 14 166 14
85 14 166 10
86 14 167 14
87 15 167 14
88 14 167 14
89 14 168 14
88 13 168 14
87 13 167 14
87 12 166 14
87 13 166 10
86 12 166 14
85 11 166 14
85 12 167 14
85 12 168 10
85 13 169 14
85 13 170 10
85 14 171 14
85 15 171 10
85 16 170 14
86 17 170 14
87 17 171 14
87 16 172 14
87 17 172 10
86 17 171 14
85 17 170 14
85 18 171 14
85 17 172 14
85 18 172 10
84 18 171 14
85 17 171 14
84 16 171 14
84 15 170 14
84 15 171 10
83 15 170 14
84 16 170 14
84 17 169 14
84 18 169 10
84 17 170 14
85 18 170 14
86 18 171 14
86 19 172 14
86 20 173 14
86 19 174 14
87 19 174 10
88 19 173 14
87 20 173 14
87 20 172 10
87 20 171 10
88 20 170 14
89 21 170 14
90 21 171 14
91 21 170 14
91 22 169 14
92 21 169 14
92 20 168 14
92 19 167 14
93 20 167 14
93 21 167 10
93 22 166 14
93 22 165 10
92 22 164 14
91 22 164 10
92 21 164 14
91 21 165 14
91 20 164 14
92 20 165 14
91 19 165 14
91 19 164 10
90 19 163 14
90 19 162 10
89 19 161 14
90 19 160 14
90 20 160 10
90 21 160 10
91 21 160 10
90 21 159 14
91 20 159 14
91 19 158 14
92 19 159 14
92 19 160 10
92 18 161 14
93 19 161 14
93 20 161 10
93 20 160 10
92 21 160 14
92 20 159 14
92 19 158 14
91 20 158 14
90 20 159 14
89 20 160 14
89 21 159 14
89 20 159 10
89 19 159 10
90 18 159 14
89 18 160 14
89 17 161 14
89 17 160 10
90 17 160 10
91 17 159 14
91 16 160 14
92 17 160 14
92 16 161 14
91 17 161 14
91 17 162 10
90 16 162 14
90 15 161 14
90 14 160 14
90 13 159 14
91 13 159 10
90 14 159 14
91 15 159 14
90 15 159 10
89 15 159 10
89 16 158 14
88 16 158 10
88 17 159 14
89 17 159 10
88 16 159 14
88 16 160 10
89 16 160 10
88 15 160 14
89 15 161 14
89 14 162 14
90 15 162 14
90 14 162 10
90 14 161 10
91 14 160 14
91 15 161 14
91 14 162 14
92 14 161 14
92 14 162 10
92 15 162 10
92 15 163 10
92 14 164 14
91 13 164 14
91 13 163 10
92 12 163 14
92 12 164 10
92 13 164 10
93 13 163 14
93 13 162 10
92 13 163 14
91 12 163 14
91 11 162 14
92 11 161 14
91 10 161 14
90 10 160 14
89 10 160 10
89 10 159 10
88 10 158 14
88 9 159 14
87 9 158 14
87 8 158 10
88 8 159 14
88 8 160 10
87 8 160 10
88 7 160 14
88 6 160 10
88 7 159 14
89 7 159 10
90 7 160 14
91 7 159 14
91 6 159 10
90 6 158 14
91 5 158 14
92 5 157 14
92 5 156 10
93 5 156 10
93 4 156 10
93 4 155 10
92 4 156 14
92 4 157 10
92 3 157 10
91 3 158 14
92 3 159 14
93 3 159 10
93 3 160 10
92 3 160 10
91 2 160 14
92 2 160 10
93 2 160 10
93 3 161 14
92 4 161 14
91 5 161 14
91 6 160 14
92 6 160 10
92 7 161 14
93 7 161 10
92 6 161 14
92 6 162 10
91 5 162 14
91 5 163 10
90 6 163 14
89 7 163 14
88 7 162 14
89 8 162 14
89 7 162 10
88 8 162 14
89 8 163 14
88 7 163 14
88 8 163 10
88 9 164 14
88 9 163 10
87 9 164 14
86 9 164 10
87 8 164 14
87 9 163 14
87 10 162 14
86 11 162 14
86 10 163 14
85 11 163 14
85 12 163 10
86 13 163 14
85 13 163 10
85 12 162 14
84 12 161 14
84 12 160 10
84 11 161 14
85 11 160 14
86 10 160 14
87 10 159 14
87 11 159 10
87 10 158 14
86 10 159 14
86 9 160 14
86 9 161 10
86 8 161 10
87 7 161 14
87 7 160 10
86 7 159 14
86 8 160 14
86 7 160 10
87 7 159 14
87 8 159 10
86 8 158 14
86 8 157 10
85 8 158 14
85 8 159 10
86 9 159 14
86 10 158 14
87 10 157 14
86 11 157 14
85 12 157 14
86 12 156 14
85 11 156 14
84 11 156 10
85 11 155 14
86 11 154 14
85 11 153 14
85 12 152 14
86 13 152 14
85 13 153 14
86 13 153 10
86 12 152 14
86 11 151 14
85 12 151 14
85 13 151 10
86 13 150 14
86 14 151 14
87 15 151 14
86 16 151 14
85 15 151 14
86 15 150 14
86 16 149 14
86 16 148 10
85 15 148 14
85 16 147 14
86 16 146 14
86 17 145 14
85 17 144 14
84 18 144 14
84 17 145 14
85 16 145 14
85 15 144 14
85 15 145 10
84 15 144 14
83 15 143 14
84 15 142 14
85 15 143 14
85 14 142 14
84 13 142 14
83 13 142 10
82 13 141 14
81 14 141 14
81 15 140 14
80 15 141 14
79 14 141 14
80 14 140 14
79 13 140 14
78 14 140 14
79 15 140 14
78 15 140 10
77 14 140 14
77 13 139 14
76 12 139 14
77 12 140 14
78 13 140 14
79 13 139 14
79 12 139 10
78 12 140 14
77 11 140 14
77 10 141 14
78 10 141 10
78 9 140 14
78 8 141 14
79 8 140 14
79 9 141 14
78 9 141 10
79 9 142 14
78 10 142 14
77 10 143 14
77 9 142 14
77 8 143 14
77 7 143 10
76 7 143 10
76 7 144 10
76 6 145 14
76 6 144 10
76 5 144 10
75 5 143 14
75 5 142 10
74 5 143 14
74 5 144 10
73 4 144 14
73 5 144 10
73 6 145 14
74 5 145 14
75 6 145 14
76 7 145 14
77 7 144 14
78 7 145 14
78 8 146 14
77 8 145 14
76 9 145 14
75 9 146 14
74 9 147 14
74 10 146 14
74 9 146 10
73 9 147 14
73 8 148 14
72 8 148 10
72 7 147 14
71 6 147 14
71 5 147 10
72 4 147 14
72 4 148 10
73 5 148 14
73 4 149 14
72 5 149 14
73 6 149 14
73 6 148 10
73 5 147 14
73 6 146 14
72 5 146 14
73 4 146 14
72 4 146 10
72 3 147 14
72 2 147 10
73 2 147 10
73 2 146 10
73 1 146 10
73 0 146 10
73 1 145 14
73 0 144 14
73 1 144 10
74 1 144 10
74 2 144 10
75 2 143 14
76 3 143 14
75 3 142 14
74 3 143 14
75 4 143 14
74 4 143 10
74 3 142 14
75 3 141 14
75 3 140 10
75 4 141 14
76 4 141 10
76 5 141 10
77 5 141 10
77 4 140 14
78 3 140 14
77 3 139 14
76 3 139 10
77 3 140 14
77 2 139 14
76 2 139 10
76 3 138 14
76 3 137 10
76 2 136 14
75 3 136 14
76 4 136 14
76 5 135 14
76 6 135 10
75 6 134 14
74 6 133 14
75 7 133 14
75 7 134 10
76 7 133 14
77 7 133 10
78 7 133 10
77 7 134 14
78 6 134 14
77 6 135 14
76 6 136 14
77 5 136 14
77 4 136 10
77 5 137 14
78 5 138 14
77 4 138 14
77 3 137 14
77 2 137 10
78 2 137 10
77 2 138 14
76 2 137 14
76 2 138 10
75 2 137 14
75 1 137 10
74 1 137 10
75 0 137 14
75 0 136 10
74 0 135 14
73 0 136 14
73 1 135 14
73 2 136 14
73 2 135 10
73 1 134 14
72 1 135 14
72 0 135 10
72 0 136 10
73 0 137 14
73 1 136 14
73 0 135 14
72 0 134 14
72 1 133 14
73 1 132 14
73 2 133 14
74 1 133 14
74 0 133 10
75 0 134 14
75 1 134 10
74 1 134 10
73 1 133 14
73 0 134 14
73 0 133 10
74 0 134 14
75 0 135 14
74 0 136 14
74 0 137 10
74 1 136 14
75 1 135 14
74 1 135 10
74 2 136 14
73 3 136 14
74 3 136 10
73 3 137 14
74 2 137 14
73 2 138 14
72 2 137 14
72 1 138 14
71 1 139 14
71 0 138 14
72 0 139 14
72 1 139 10
73 1 138 14
73 1 137 10
74 1 138 14
75 0 138 14
75 1 139 14
76 1 140 14
76 2 140 10
75 1 140 14
74 0 140 14
73 0 139 14
73 0 140 10
73 0 141 10
72 1 141 14
73 1 141 10
73 2 141 10
73 3 141 10
73 3 142 10
74 2 142 14
74 1 141 14
73 1 140 14
72 1 140 10
73 1 139 14
74 1 140 14
74 1 139 10
75 2 139 14
76 1 139 14
77 1 138 14
78 1 137 14
77 1 137 10
76 1 137 10
76 1 138 10
77 1 139 14
78 2 139 14
79 2 138 14
80 2 139 14
80 3 138 14
79 3 139 14
78 4 139 14
78 5 140 14
79 5 141 14
78 5 142 14
79 5 143 14
79 5 142 10
79 6 142 10
80 7 142 14
80 8 141 14
81 7 141 14
81 6 142 14
81 7 142 10
82 7 142 10
82 8 143 14
83 7 143 14
83 8 143 10
83 8 144 10
83 8 145 10
84 7 145 14
83 7 145 10
83 6 146 14
83 5 145 14
82 4 145 14
83 3 145 14
84 4 145 14
85 4 146 14
85 4 147 10
85 3 147 10
85 3 148 10
85 2 149 14
84 2 149 10
83 2 150 14
82 3 150 14
82 4 151 14
81 4 151 10
81 3 150 14
82 3 151 14
82 4 150 14
82 5 150 10
83 5 151 14
83 5 150 10
83 6 149 14
83 7 149 10
84 7 149 10
85 7 149 10
85 7 150 10
86 8 150 14
85 9 150 14
85 8 151 14
85 9 151 10
85 10 150 14
85 11 149 14
85 12 149 10
85 11 150 14
84 11 149 14
83 11 149 10
82 11 150 14
82 12 151 14
83 12 152 14
83 13 153 14
84 14 153 14
84 13 152 14
83 14 152 14
82 13 152 14
81 13 153 14
82 13 153 10
82 12 154 14
81 12 153 14
80 13 153 14
81 14 153 14
80 14 152 14
81 14 151 14
81 15 152 14
82 16 152 14
82 16 151 10
81 17 151 14
81 17 150 10
82 17 151 14
82 18 151 10
82 17 152 14
81 16 152 14
81 15 151 14
82 15 150 14
83 15 150 10
83 16 149 14
83 17 148 14
84 17 149 14
83 18 149 14
82 18 148 14
81 18 147 14
81 18 148 10
82 18 147 14
83 18 147 10
84 19 147 14
85 20 147 14
84 21 147 14
84 20 148 14
84 20 147 10
83 20 146 14
83 20 145 10
83 20 144 10
83 19 143 14
82 18 143 14
82 19 144 14
82 20 145 14
83 19 145 14
83 18 145 10
84 18 145 10
83 18 146 14
83 19 146 10
84 19 145 14
84 18 146 14
85 18 147 14
86 18 148 14
87 18 149 14
87 18 150 10
87 17 150 10
88 17 151 14
89 17 150 14
88 16 150 14
89 15 150 14
88 15 149 14
88 15 148 10
88 16 149 14
88 15 150 14
87 16 150 14
88 16 151 14
89 16 152 14
90 16 151 14
91 16 152 14
91 15 153 14
92 15 152 14
92 14 152 10
93 14 153 14
93 15 152 14
93 16 153 14
92 16 154 14
93 15 154 14
93 15 153 10
92 15 154 14
92 14 153 14
92 13 153 10
91 13 152 14
91 12 151 14
92 11 151 14
93 11 150 14
93 10 150 10
93 9 149 14
93 10 149 10
92 10 148 14
92 9 148 10
91 9 148 10
90 8 148 14
91 7 148 14
90 6 148 14
91 5 148 14
92 5 147 14
92 4 148 14
93 3 148 14
93 4 149 14
92 5 149 14
92 6 149 10
91 7 149 14
91 8 150 14
92 7 150 14
92 8 150 10
91 8 149 14
92 8 149 10
92 7 148 14
92 7 147 10
92 8 148 14
92 9 147 14
91 9 146 14
90 10 146 14
90 9 145 14
90 10 145 10
90 9 146 14
89 8 146 14
88 8 146 10
87 8 146 10
88 8 147 14
88 9 146 14
88 9 145 10
88 9 144 10
87 9 143 14
87 10 143 10
88 10 143 10
89 11 143 14
90 12 143 14
90 13 142 14
90 12 141 14
91 13 141 14
91 13 142 10
91 14 141 14
91 15 140 14
92 14 140 14
93 13 140 14
92 13 141 14
93 13 142 14
92 13 143 14
92 12 144 14
92 12 145 10
93 12 145 10
93 13 145 10
93 12 144 14
93 11 145 14
92 10 145 14
92 11 144 14
91 10 144 14
91 9 145 14
92 9 146 14
93 9 147 14
93 8 148 14
93 8 149 10
93 7 149 10
93 6 149 10
93 6 148 10
93 7 148 10
92 6 148 14
91 6 147 14
91 7 147 10
90 7 146 14
91 7 146 10
90 7 145 14
89 7 144 14
88 7 144 10
87 6 144 14
87 5 144 10
86 4 144 14
86 3 143 14
85 4 143 14
84 4 144 14
84 3 145 14
84 2 145 10
84 1 145 10
83 1 146 14
83 0 145 14
84 0 145 10
85 1 145 14
84 1 146 14
83 1 147 14
83 2 147 10
83 3 147 10
82 4 147 14
81 3 147 14
81 2 146 14
80 2 146 10
79 2 145 14
80 3 145 14
80 2 144 14
79 1 144 14
78 1 144 10
79 2 144 14
78 2 145 14
77 2 146 14
78 2 147 14
78 3 147 10
77 3 146 14
77 4 145 14
78 3 145 14
78 4 144 14
79 5 144 14
79 6 145 14
80 6 144 14
81 6 144 10
82 5 144 14
82 5 143 10
81 5 144 14
82 6 144 14
83 6 145 14
83 7 144 14
84 8 144 14
85 7 144 14
85 7 143 10
85 8 143 10
84 9 143 14
85 9 144 14
84 9 144 10
84 8 145 14
85 9 145 14
86 9 144 14
86 8 145 14
86 8 144 10
86 7 144 10
87 8 144 14
88 8 145 14
89 8 145 10
90 8 144 14
90 8 145 10
90 8 146 10
90 8 147 10
89 9 147 14
89 10 147 10
89 9 148 14
88 9 149 14
88 10 148 14
88 11 149 14
87 11 148 14
87 10 149 14
87 9 149 10
88 8 149 14
88 7 150 14
87 6 150 14
86 5 150 14
87 5 150 10
87 5 149 10
87 6 148 14
87 6 147 10
88 6 147 10
89 6 148 14
88 7 148 14
87 7 149 14
86 7 149 10
86 6 149 10
85 6 149 10
84 6 150 14
84 7 150 10
83 6 150 14
84 5 150 14
85 5 151 14
84 5 151 10
84 4 151 10
85 4 151 10
85 3 151 10
85 2 151 10
85 3 150 14
84 3 149 14
84 4 150 14
84 3 151 14
85 3 152 14
84 4 152 14
83 4 151 14
83 5 152 14
82 6 152 14
83 6 151 14
83 7 150 14
83 8 150 10
82 7 150 14
82 8 151 14
82 9 152 14
82 10 151 14
81 11 151 14
80 11 151 10
80 10 150 14
81 10 149 14
80 11 149 14
79 12 149 14
79 11 148 14
78 12 148 14
78 12 149 10
78 12 150 10
78 11 151 14
77 11 151 10
77 10 152 14
77 10 153 10
76 10 152 14
75 10 152 10
75 10 153 10
75 9 153 10
75 9 152 10
76 8 152 14
76 8 151 10
77 8 152 14
76 7 152 14
76 6 152 10
76 7 151 14
76 6 150 14
77 6 150 10
77 6 149 10
77 5 148 14
77 4 147 14
77 5 146 14
77 4 146 10
76 3 146 14
75 3 146 10
76 3 147 14
75 3 148 14
76 3 148 10
77 2 148 14
78 1 148 14
78 0 147 14
77 0 147 10
76 1 147 14
76 2 147 10
75 1 147 14
75 2 146 14
75 3 145 14
74 4 145 14
75 4 146 14
76 5 146 14
76 4 146 10
76 3 145 14
76 2 146 14
77 2 145 14
76 2 144 14
76 3 144 10
77 4 144 14
78 4 145 14
79 5 145 14
79 4 145 10
79 4 144 10
78 4 143 14
77 3 143 14
77 3 142 10
78 3 143 14
78 2 143 10
78 3 144 14
79 3 145 14
78 3 146 14
79 3 147 14
79 3 148 10
78 3 148 10
78 4 149 14
78 4 148 10
78 3 149 14
78 2 150 14
77 2 151 14
76 2 151 10
76 1 150 14
76 1 151 10
75 0 151 14
75 1 152 14
74 2 152 14
75 2 152 10
74 1 152 14
73 0 152 14
73 1 153 14
72 2 153 14
72 3 154 14
72 3 153 10
73 3 154 14
74 3 154 10
74 4 153 14
75 4 152 14
76 5 152 14
77 5 152 10
78 5 151 14
78 5 152 10
78 4 153 14
78 5 153 10
77 5 153 10
77 4 153 10
77 3 152 14
78 3 151 14
79 3 150 14
80 4 150 14
79 4 150 10
79 5 151 14
80 5 151 10
80 5 152 10
80 4 151 14
79 4 151 10
79 4 152 10
79 3 151 14
79 2 150 14
79 2 151 10
79 1 150 14
79 1 149 10
80 1 149 10
79 1 148 14
80 2 148 14
80 3 148 10
81 3 148 10
80 3 147 14
80 3 146 10
80 2 147 14
79 2 147 10
78 2 146 14
78 1 146 10
79 1 147 14
79 1 146 10
79 0 147 14
80 1 147 14
80 0 147 10
81 0 147 10
82 0 146 14
82 0 145 10
83 0 146 14
83 0 147 10
84 1 147 14
84 0 146 14
85 0 145 14
86 1 145 14
86 2 146 14
86 2 145 10
86 3 145 10
85 3 144 14
85 3 145 10
84 3 146 14
84 2 147 14
85 2 146 14
86 1 146 14
86 0 146 10
85 0 147 14
85 1 146 14
86 1 147 14
86 0 148 14
86 1 148 10
85 0 148 14
84 1 148 14
83 1 148 10
83 2 149 14
82 2 148 14
82 1 147 14
82 2 146 14
83 2 146 10
82 2 147 14
81 2 148 14
82 2 149 14
81 2 149 10
82 2 150 14
81 2 151 14
81 3 152 14
81 4 152 10
82 5 152 14
83 4 152 14
83 3 151 14
82 2 151 14
82 1 150 14
83 1 151 14
83 0 152 14
83 0 151 10
84 0 151 10
84 1 151 10
84 1 152 10
84 2 153 14
85 2 154 14
84 2 155 14
84 1 155 10
83 1 156 14
84 1 157 14
84 2 157 10
83 1 157 14
82 0 157 14
83 0 158 14
83 0 159 10
84 1 159 14
83 1 160 14
84 2 160 14
83 2 160 10
82 3 160 14
81 3 159 14
81 4 159 10
82 3 159 14
83 4 159 14
83 5 158 14
84 4 158 14
84 3 159 14
84 4 160 14
85 3 160 14
84 3 161 14
83 4 161 14
82 4 160 14
81 4 160 10
80 3 160 14
80 4 160 10
81 4 161 14
82 4 162 14
82 4 163 10
81 4 164 14
82 5 164 14
81 5 164 10
80 5 164 10
81 5 163 14
81 6 163 10
80 6 162 14
81 5 162 14
82 5 161 14
81 5 160 14
80 5 160 10
80 4 159 14
80 4 158 10
80 5 159 14
81 5 158 14
81 6 157 14
81 7 156 14
80 8 156 14
80 8 157 10
80 7 156 14
81 8 156 14
81 9 157 14
81 8 158 14
81 7 159 14
80 7 160 14
81 8 160 14
81 7 161 14
81 7 160 10
80 6 160 14
79 7 160 14
79 6 159 14
78 6 158 14
78 5 158 10
78 6 159 14
77 7 159 14
76 8 159 14
77 9 159 14
78 10 159 14
77 10 159 10
76 10 160 14
76 11 159 14
77 11 160 14
77 12 160 10
77 13 161 14
76 12 161 14
77 11 161 14
77 10 162 14
76 10 163 14
76 11 162 14
77 12 162 14
77 11 163 14
77 11 164 10
76 11 163 14
75 11 163 10
75 10 162 14
75 10 163 10
76 9 163 14
75 9 163 10
75 9 164 10
75 9 165 10
76 9 164 14
76 9 165 10
75 9 166 14
74 9 166 10
73 9 165 14
74 9 165 10
73 9 166 14
74 9 167 14
74 8 167 10
74 8 168 10
73 9 168 14
73 8 167 14
74 8 166 14
75 8 165 14
76 8 164 14
76 7 163 14
76 8 163 10
77 7 163 14
77 6 162 14
76 7 162 14
76 8 162 10
75 9 162 14
74 9 161 14
75 9 160 14
74 9 160 10
74 10 159 14
73 10 160 14
73 11 160 10
72 11 161 14
71 10 161 14
72 10 161 10
72 10 160 10
71 9 160 14
72 9 160 10
71 9 161 14
70 9 160 14
69 9 161 14
68 10 161 14
68 9 161 10
67 9 160 14
67 8 161 14
67 7 160 14
67 8 159 14
66 9 159 14
66 8 160 14
66 9 160 10
65 8 160 14
66 7 160 14
66 6 160 10
66 5 160 10
65 5 159 14
65 4 159 10
64 5 159 14
63 5 160 14
63 4 159 14
62 4 160 14
63 3 160 14
64 2 160 14
63 2 160 10
62 2 159 14
62 1 160 14
62 1 159 10
63 1 160 14
64 1 159 14
64 1 160 10
63 1 161 14
63 2 162 14
62 2 163 14
62 2 164 10
61 2 165 14
60 2 164 14
60 2 165 10
61 2 166 14
61 1 166 10
62 2 166 14
63 2 166 10
64 1 166 14
65 1 165 14
65 1 166 10
66 1 165 14
65 1 164 14
64 0 164 14
64 1 163 14
63 1 162 14
62 1 163 14
61 0 163 14
60 0 163 10
61 0 164 14
61 1 164 10
62 1 165 14
62 0 166 14
63 0 166 10
62 0 165 14
62 0 164 10
61 0 165 14
60 0 164 14
60 1 165 14
60 1 164 10
61 2 164 14
61 1 165 14
62 1 164 14
63 0 164 14
63 1 163 14
62 1 162 14
62 0 163 14
63 0 162 14
63 0 163 10
62 0 162 14
61 0 162 10
60 0 162 10
61 1 162 14
62 2 162 14
61 2 162 10
60 2 163 14
59 1 163 14
60 1 162 14
61 1 163 14
61 2 163 10
60 3 163 14
61 4 163 14
60 4 162 14
59 4 162 10
58 3 162 14
57 4 162 14
57 4 163 10
57 3 162 14
56 3 163 14
56 4 162 14
55 3 162 14
55 3 163 10
56 4 163 14
57 4 164 14
57 4 165 10
57 3 164 14
57 2 163 14
58 3 163 14
58 4 162 14
57 5 162 14
56 5 161 14
55 5 161 10
55 5 162 10
55 4 161 14
56 3 161 14
57 3 160 14
57 3 159 10
57 4 158 14
58 5 158 14
59 5 157 14
58 4 157 14
58 4 158 10
59 5 158 14
60 4 158 14
59 4 159 14
58 4 159 10
58 3 158 14
57 3 157 14
56 3 158 14
55 3 158 10
56 3 157 14
56 2 158 14
57 2 157 14
58 2 157 10
57 1 157 14
57 0 157 10
58 0 156 14
59 0 156 10
59 1 156 10
59 0 155 14
58 1 155 14
58 1 154 10
58 1 153 10
58 2 154 14
59 2 153 14
59 1 153 10
60 1 153 10
59 1 154 14
60 1 155 14
61 0 155 14
61 1 155 10
62 0 155 14
62 0 154 10
61 0 154 10
62 1 154 14
63 0 154 14
63 1 155 14
62 1 156 14
62 2 156 10
62 2 155 10
61 2 155 10
60 2 155 10
59 2 154 14
59 3 154 10
60 3 154 10
60 3 153 10
61 3 153 10
60 4 153 14
59 4 153 10
58 3 153 14
58 3 152 10
57 2 152 14
57 1 152 10
56 0 152 14
55 0 152 10
54 0 152 10
55 0 151 14
55 1 152 14
56 1 151 14
55 1 150 14
56 1 150 10
56 0 151 14
57 0 150 14
58 1 150 14
58 2 151 14
57 2 150 14
58 3 150 14
57 3 149 14
56 3 148 14
57 2 148 14
58 2 148 10
57 2 147 14
56 3 147 14
55 3 146 14
56 2 146 14
57 2 145 14
57 3 145 10
57 4 145 10
57 3 144 14
58 3 143 14
57 4 143 14
56 4 144 14
55 4 144 10
54 4 143 14
53 4 143 10
54 5 143 14
53 5 142 14
53 5 143 10
52 4 143 14
52 5 143 10
53 6 143 14
52 6 142 14
52 7 143 14
51 7 142 14
52 7 142 10
52 8 143 14
53 8 142 14
53 9 141 14
54 9 142 14
54 8 142 10
54 9 141 14
53 9 142 14
52 10 142 14
53 10 142 10
52 11 142 14
52 12 142 10
51 12 141 14
50 11 141 14
49 11 141 10
49 11 142 10
50 11 143 14
51 11 142 14
52 11 141 14
53 11 141 10
53 10 141 10
52 10 140 14
51 10 140 10
51 11 139 14
51 12 139 10
52 12 140 14
52 12 141 10
51 11 141 14
51 10 141 10
50 10 142 14
51 10 143 14
52 10 143 10
53 11 143 14
54 11 142 14
54 11 141 10
53 11 140 14
53 10 140 10
53 9 140 10
54 9 139 14
54 9 138 10
54 8 137 14
54 7 137 10
54 6 137 10
53 7 137 14
53 6 136 14
52 6 135 14
51 6 136 14
51 5 136 10
50 6 136 14
50 6 137 10
49 5 137 14
49 4 137 10
49 4 138 10
50 4 139 14
50 5 140 14
49 4 140 14
48 5 140 14
48 5 141 10
48 5 142 10
48 4 142 10
47 4 141 14
46 4 141 10
47 5 141 14
47 6 140 14
46 6 140 10
45 6 140 10
44 6 140 10
43 7 140 14
44 7 141 14
43 6 141 14
43 5 142 14
43 6 143 14
43 5 144 14
43 5 145 10
43 6 146 14
43 6 145 10
42 5 145 14
42 5 144 10
42 4 143 14
43 3 143 14
44 3 143 10
45 3 144 14
46 3 145 14
46 4 145 10
47 4 146 14
48 4 145 14
47 5 145 14
46 5 146 14
45 5 145 14
44 5 145 10
44 5 144 10
44 4 144 10
44 4 145 10
44 3 146 14
43 2 146 14
42 3 146 14
42 4 147 14
41 4 147 10
40 3 147 14
40 2 148 14
41 2 149 14
40 1 149 14
39 0 149 14
39 0 150 10
38 1 150 14
39 1 151 14
40 1 152 14
39 1 153 14
39 0 153 10
39 1 154 14
38 2 154 14
38 1 155 14
37 2 155 14
37 1 154 14
37 2 154 10
36 3 154 14
37 4 154 14
37 3 155 14
38 2 155 14
39 2 154 14
38 1 154 14
37 1 153 14
36 1 153 10
36 0 153 10
36 1 154 14
37 0 154 14
36 0 155 14
35 1 155 14
35 2 154 14
36 2 155 14
36 1 155 10
37 1 156 14
37 1 157 10
38 1 157 10
39 1 156 14
40 1 157 14
40 2 158 14
40 3 157 14
41 2 157 14
41 1 158 14
41 1 157 10
42 1 157 10
42 0 157 10
41 0 157 10
40 0 158 14
41 0 158 10
41 0 159 10
40 0 160 14
40 1 159 14
39 0 159 14
39 1 158 14
38 2 158 14
39 3 158 14
40 3 159 14
41 3 160 14
42 2 160 14
43 2 161 14
43 1 162 14
44 0 162 14
44 1 163 14
43 2 163 14
43 2 164 10
43 3 165 14
44 3 164 14
44 3 163 10
45 2 163 14
46 2 163 10
45 1 163 14
44 0 163 14
43 0 162 14
42 1 162 14
42 1 163 10
42 2 164 14
41 2 164 10
41 3 163 14
41 3 162 10
42 3 163 14
41 3 164 14
40 3 164 10
39 3 165 14
39 2 164 14
39 1 165 14
39 2 166 14
39 2 167 10
38 2 168 14
38 1 169 14
39 1 170 14
39 0 170 10
39 1 169 14
39 2 168 14
40 2 168 10
40 1 168 10
39 1 167 14
38 1 168 14
38 2 167 14
37 1 167 14
37 1 168 10
36 1 168 10
35 0 168 14
36 0 169 14
36 0 168 10
35 0 167 14
35 0 166 10
35 0 165 10
36 0 166 14
36 1 165 14
35 1 166 14
34 1 167 14
35 1 167 10
34 1 166 14
34 0 167 14
33 0 168 14
33 1 167 14
33 2 166 14
34 2 165 14
34 1 164 14
33 0 164 14
33 0 163 10
33 1 164 14
34 1 163 14
33 1 162 14
32 1 162 10
33 1 161 14
33 0 161 10
32 0 162 14
31 1 162 14
30 2 162 14
30 3 162 10
30 4 163 14
31 5 163 14
32 5 164 14
32 6 165 14
33 5 165 14
34 6 165 14
34 6 164 10
35 6 163 14
36 5 163 14
36 6 163 10
36 5 164 14
35 5 163 14
35 4 164 14
36 4 163 14
37 4 163 10
37 5 162 14
37 5 163 10
37 6 164 14
37 5 165 14
36 5 166 14
36 4 167 14
35 4 167 10
35 3 168 14
35 4 169 14
34 3 169 14
34 4 170 14
34 3 170 10
34 2 170 10
33 1 170 14
33 0 171 14
33 0 172 10
33 1 173 14
34 2 173 14
34 2 172 10
35 2 173 14
36 2 173 10
37 2 173 10
38 2 172 14
37 2 171 14
38 1 171 14
37 1 170 14
38 1 170 10
38 2 171 14
39 2 172 14
39 2 171 10
39 1 172 14
39 2 173 14
38 3 173 14
39 4 173 14
40 4 172 14
41 4 173 14
40 5 173 14
41 5 174 14
40 6 174 14
39 5 174 14
38 5 174 10
37 5 173 14
37 6 174 14
37 6 175 10
38 5 175 14
38 4 174 14
37 4 173 14
37 3 173 10
37 2 174 14
37 2 175 10
36 2 175 10
36 2 176 10
36 1 176 10
35 0 176 14
35 1 176 10
36 1 175 14
37 1 176 14
37 2 177 14
37 3 178 14
36 4 178 14
36 3 177 14
36 4 177 10
36 4 176 10
37 4 175 14
37 3 175 10
38 3 174 14
38 2 175 14
37 2 176 14
37 1 175 14
37 0 174 14
38 0 175 14
38 1 174 14
37 1 173 14
37 1 174 10
36 1 174 10
35 1 174 10
34 2 174 14
33 3 174 14
33 4 175 14
32 4 174 14
31 5 174 14
30 5 174 10
29 5 175 14
29 5 176 10
29 6 175 14
30 5 175 14
29 5 174 14
28 6 174 14
28 5 173 14
28 6 173 10
27 6 174 14
26 6 174 10
26 5 175 14
27 5 176 14
27 4 176 10
28 4 176 10
28 5 175 14
27 5 174 14
26 5 173 14
26 5 174 10
25 5 173 14
24 5 174 14
23 6 174 14
23 7 173 14
24 7 173 10
25 6 173 14
26 7 173 14
27 7 174 14
27 6 173 14
27 7 172 14
26 8 172 14
27 9 172 14
27 10 171 14
27 9 170 14
26 8 170 14
25 8 171 14
26 8 171 10
26 7 170 14
27 6 170 14
26 6 169 14
25 6 169 10
24 6 170 14
24 7 169 14
24 7 170 10
24 6 171 14
23 6 172 14
23 6 173 10
24 5 173 14
25 4 173 14
25 5 174 14
26 4 174 14
27 4 173 14
28 3 173 14
29 3 172 14
29 3 171 10
29 2 172 14
28 1 172 14
28 2 171 14
29 1 171 14
28 0 171 14
27 0 170 14
27 1 171 14
27 1 172 10
28 2 172 14
27 3 172 14
26 2 172 14
26 3 173 14
26 4 172 14
27 4 171 14
28 5 171 14
29 4 171 14
29 4 170 10
29 3 169 14
29 2 168 14
30 3 168 14
30 3 169 10
29 2 169 14
29 1 170 14
30 1 171 14
29 2 171 14
30 2 170 14
31 3 170 14
30 4 170 14
30 5 170 10
30 4 171 14
31 3 171 14
31 2 170 14
30 3 170 14
30 2 171 14
31 2 172 14
31 1 173 14
31 1 172 10
31 1 171 10
30 0 171 14
31 0 171 10
32 0 171 10
32 0 172 10
31 0 173 14
30 0 174 14
30 1 173 14
29 1 173 10
28 1 174 14
27 0 174 14
27 0 175 10
28 0 174 14
29 0 175 14
29 0 176 10
29 1 176 10
28 1 176 10
27 1 175 14
26 1 175 10
26 0 174 14
26 0 173 10
27 0 172 14
28 0 173 14
28 1 173 10
28 0 172 14
29 0 172 10
30 0 173 14
30 1 172 14
30 2 173 14
30 2 172 10
29 1 172 14
29 0 173 14
30 0 172 14
29 0 171 14
29 0 170 10
30 1 170 14
30 1 169 10
30 2 168 14
31 3 168 14
31 4 167 14
32 3 167 14
33 2 167 14
32 2 166 14
31 1 166 14
31 0 165 14
31 1 165 10
30 1 166 14
31 0 166 14
32 0 165 14
33 0 165 10
33 1 165 10
32 1 164 14
32 2 165 14
33 2 165 10
32 1 165 14
31 2 165 14
30 2 165 10
31 3 165 14
30 3 166 14
31 3 167 14
31 4 168 14
31 5 169 14
31 4 170 14
31 4 169 10
31 5 170 14
32 6 170 14
33 6 170 10
33 7 169 14
32 7 170 14
31 7 169 14
31 6 169 10
31 6 170 10
30 7 170 14
30 7 171 10
29 7 172 14
28 8 172 14
28 8 173 10
28 9 173 10
28 10 174 14
27 9 174 14
27 10 174 10
27 11 173 14
26 11 173 10
26 12 172 14
25 13 172 14
25 14 172 10
26 13 172 14
26 13 171 10
25 14 171 14
25 15 171 10
24 16 171 14
24 16 172 10
25 16 172 10
25 17 172 10
25 16 171 14
24 15 171 14
23 15 170 14
22 15 170 10
22 15 169 10
23 15 169 10
23 14 169 10
22 14 170 14
22 15 171 14
23 14 171 14
23 14 172 10
23 15 173 14
23 14 174 14
23 14 175 10
24 15 175 14
25 14 175 14
25 14 176 10
26 14 175 14
27 15 175 14
27 14 175 10
27 14 176 10
28 14 175 14
29 13 175 14
29 12 175 10
29 11 175 10
30 10 175 14
29 10 176 14
30 10 176 10
30 10 177 10
30 9 176 14
29 9 175 14
30 8 175 14
30 8 174 10
30 9 173 14
30 10 174 14
29 10 175 14
29 9 176 14
28 9 175 14
28 8 174 14
28 8 175 10
27 8 174 14
27 8 173 10
26 9 173 14
26 8 173 10
25 8 174 14
25 9 174 10
25 8 175 14
26 8 174 14
26 9 174 10
25 9 173 14
24 9 173 10
25 8 173 14
25 9 172 14
25 10 173 14
24 10 172 14
24 11 173 14
24 10 173 10
25 10 174 14
25 11 173 14
24 11 174 14
24 12 174 10
24 13 174 10
23 12 174 14
23 11 174 10
23 12 173 14
24 12 172 14
23 12 172 10
22 12 172 10
22 12 173 10
22 11 172 14
22 10 172 10
23 10 173 14
22 11 173 14
23 11 173 10
22 10 173 14
21 9 173 14
21 8 172 14
20 8 172 10
19 8 171 14
19 9 170 14
20 9 171 14
20 9 172 10
19 9 172 10
18 9 173 14
17 8 173 14
16 8 172 14
16 9 173 14
16 10 174 14
16 11 174 10
17 12 174 14
17 13 173 14
18 13 174 14
18 14 173 14
18 15 174 14
18 16 174 10
17 15 174 14
17 15 175 10
17 14 174 14
16 14 173 14
17 15 173 14
16 15 173 10
16 14 172 14
16 15 172 10
17 14 172 14
17 13 171 14
17 12 170 14
17 11 169 14
17 10 169 10
16 11 169 14
15 11 170 14
14 11 171 14
14 12 170 14
13 12 169 14
13 12 168 10
13 13 167 14
14 13 167 10
14 12 168 14
14 13 168 10
15 14 168 14
15 14 169 10
16 13 169 14
17 13 170 14
17 12 169 14
17 11 168 14
16 11 167 14
16 12 168 14
15 12 169 14
14 12 169 10
14 13 169 10
13 13 169 10
14 13 170 14
15 13 169 14
15 12 168 14
15 12 167 10
14 12 166 14
14 13 165 14
13 13 165 10
13 14 165 10
14 14 166 14
14 15 165 14
14 16 166 14
13 16 166 10
13 15 166 10
13 14 166 10
12 14 166 10
11 13 166 14
11 14 166 10
11 15 165 14
11 15 166 10
10 15 167 14
10 14 166 14
9 14 165 14
8 15 165 14
9 15 165 10
8 15 164 14
7 15 164 10
7 16 163 14
8 15 163 14
8 14 162 14
9 14 161 14
8 14 160 14
7 14 159 14
8 15 159 14
8 15 160 10
8 14 159 14
7 14 158 14
8 15 158 14
9 15 158 10
10 15 158 10
10 16 158 10
9 16 157 14
9 17 157 10
10 17 158 14
11 17 157 14
12 17 158 14
12 17 159 10
11 18 159 14
12 19 159 14
13 19 158 14
14 19 159 14
14 20 158 14
15 19 158 14
14 18 158 14
13 18 158 10
13 18 159 10
13 19 160 14
13 20 159 14
12 20 158 14
12 19 157 14
11 19 157 10
11 20 156 14
10 19 156 14
9 20 156 14
9 19 155 14
10 19 154 14
10 18 155 14
10 17 154 14
10 17 153 10
11 17 154 14
11 17 155 10
12 17 156 14
12 16 157 14
13 16 157 10
13 16 158 10
14 16 157 14
15 16 158 14
15 17 158 10
16 17 157 14
16 18 158 14
16 17 159 14
16 18 160 14
15 18 160 10
15 18 161 10
14 18 161 10
14 18 160 10
14 18 159 10
15 19 159 14
16 20 159 14
15 20 159 10
15 21 158 14
16 22 158 14
16 21 159 14
17 21 159 10
18 21 158 14
18 20 159 14
18 20 160 10
17 21 160 14
18 22 160 14
17 23 160 14
17 22 159 14
18 21 159 14
19 22 159 14
19 21 159 10
20 20 159 14
21 20 159 10
21 19 158 14
20 19 159 14
20 20 158 14
20 19 157 14
20 18 158 14
19 17 158 14
19 16 157 14
19 17 156 14
20 17 156 10
20 16 155 14
20 17 155 10
21 17 155 10
21 16 156 14
22 16 155 14
23 16 154 14
23 17 155 14
24 18 155 14
24 18 154 10
24 19 154 10
25 19 155 14
26 18 155 14
26 17 154 14
27 18 154 14
27 18 155 10
27 19 154 14
28 19 155 14
28 18 156 14
28 19 156 10
27 18 156 14
27 17 155 14
28 17 156 14
29 17 157 14
29 17 158 10
28 17 157 14
27 17 156 14
28 16 156 14
29 17 156 14
29 16 157 14
29 16 158 10
29 15 159 14
28 15 159 10
27 15 160 14
26 15 159 14
25 15 159 10
24 14 159 14
24 15 158 14
24 16 159 14
24 16 158 10
23 17 158 14
24 17 158 10
23 16 158 14
24 16 157 14
24 15 157 10
23 14 157 14
23 14 156 10
23 13 157 14
24 14 157 14
24 15 156 14
25 16 156 14
25 16 155 10
25 17 154 14
26 18 154 14
27 17 154 14
27 16 155 14
28 16 154 14
28 17 155 14
29 17 155 10
28 18 155 14
28 18 154 10
29 18 155 14
30 18 154 14
31 18 155 14
31 17 155 10
30 17 155 10
30 18 156 14
31 19 156 14
32 19 157 14
32 20 156 14
31 20 155 14
32 20 155 10
31 20 156 14
32 21 156 14
33 21 157 14
33 20 156 14
33 20 155 10
34 20 155 10
35 19 155 14
34 19 155 10
34 18 154 14
35 19 154 14
36 19 154 10
36 20 155 14
36 21 155 10
36 22 154 14
35 22 154 10
36 23 154 14
37 22 154 14
38 23 154 14
38 22 154 10
37 23 154 14
38 23 153 14
39 23 152 14
40 23 151 14
39 23 150 14
39 22 149 14
39 22 148 10
39 21 148 10
40 21 147 14
40 20 146 14
40 19 146 10
39 19 145 14
39 19 144 10
39 18 144 10
39 17 144 10
39 18 143 14
39 19 143 10
38 19 142 14
37 19 141 14
37 20 141 10
36 19 141 14
35 19 142 14
35 19 143 10
35 20 144 14
35 19 144 10
36 19 145 14
35 20 145 14
35 20 146 10
36 19 146 14
37 20 146 14
36 20 147 14
35 20 147 10
35 19 148 14
35 20 149 14
34 20 148 14
33 20 149 14
34 20 150 14
35 21 150 14
35 21 149 10
34 21 148 14
34 20 147 14
34 21 146 14
33 21 146 10
34 22 146 14
33 22 147 14
32 22 147 10
32 23 146 14
32 23 145 10
32 22 144 14
31 21 144 14
30 21 144 10
30 22 143 14
31 21 143 14
31 20 143 10
32 19 143 14
31 19 142 14
32 19 141 14
33 20 141 14
33 20 140 10
33 21 141 14
33 21 142 10
32 22 142 14
32 22 143 10
32 23 143 10
32 24 144 14
32 25 143 14
31 25 142 14
31 26 141 14
31 26 142 10
32 27 142 14
32 28 143 14
32 27 144 14
31 26 144 14
30 27 144 14
30 28 144 10
30 27 143 14
30 26 144 14
31 27 144 14
31 26 143 14
30 26 142 14
30 25 141 14
29 25 141 10
29 26 140 14
29 27 139 14
28 27 139 10
27 27 139 10
26 27 140 14
26 26 141 14
25 26 140 14
25 25 140 10
24 24 140 14
23 25 140 14
23 26 139 14
22 26 138 14
23 26 138 10
24 27 138 14
23 27 137 14
24 27 136 14
25 26 136 14
26 27 136 14
25 27 137 14
24 27 137 10
25 26 137 14
25 25 138 14
24 25 137 14
23 25 136 14
22 25 136 10
21 25 137 14
21 24 136 14
20 24 137 14
20 24 136 10
20 25 136 10
20 24 135 14
19 24 136 14
18 23 136 14
17 22 136 14
18 21 136 14
17 21 135 14
18 20 135 14
18 20 136 10
19 20 137 14
20 20 136 14
20 21 136 10
20 22 136 10
19 22 136 10
20 22 135 14
21 22 134 14
21 21 134 10
22 20 134 14
22 19 134 10
21 19 134 10
20 20 134 14
19 20 133 14
19 19 134 14
20 19 134 10
21 19 133 14
22 20 133 14
21 20 132 14
21 20 133 10
21 20 134 10
21 19 135 14
22 18 135 14
21 17 135 14
22 17 135 10
22 18 134 14
21 18 134 10
21 17 134 10
20 17 134 10
20 17 135 10
19 16 135 14
19 15 135 10
20 15 135 10
21 16 135 14
20 16 134 14
19 15 134 14
19 14 133 14
20 15 133 14
21 15 133 10
21 16 132 14
21 15 132 10
22 15 133 14
22 14 133 10
22 15 134 14
22 16 134 10
21 16 133 14
21 17 133 10
21 16 134 14
21 15 134 10
21 14 133 14
21 14 134 10
20 15 134 14
20 16 135 14
21 15 135 14
21 16 136 14
20 16 137 14
20 15 136 14
20 14 137 14
21 13 137 14
22 14 137 14
22 13 138 14
23 13 139 14
23 12 140 14
24 13 140 14
24 13 141 10
25 13 142 14
25 12 142 10
26 12 141 14
26 13 142 14
27 13 142 10
27 12 142 10
27 11 141 14
28 11 140 14
27 11 139 14
26 11 138 14
25 11 139 14
26 12 139 14
25 13 139 14
25 12 140 14
26 11 140 14
26 10 139 14
27 10 140 14
28 10 139 14
28 11 139 10
29 12 139 14
29 12 140 10
28 12 141 14
28 11 141 10
28 10 140 14
29 10 139 14
28 9 139 14
29 9 138 14
29 8 138 10
30 8 139 14
30 7 138 14
30 7 139 10
29 8 139 14
29 8 140 10
30 9 140 14
31 9 141 14
31 9 142 10
32 9 141 14
32 8 142 14
32 9 143 14
32 10 143 10
32 10 142 10
31 10 142 10
31 11 142 10
30 10 142 14
30 10 141 10
29 11 141 14
29 11 142 10
28 12 142 14
28 11 142 10
29 11 143 14
29 12 142 14
29 13 142 10
29 13 141 10
28 14 141 14
28 13 142 14
28 12 143 14
29 12 144 14
29 13 144 10
28 13 145 14
28 13 144 10
28 14 145 14
27 14 146 14
27 13 147 14
27 12 146 14
28 13 146 14
28 14 146 10
27 14 145 14
27 13 145 10
27 14 144 14
27 13 144 10
26 14 144 14
26 14 143 10
25 15 143 14
26 16 143 14
26 17 142 14
25 18 142 14
24 19 142 14
24 19 141 10
24 18 142 14
24 18 141 10
24 17 142 14
24 16 143 14
23 16 143 10
24 17 143 14
23 17 143 10
23 18 143 10
23 17 144 14
23 18 144 10
23 18 145 10
24 18 145 10
24 18 144 10
25 18 145 14
26 18 146 14
26 17 146 10
25 18 146 14
25 18 147 10
24 18 148 14
23 18 149 14
24 18 150 14
24 17 149 14
23 17 150 14
23 16 150 10
22 17 150 14
21 18 150 14
22 18 151 14
23 18 150 14
23 19 151 14
22 19 151 10
22 20 152 14
22 21 152 10
21 22 152 14
21 21 153 14
20 21 154 14
19 21 155 14
20 22 155 14
21 22 154 14
20 22 153 14
19 22 153 10
20 22 154 14
21 23 154 14
22 22 154 14
22 22 155 10
21 22 155 10
20 21 155 14
21 21 155 10
22 21 154 14
22 20 155 14
21 20 155 10
22 20 154 14
21 19 154 14
21 19 155 10
21 19 156 10
20 20 156 14
19 20 155 14
18 19 155 14
18 19 156 10
17 18 156 14
18 18 157 14
19 17 157 14
20 16 157 14
20 15 156 14
20 14 155 14
20 14 154 10
20 13 153 14
20 13 152 10
21 13 153 14
20 13 154 14
20 12 153 14
19 11 153 14
18 11 153 10
17 10 153 14
16 10 152 14
17 10 151 14
17 9 150 14
17 10 149 14
17 10 148 10
18 9 148 14
17 9 147 14
16 10 147 14
16 10 146 10
16 10 145 10
15 10 145 10
14 11 145 14
14 12 146 14
14 12 145 10
13 13 145 14
14 13 144 14
14 12 144 10
13 13 144 14
12 12 144 14
12 13 145 14
11 13 145 10
10 13 146 14
9 13 145 14
9 12 145 10
10 13 145 14
10 13 144 10
10 12 144 10
11 12 144 10
11 12 143 10
11 11 143 10
10 11 144 14
9 11 143 14
8 11 142 14
8 12 141 14
8 13 140 14
8 14 140 10
7 14 141 14
7 15 140 14
6 15 139 14
5 15 138 14
6 15 137 14
7 16 137 14
8 16 138 14
8 17 139 14
8 17 140 10
7 16 140 14
8 16 140 10
9 16 140 10
9 15 139 14
8 14 139 14
8 15 138 14
8 15 139 10
7 16 139 14
7 17 138 14
7 17 139 10
7 17 140 10
7 18 140 10
7 19 140 10
8 20 140 14
7 21 140 14
8 22 140 14
9 21 140 14
9 20 140 10
9 19 140 10
10 19 139 14
10 19 138 10
9 19 138 10
9 18 138 10
8 17 138 14
7 16 138 14
7 15 137 14
8 14 137 14
7 14 138 14
6 14 138 10
7 15 138 14
6 15 138 10
6 16 138 10
6 17 138 10
5 17 138 10
5 16 139 14
4 17 139 14
4 16 140 14
5 16 141 14
4 16 142 14
4 15 143 14
5 16 143 14
4 16 143 10
3 16 144 14
3 15 144 10
2 15 144 10
1 15 143 14
1 15 142 10
1 16 142 10
1 15 141 14
2 15 142 14
2 15 143 10
1 16 143 14
1 17 144 14
1 18 145 14
1 18 146 10
1 17 147 14
1 18 147 10
1 19 147 10
2 19 147 10
3 18 147 14
3 17 147 10
4 17 146 14
4 18 147 14
4 19 147 10
5 18 147 14
5 19 148 14
6 18 148 14
6 19 148 10
6 20 148 10
6 20 147 10
7 21 147 14
7 22 148 14
7 21 148 10
8 21 147 14
8 21 148 10
8 22 149 14
8 23 150 14
9 23 149 14
8 23 148 14
8 23 147 10
7 22 147 14
7 21 146 14
6 21 147 14
5 20 147 14
6 20 146 14
6 21 145 14
7 21 144 14
7 21 143 10
7 20 144 14
7 19 144 10
6 19 143 14
7 18 143 14
7 19 142 14
6 19 142 10
5 19 143 14
5 19 144 10
4 18 144 14
4 17 144 10
4 18 145 14
5 18 146 14
6 18 145 14
6 19 146 14
7 19 147 14
7 20 146 14
8 21 146 14
8 22 145 14
7 22 144 14
7 22 145 10
8 22 144 14
8 23 144 10
9 24 144 14
10 23 144 14
11 23 145 14
11 22 144 14
11 21 144 10
11 21 143 10
10 21 143 10
9 20 143 14
9 21 142 14
9 22 141 14
8 22 141 10
7 22 141 10
7 22 142 10
8 22 142 10
8 21 141 14
7 21 142 14
7 20 141 14
6 20 141 10
6 21 140 14
5 21 139 14
4 21 139 10
5 21 140 14
5 22 139 14
5 22 140 10
5 22 141 10
4 23 141 14
5 23 140 14
6 22 140 14
7 22 140 10
7 21 139 14
8 21 140 14
9 22 140 14
9 23 139 14
8 24 139 14
8 23 140 14
7 24 140 14
7 23 140 10
7 23 141 10
8 23 141 10
7 23 142 14
6 23 141 14
6 22 141 10
7 21 141 14
6 21 141 10
6 20 142 14
6 21 142 10
6 21 143 10
6 20 143 10
5 20 142 14
5 21 142 10
4 21 143 14
3 21 144 14
2 21 144 10
1 20 144 14
0 19 144 14
0 19 145 10
0 20 145 10
0 20 146 10
1 20 146 10
1 19 145 14
2 19 146 14
2 20 145 14
2 20 144 10
1 21 144 14
0 22 144 14
0 21 143 14
0 22 142 14
1 21 142 14
1 21 141 10
1 22 140 14
2 23 140 14
1 24 140 14
1 25 139 14
2 25 139 10
2 25 138 10
1 26 138 14
1 27 137 14
1 28 136 14
1 28 137 10
2 28 138 14
1 28 139 14
1 27 139 10
1 27 138 10
1 28 138 10
0 29 138 14
0 30 137 14
1 30 137 10
2 31 137 14
3 32 137 14
4 32 136 14
4 31 137 14
4 30 136 14
5 31 136 14
6 30 136 14
6 29 136 10
6 29 137 10
5 29 136 14
4 29 137 14
3 30 137 14
4 30 137 10
5 29 137 14
6 30 137 14
6 30 138 10
7 29 138 14
7 29 137 10
7 30 138 14
7 31 138 10
7 32 139 14
7 33 138 14
6 33 137 14
6 34 136 14
6 34 137 10
6 35 136 14
7 35 137 14
8 34 137 14
9 34 138 14
10 34 139 14
9 35 139 14
10 35 140 14
10 36 141 14
10 37 142 14
11 36 142 14
11 35 141 14
10 34 141 14
11 33 141 14
11 34 140 14
11 35 139 14
11 36 138 14
10 35 138 14
10 36 139 14
9 36 140 14
8 36 139 14
8 36 138 10
9 37 138 14
9 36 138 10
9 36 137 10
9 35 136 14
9 34 137 14
8 34 138 14
8 33 137 14
8 33 138 10
7 33 139 14
8 33 139 10
9 33 138 14
9 34 139 14
10 34 138 14
9 35 138 14
10 36 138 14
11 36 137 14
11 35 136 14
11 36 136 10
11 35 135 14
10 35 135 10
9 36 135 14
8 35 135 14
8 34 134 14
8 33 134 10
8 34 133 14
8 33 132 14
7 34 132 14
7 34 133 10
7 34 134 10
8 34 135 14
7 35 135 14
7 36 136 14
8 35 136 14
7 35 136 10
7 34 135 14
6 33 135 14
7 33 135 10
7 34 136 14
7 34 137 10
8 34 136 14
9 34 135 14
10 34 136 14
11 34 135 14
11 35 134 14
12 36 134 14
11 37 134 14
11 36 133 14
11 35 133 10
11 34 134 14
11 33 135 14
10 34 135 14
10 35 136 14
9 34 136 14
10 34 137 14
10 33 137 10
11 34 137 14
11 33 138 14
11 32 137 14
10 32 138 14
9 32 137 14
8 31 137 14
9 31 136 14
9 32 135 14
9 32 136 10
8 32 137 14
8 31 138 14
9 31 137 14
8 31 136 14
7 31 137 14
7 30 136 14
7 30 137 10
7 31 136 14
6 31 137 14
6 32 137 10
5 31 137 14
4 31 138 14
5 31 139 14
4 30 139 14
3 29 139 14
2 29 138 14
3 29 137 14
3 28 138 14
4 29 138 14
5 29 138 10
5 30 139 14
5 30 140 10
6 30 139 14
6 30 140 10
6 31 139 14
6 32 138 14
5 32 137 14
5 32 136 10
6 32 135 14
6 33 134 14
6 34 134 10
6 34 135 10
5 34 135 10
5 33 134 14
5 34 133 14
4 34 134 14
4 34 133 10
3 34 134 14
2 34 135 14
1 33 135 14
1 34 135 10
1 35 135 10
1 34 134 14
1 34 133 10
0 33 133 14
0 32 132 14
0 33 132 10
0 34 132 10
0 35 131 14
1 34 131 14
1 33 132 14
2 33 132 10
3 33 131 14
3 34 131 10
2 34 131 10
2 33 130 14
2 34 130 10
1 33 130 14
0 34 130 14
0 33 129 14
0 32 129 10
0 31 128 14
1 31 128 10
2 31 129 14
2 31 128 10
1 30 128 14
1 29 127 14
1 30 126 14
1 29 126 10
0 29 125 14
0 30 124 14
1 30 124 10
2 30 123 14
2 29 122 14
3 29 121 14
2 29 120 14
2 28 120 10
2 29 119 14
1 29 118 14
1 28 118 10
2 27 118 14
1 27 119 14
0 27 118 14
1 27 118 10
1 27 117 10
1 26 117 10
1 27 116 14
1 26 116 10
1 25 115 14
2 25 114 14
2 26 114 10
2 26 113 10
1 27 113 14
0 28 113 14
0 29 113 10
0 29 114 10
1 29 113 14
1 30 112 14
0 30 112 10
1 30 111 14
0 31 111 14
0 32 112 14
0 32 111 10
0 33 112 14
0 33 113 10
0 32 114 14
1 32 114 10
2 33 114 14
2 33 113 10
3 33 112 14
3 33 113 10
3 32 114 14
3 32 113 10
2 32 113 10
3 32 112 14
2 32 111 14
1 31 111 14
1 32 112 14
1 31 113 14
1 32 113 10
1 31 114 14
1 32 115 14
1 31 116 14
1 32 116 10
2 33 116 14
1 34 116 14
1 35 115 14
1 36 116 14
0 37 116 14
0 38 117 14
0 39 117 10
0 39 118 10
0 39 119 10
1 39 120 14
0 40 120 14
0 41 120 10
1 41 120 10
0 41 119 14
1 40 119 14
1 40 118 10
2 39 118 14
3 40 118 14
2 40 119 14
3 40 120 14
3 41 119 14
3 42 120 14
4 41 120 14
4 42 121 14
4 42 120 10
3 43 120 14
3 43 121 10
4 43 121 10
5 43 120 14
4 43 120 10
5 42 120 14
5 43 121 14
5 43 122 10
4 43 123 14
3 43 123 10
3 44 124 14
3 45 125 14
3 46 125 10
4 46 125 10
4 47 124 14
4 47 123 10
4 48 122 14
5 49 122 14
6 50 122 14
6 51 121 14
7 51 122 14
7 50 121 14
6 50 121 10
7 50 122 14
6 49 122 14
5 49 121 14
5 48 120 14
5 49 119 14
6 49 120 14
7 49 121 14
7 50 120 14
8 50 119 14
8 51 118 14
9 51 119 14
8 51 119 10
7 51 119 10
6 51 118 14
7 52 118 14
7 53 119 14
7 54 120 14
7 54 119 10
6 54 118 14
7 53 118 14
6 53 119 14
6 53 118 10
7 54 118 14
6 55 118 14
5 55 119 14
4 55 120 14
4 56 121 14
5 57 121 14
4 57 121 10
5 57 122 14
4 56 122 14
3 56 121 14
2 56 122 14
3 57 122 14
2 58 122 14
3 58 123 14
4 59 123 14
4 60 122 14
3 61 122 14
4 62 122 14
4 61 123 14
4 60 124 14
4 61 124 10
4 61 125 10
5 61 126 14
4 61 126 10
4 60 126 10
3 60 127 14
2 60 127 10
1 61 127 14
0 61 126 14
1 60 126 14
2 59 126 14
3 59 125 14
2 60 125 14
2 61 126 14
2 61 127 10
1 61 126 14
0 61 125 14
0 62 124 14
0 62 125 10
0 61 124 14
0 61 123 10
0 60 124 14
1 61 124 14
1 62 124 10
2 62 123 14
2 63 124 14
3 63 124 10
4 63 124 10
4 63 125 10
5 63 125 10
5 64 126 14
6 64 126 10
5 65 126 14
6 65 125 14
7 65 125 10
7 66 124 14
8 67 124 14
9 66 124 14
9 67 123 14
9 68 124 14
10 68 124 10
9 68 125 14
8 67 125 14
8 66 125 10
8 67 126 14
7 67 125 14
7 68 126 14
8 68 127 14
9 68 128 14
9 67 128 10
8 67 127 14
7 67 127 10
6 66 127 14
6 66 128 10
6 65 128 10
5 65 127 14
5 64 128 14
6 64 129 14
6 64 130 10
7 63 130 14
7 63 131 10
7 64 132 14
8 64 132 10
8 63 133 14
8 62 134 14
7 62 133 14
6 61 133 14
7 60 133 14
8 60 134 14
7 60 135 14
8 60 135 10
8 59 134 14
8 59 135 10
7 59 136 14
7 60 137 14
8 61 137 14
8 61 136 10
9 61 135 14
9 61 136 10
9 62 135 14
10 62 136 14
9 63 136 14
9 64 136 10
8 64 135 14
9 64 134 14
10 64 133 14
10 65 133 10
9 64 133 14
9 65 133 10
8 64 133 14
9 64 132 14
8 65 132 14
9 66 132 14
8 66 132 10
8 65 131 14
9 66 131 14
8 67 131 14
9 67 130 14
9 68 130 10
9 68 129 10
9 69 130 14
8 70 130 14
8 69 131 14
8 70 131 10
7 71 131 14
6 72 131 14
5 73 131 14
5 74 132 14
4 74 133 14
3 74 134 14
3 74 135 10
3 75 135 10
4 75 136 14
3 74 136 14
3 75 136 10
2 75 136 10
1 75 137 14
1 76 138 14
1 76 139 10
1 76 140 10
1 77 140 10
2 77 140 10
2 78 141 14
1 77 141 14
1 77 142 10
2 77 142 10
3 76 142 14
2 76 143 14
2 75 142 14
2 74 141 14
2 73 142 14
1 72 142 14
1 73 143 14
0 72 143 14
0 73 142 14
0 72 142 10
0 73 143 14
1 72 143 14
1 71 144 14
0 71 144 10
0 71 145 10
0 72 145 10
0 73 144 14
0 72 144 10
0 73 145 14
0 72 146 14
1 73 146 14
1 72 146 10
2 72 147 14
2 73 147 10
3 73 147 10
3 72 148 14
2 72 148 10
1 72 148 10
1 71 147 14
1 71 148 10
1 71 149 10
0 72 149 14
1 72 149 10
1 72 150 10
0 73 150 14
1 73 151 14
0 72 151 14
0 73 151 10
1 73 150 14
1 74 151 14
1 75 151 10
1 76 152 14
1 76 153 10
1 75 153 10
1 74 152 14
2 74 153 14
2 75 153 10
3 75 152 14
2 74 152 14
2 75 152 10
2 76 153 14
1 77 153 14
1 78 153 10
0 77 153 14
0 77 152 10
0 76 151 14
0 76 150 10
0 77 150 10
0 78 149 14
1 78 148 14
1 79 148 10
1 78 149 14
0 77 149 14
0 77 148 10
0 76 147 14
0 77 146 14
1 77 145 14
1 76 145 10
0 76 144 14
1 77 144 14
0 77 145 14
0 78 145 10
1 79 145 14
1 78 144 14
2 78 143 14
3 77 143 14
4 77 143 10
5 78 143 14
6 78 144 14
6 77 144 10
6 77 143 10
6 78 142 14
6 79 141 14
7 79 142 14
7 79 143 10
8 79 144 14
7 80 144 14
7 81 145 14
7 80 145 10
7 81 146 14
8 81 146 10
7 81 147 14
8 81 148 14
7 81 149 14
7 80 150 14
7 80 149 10
7 81 148 14
6 82 148 14
5 82 148 10
4 82 149 14
4 83 150 14
5 83 149 14
6 83 148 14
7 83 147 14
8 82 147 14
9 83 147 14
10 83 147 10
11 83 146 14
11 83 145 10
11 82 146 14
11 81 146 10
11 80 145 14
12 80 145 10
13 80 146 14
13 81 147 14
13 82 148 14
13 83 148 10
12 82 148 14
11 82 149 14
11 81 150 14
10 81 150 10
11 81 149 14
10 82 149 14
9 82 150 14
9 81 151 14
10 82 151 14
10 81 152 14
9 81 152 10
9 82 153 14
8 82 152 14
9 82 152 10
10 83 152 14
10 84 151 14
10 85 150 14
9 84 150 14
8 84 149 14
8 85 148 14
7 85 147 14
6 85 146 14
7 85 146 10
7 84 145 14
8 84 145 10
8 84 146 10
9 84 145 14
10 84 146 14
10 85 145 14
10 86 146 14
10 85 147 14
9 86 147 14
8 87 147 14
9 88 147 14
9 87 146 14
8 87 145 14
7 87 144 14
7 87 143 10
8 87 143 10
8 86 143 10
7 86 144 14
6 86 143 14
6 86 144 10
6 85 145 14
5 85 145 10
5 84 146 14
6 84 146 10
6 84 147 10
6 83 147 10
6 82 147 10
7 82 146 14
7 82 145 10
6 81 145 14
6 81 146 10
5 81 145 14
5 82 144 14
6 82 145 14
6 83 146 14
5 83 147 14
5 82 147 10
4 81 147 14
4 81 148 10
4 82 147 14
3 82 146 14
2 81 146 14
2 82 145 14
2 82 146 10
1 82 145 14
0 82 146 14
0 83 145 14
0 84 144 14
0 83 144 10
0 84 143 14
1 85 143 14
2 85 143 10
1 86 143 14
0 85 143 14
1 84 143 14
1 83 143 10
1 82 142 14
1 83 142 10
1 83 141 10
2 84 141 14
2 85 140 14
2 85 139 10
1 85 138 14
0 85 137 14
1 86 137 14
0 86 138 14
0 87 137 14
0 88 138 14
1 88 137 14
1 87 138 14
1 86 139 14
1 86 140 10
0 86 141 14
0 87 141 10
1 87 140 14
1 87 139 10
2 87 138 14
3 87 139 14
4 88 139 14
5 88 140 14
4 87 140 14
3 88 140 14
3 87 141 14
4 87 141 10
3 88 141 14
2 88 142 14
2 89 143 14
2 88 144 14
1 88 145 14
1 89 146 14
0 90 146 14
0 89 147 14
0 90 147 10
1 90 147 10
2 89 147 14
2 90 148 14
2 90 149 10
1 90 150 14
1 89 151 14
0 89 151 10
0 88 151 10
1 88 152 14
1 88 153 10
1 87 152 14
2 87 153 14
3 87 153 10
3 87 154 10
4 86 154 14
5 85 154 14
6 85 155 14
7 85 155 10
8 84 155 14
7 83 155 14
7 84 155 10
7 85 154 14
8 85 154 10
8 85 155 10
8 84 154 14
9 84 155 14
8 84 156 14
9 84 157 14
8 83 157 14
7 83 158 14
8 83 159 14
9 83 159 10
9 82 159 10
10 82 160 14
10 83 161 14
11 83 160 14
11 82 161 14
12 82 162 14
13 82 162 10
14 83 162 14
14 83 163 10
14 82 163 10
15 82 162 14
15 82 163 10
15 81 162 14
15 80 161 14
15 81 161 10
14 80 161 14
14 79 161 10
13 79 160 14
13 78 161 14
14 77 161 14
14 76 162 14
14 76 163 10
14 76 164 10
14 77 165 14
15 77 166 14
16 77 165 14
17 77 164 14
18 77 164 10
18 76 164 10
17 76 163 14
17 75 164 14
17 75 165 10
17 76 166 14
17 77 167 14
16 78 167 14
16 78 166 10
17 77 166 14
17 78 166 10
18 78 167 14
18 77 168 14
19 77 169 14
20 77 170 14
20 78 171 14
20 77 172 14
19 78 172 14
19 79 172 10
20 79 171 14
20 79 172 10
19 79 171 14
18 80 171 14
18 79 171 10
19 78 171 14
19 77 172 14
19 77 171 10
18 76 171 14
18 76 170 10
18 77 170 10
17 77 169 14
17 76 169 10
18 77 169 14
19 77 168 14
19 78 169 14
19 79 168 14
20 80 168 14
20 80 167 10
21 79 167 14
21 78 167 10
21 77 168 14
20 77 168 10
21 76 168 14
22 76 167 14
23 76 166 14
22 76 165 14
23 75 165 14
22 75 165 10
22 74 164 14
22 74 163 10
23 74 163 10
23 73 162 14
23 72 162 10
23 71 161 14
24 71 162 14
24 72 163 14
23 71 163 14
24 71 163 10
25 71 162 14
26 70 162 14
26 69 161 14
25 68 161 14
25 67 160 14
25 66 159 14
25 65 158 14
26 65 158 10
26 66 157 14
26 66 156 10
26 67 155 14
25 67 156 14
26 68 156 14
27 67 156 14
28 67 156 10
27 66 156 14
28 66 156 10
28 67 155 14
28 68 156 14
29 68 157 14
29 69 157 10
28 69 157 10
28 70 157 10
28 70 158 10
28 69 159 14
28 68 159 10
29 68 158 14
28 69 158 14
29 69 158 10
28 68 158 14
27 69 158 14
27 70 158 10
27 71 158 10
27 72 159 14
26 72 159 10
25 71 159 14
26 70 159 14
25 70 158 14
26 70 158 10
26 69 159 14
26 69 160 10
26 70 160 10
26 71 161 14
26 72 161 10
26 71 162 14
26 72 162 10
26 71 163 14
27 72 163 14
28 72 162 14
28 73 161 14
27 73 161 10
27 74 161 10
26 74 162 14
26 75 161 14
26 75 160 10
25 74 160 14
24 74 161 14
24 74 162 10
25 74 161 14
25 73 162 14
25 72 163 14
25 71 163 10
26 70 163 14
26 69 162 14
26 70 161 14
25 70 161 10
25 69 162 14
26 69 163 14
25 68 163 14
24 68 164 14
23 68 164 10
23 69 164 10
22 70 164 14
21 71 164 14
21 72 165 14
22 72 164 14
22 71 163 14
23 70 163 14
22 70 162 14
21 69 162 14
21 68 163 14
22 68 164 14
21 68 165 14
22 68 166 14
22 69 165 14
21 70 165 14
21 71 165 10
21 72 166 14
21 71 166 10
20 72 166 14
20 72 167 10
19 72 168 14
18 71 168 14
18 72 168 10
17 72 168 10
16 72 168 10
15 73 168 14
15 73 167 10
15 74 167 10
16 73 167 14
16 73 166 10
15 73 166 10
14 73 167 14
13 72 167 14
14 72 168 14
15 72 169 14
16 72 169 10
16 73 168 14
16 73 169 10
17 72 169 14
16 71 169 14
15 71 170 14
15 71 169 10
15 70 168 14
15 69 168 10
16 69 168 10
17 70 168 14
17 71 168 10
17 71 167 10
18 71 166 14
18 72 166 10
17 72 167 14
18 71 167 14
19 70 167 14
20 69 167 14
20 70 166 14
20 69 165 14
19 70 165 14
19 71 165 10
18 70 165 14
19 70 164 14
20 71 164 14
20 71 165 10
20 72 164 14
21 72 163 14
20 72 162 14
20 71 163 14
19 71 164 14
19 71 163 10
20 72 163 14
20 73 163 10
20 73 164 10
19 74 164 14
20 74 163 14
21 74 162 14
21 75 163 14
20 76 163 14
19 77 163 14
19 76 164 14
19 77 165 14
20 77 166 14
19 77 166 10
18 76 166 14
18 77 165 14
19 76 165 14
19 77 164 14
19 76 163 14
18 76 162 14
17 75 162 14
16 74 162 14
17 74 163 14
18 74 164 14
18 74 163 10
18 73 164 14
17 73 165 14
17 72 164 14
18 72 164 10
19 72 165 14
19 73 164 14
19 72 164 10
20 72 165 14
20 73 166 14
20 73 167 10
20 74 167 10
20 74 168 10
21 74 169 14
22 74 168 14
23 73 168 14
23 74 169 14
23 75 169 10
23 74 168 14
24 74 168 10
25 74 169 14
26 74 168 14
25 74 168 10
24 74 169 14
24 74 170 10
25 73 170 14
25 72 170 10
25 72 171 10
26 73 171 14
26 73 170 10
26 73 169 10
26 74 170 14
27 74 169 14
27 73 169 10
28 74 169 14
27 74 168 14
26 75 168 14
27 75 169 14
26 75 170 14
26 76 171 14
26 76 172 10
26 75 172 10
26 75 173 10
27 75 174 14
27 76 175 14
26 76 176 14
25 76 175 14
26 76 175 10
27 77 175 14
28 76 175 14
28 76 176 10
27 76 176 10
28 75 176 14
28 74 177 14
28 74 178 10
28 73 179 14
27 73 180 14
27 73 181 10
27 72 182 14
26 71 182 14
27 71 183 14
28 72 183 14
29 73 183 14
29 73 184 10
30 73 183 14
30 72 183 10
30 72 182 10
30 73 181 14
31 72 181 14
31 72 182 10
31 73 183 14
31 74 183 10
31 73 184 14
30 73 185 14
30 72 185 10
30 73 186 14
30 72 187 14
30 73 187 10
30 72 188 14
29 72 187 14
29 72 188 10
28 73 188 14
28 72 188 10
28 73 189 14
29 73 189 10
30 74 189 14
31 75 189 14
30 75 188 14
30 76 187 14
31 77 187 14
32 77 187 10
32 78 188 14
31 78 188 10
31 78 187 10
30 78 186 14
30 77 185 14
29 77 186 14
28 78 186 14
29 78 186 10
28 77 186 14
27 77 185 14
27 77 184 10
28 78 184 14
28 77 183 14
27 77 183 10
27 77 182 10
26 78 182 14
27 78 183 14
26 78 183 10
25 78 182 14
24 78 183 14
24 77 182 14
24 76 183 14
23 76 183 10
23 77 184 14
23 76 184 10
22 76 184 10
22 76 185 10
23 77 185 14
23 77 186 10
22 76 186 14
21 77 186 14
21 78 185 14
21 77 185 10
20 77 185 10
19 78 185 14
19 79 185 10
19 79 186 10
20 79 187 14
19 79 188 14
20 79 189 14
19 79 189 10
18 78 189 14
18 77 189 10
18 76 188 14
18 75 187 14
18 76 187 10
19 75 187 14
18 75 186 14
18 76 186 10
19 75 186 14
20 75 187 14
19 74 187 14
19 75 188 14
18 75 188 10
18 74 189 14
18 73 190 14
19 72 190 14
18 71 190 14
17 71 191 14
17 72 191 10
17 73 190 14
17 72 190 10
17 72 189 10
18 73 189 14
19 74 189 14
19 74 190 10
19 75 189 14
20 75 190 14
21 75 191 14
21 76 192 14
21 77 192 10
22 76 192 14
22 77 191 14
22 78 191 10
21 78 192 14
21 79 191 14
22 80 191 14
22 79 190 14
23 79 191 14
23 79 190 10
24 79 189 14
25 78 189 14
25 77 190 14
25 78 191 14
24 78 190 14
24 78 191 10
24 77 190 14
24 77 189 10
24 78 188 14
24 77 187 14
25 77 187 10
25 77 188 10
26 78 188 14
27 79 188 14
26 79 187 14
26 80 187 10
27 79 187 14
27 80 186 14
26 80 185 14
25 80 184 14
26 81 184 14
27 80 184 14
26 80 184 10
26 79 185 14
26 80 186 14
25 80 186 10
25 80 185 10
24 80 186 14
24 80 185 10
24 81 186 14
23 81 186 10
22 82 186 14
22 81 186 10
22 82 185 14
22 82 184 10
23 83 184 14
23 84 184 10
22 83 184 14
21 83 183 14
20 83 182 14
20 84 181 14
20 85 182 14
21 84 182 14
21 85 181 14
21 84 181 10
22 84 181 10
21 83 181 14
21 82 180 14
20 82 180 10
19 83 180 14
20 83 179 14
19 83 179 10
19 84 179 10
19 85 178 14
20 85 177 14
21 86 177 14
21 85 178 14
21 84 177 14
21 83 176 14
21 82 177 14
20 81 177 14
19 81 177 10
19 82 176 14
18 82 176 10
18 82 177 10
17 81 177 14
18 80 177 14
18 81 176 14
19 80 176 14
19 79 175 14
19 78 175 10
20 78 176 14
19 78 176 10
20 78 177 14
19 78 178 14
19 77 178 10
19 76 177 14
20 76 176 14
21 77 176 14
22 77 175 14
22 77 176 10
22 76 176 10
22 75 177 14
21 74 177 14
21 74 176 10
22 73 176 14
21 73 177 14
21 72 176 14
22 72 175 14
23 72 176 14
24 71 176 14
23 71 177 14
22 70 177 14
21 70 177 10
22 70 178 14
23 69 178 14
24 69 179 14
24 70 178 14
24 69 177 14
23 68 177 14
24 67 177 14
25 66 177 14
25 65 177 10
26 65 176 14
25 66 176 14
26 67 176 14
25 67 176 10
26 67 177 14
27 67 176 14
27 68 177 14
26 68 177 10
25 67 177 14
25 68 178 14
25 69 178 10
26 69 179 14
26 70 178 14
26 71 178 10
26 70 179 14
27 70 178 14
27 69 178 10
26 69 178 10
27 69 179 14
28 69 180 14
28 69 179 10
28 68 178 14
29 68 178 10
28 68 179 14
28 67 179 10
28 67 180 10
27 67 180 10
28 68 180 14
27 68 180 10
27 67 181 14
28 67 182 14
28 67 183 10
29 67 183 10
28 67 184 14
28 66 184 10
28 65 185 14
27 64 185 14
27 63 186 14
27 64 186 10
27 65 187 14
28 65 186 14
27 66 186 14
27 67 185 14
28 66 185 14
28 67 185 10
27 67 184 14
27 66 183 14
27 66 182 10
27 67 182 10
26 67 181 14
26 66 180 14
25 66 181 14
25 66 180 10
24 66 181 14
23 67 181 14
24 67 180 14
25 68 180 14
25 69 180 10
25 70 181 14
25 69 181 10
25 70 180 14
26 71 180 14
26 70 180 10
25 71 180 14
25 70 179 14
24 70 180 14
24 69 180 10
24 70 179 14
24 71 180 14
24 72 181 14
25 72 181 10
26 73 181 14
25 73 180 14
25 74 181 14
25 75 181 10
25 74 182 14
25 75 183 14
26 75 182 14
26 74 182 10
26 74 181 10
26 73 182 14
26 73 183 10
25 74 183 14
24 75 183 14
23 74 183 14
23 74 184 10
22 74 185 14
22 75 185 10
21 75 185 10
21 75 184 10
20 74 184 14
21 73 184 14
20 73 183 14
21 73 182 14
21 72 181 14
21 71 181 10
21 70 182 14
20 70 182 10
21 70 181 14
21 71 180 14
21 70 179 14
20 70 180 14
19 69 180 14
18 68 180 14
18 67 180 10
18 67 181 10
19 67 180 14
19 66 179 14
20 67 179 14
21 68 179 14
21 67 178 14
21 67 177 10
22 68 177 14
22 69 176 14
21 69 177 14
22 69 177 10
21 69 176 14
21 68 177 14
21 68 176 10
20 69 176 14
20 70 175 14
20 71 174 14
19 72 174 14
18 72 173 14
18 71 174 14
18 72 174 10
18 71 175 14
19 70 175 14
19 71 176 14
20 71 175 14
20 70 174 14
21 70 173 14
22 70 172 14
22 71 171 14
23 71 170 14
22 70 170 14
21 70 169 14
21 71 169 10
20 71 169 10
19 71 168 14
19 70 169 14
19 70 170 10
20 70 169 14
20 69 168 14
21 70 168 14
21 69 169 14
22 70 169 14
23 71 169 14
24 70 169 14
23 69 169 14
23 70 169 10
23 69 168 14
24 69 169 14
24 68 170 14
23 69 170 14
23 68 169 14
22 67 169 14
22 67 170 10
21 66 170 14
20 66 170 10
19 66 169 14
20 66 168 14
21 67 168 14
22 66 168 14
22 66 167 10
23 66 166 14
22 65 166 14
23 65 167 14
23 64 166 14
23 63 165 14
22 64 165 14
21 64 166 14
20 64 167 14
21 64 167 10
22 64 167 10
22 65 167 10
22 64 168 14
23 65 168 14
22 65 168 10
21 65 167 14
20 65 167 10
20 65 166 10
21 66 166 14
21 67 166 10
22 67 166 10
21 67 167 14
21 66 167 10
21 66 168 10
21 65 169 14
22 64 169 14
21 63 169 14
20 64 169 14
20 63 169 10
20 63 170 10
21 63 170 10
21 64 170 10
22 65 170 14
22 65 171 10
22 66 170 14
22 66 171 10
23 66 172 14
23 66 171 10
23 65 170 14
23 65 169 10
23 64 168 14
24 64 169 14
23 64 170 14
23 63 169 14
22 62 169 14
22 61 169 10
22 60 169 10
22 61 170 14
22 60 170 10
21 59 170 14
21 59 169 10
21 60 168 14
22 60 167 14
23 60 166 14
23 61 165 14